Component: ARM Compiler 5.06 update 6 (build 750) Tool: armlink [4d35ed]

==============================================================================

Section Cross References

    startup_stm32h723xx.o(RESET) refers to startup_stm32h723xx.o(STACK) for __initial_sp
    startup_stm32h723xx.o(RESET) refers to startup_stm32h723xx.o(.text) for Reset_Handler
    startup_stm32h723xx.o(RESET) refers to stm32h7xx_it.o(i.NMI_Handler) for NMI_Handler
    startup_stm32h723xx.o(RESET) refers to stm32h7xx_it.o(i.HardFault_Handler) for HardFault_Handler
    startup_stm32h723xx.o(RESET) refers to stm32h7xx_it.o(i.MemManage_Handler) for MemManage_Handler
    startup_stm32h723xx.o(RESET) refers to stm32h7xx_it.o(i.BusFault_Handler) for BusFault_Handler
    startup_stm32h723xx.o(RESET) refers to stm32h7xx_it.o(i.UsageFault_Handler) for UsageFault_Handler
    startup_stm32h723xx.o(RESET) refers to port.o(.emb_text) for SVC_Handler
    startup_stm32h723xx.o(RESET) refers to stm32h7xx_it.o(i.DebugMon_Handler) for DebugMon_Handler
    startup_stm32h723xx.o(RESET) refers to cmsis_os2.o(i.SysTick_Handler) for SysTick_Handler
    startup_stm32h723xx.o(RESET) refers to stm32h7xx_it.o(i.USART1_IRQHandler) for USART1_IRQHandler
    startup_stm32h723xx.o(RESET) refers to stm32h7xx_it.o(i.USART2_IRQHandler) for USART2_IRQHandler
    startup_stm32h723xx.o(RESET) refers to stm32h7xx_it.o(i.USART3_IRQHandler) for USART3_IRQHandler
    startup_stm32h723xx.o(RESET) refers to stm32h7xx_it.o(i.TIM6_DAC_IRQHandler) for TIM6_DAC_IRQHandler
    startup_stm32h723xx.o(RESET) refers to stm32h7xx_it.o(i.DMA2_Stream4_IRQHandler) for DMA2_Stream4_IRQHandler
    startup_stm32h723xx.o(.text) refers to system_stm32h7xx.o(i.SystemInit) for SystemInit
    startup_stm32h723xx.o(.text) refers to entry.o(.ARM.Collect$$$$00000000) for __main
    main.o(i.HAL_TIM_PeriodElapsedCallback) refers to stm32h7xx_hal.o(i.HAL_IncTick) for HAL_IncTick
    main.o(i.MPU_Config) refers to stm32h7xx_hal_cortex.o(i.HAL_MPU_Disable) for HAL_MPU_Disable
    main.o(i.MPU_Config) refers to stm32h7xx_hal_cortex.o(i.HAL_MPU_ConfigRegion) for HAL_MPU_ConfigRegion
    main.o(i.MPU_Config) refers to stm32h7xx_hal_cortex.o(i.HAL_MPU_Enable) for HAL_MPU_Enable
    main.o(i.SystemClock_Config) refers to memseta.o(.text) for __aeabi_memclr4
    main.o(i.SystemClock_Config) refers to stm32h7xx_hal_pwr_ex.o(i.HAL_PWREx_ConfigSupply) for HAL_PWREx_ConfigSupply
    main.o(i.SystemClock_Config) refers to stm32h7xx_hal_rcc.o(i.HAL_RCC_OscConfig) for HAL_RCC_OscConfig
    main.o(i.SystemClock_Config) refers to main.o(i.Error_Handler) for Error_Handler
    main.o(i.SystemClock_Config) refers to stm32h7xx_hal_rcc.o(i.HAL_RCC_ClockConfig) for HAL_RCC_ClockConfig
    main.o(i.main) refers to main.o(i.MPU_Config) for MPU_Config
    main.o(i.main) refers to stm32h7xx_hal.o(i.HAL_Init) for HAL_Init
    main.o(i.main) refers to main.o(i.SystemClock_Config) for SystemClock_Config
    main.o(i.main) refers to gpio.o(i.MX_GPIO_Init) for MX_GPIO_Init
    main.o(i.main) refers to dma.o(i.MX_DMA_Init) for MX_DMA_Init
    main.o(i.main) refers to spi.o(i.MX_SPI6_Init) for MX_SPI6_Init
    main.o(i.main) refers to tim.o(i.MX_TIM12_Init) for MX_TIM12_Init
    main.o(i.main) refers to usart.o(i.MX_USART3_UART_Init) for MX_USART3_UART_Init
    main.o(i.main) refers to usart.o(i.MX_USART2_UART_Init) for MX_USART2_UART_Init
    main.o(i.main) refers to usart.o(i.MX_USART1_UART_Init) for MX_USART1_UART_Init
    main.o(i.main) refers to cmsis_os2.o(i.osKernelInitialize) for osKernelInitialize
    main.o(i.main) refers to freertos.o(i.MX_FREERTOS_Init) for MX_FREERTOS_Init
    main.o(i.main) refers to cmsis_os2.o(i.osKernelStart) for osKernelStart
    gpio.o(i.MX_GPIO_Init) refers to memseta.o(.text) for __aeabi_memclr4
    gpio.o(i.MX_GPIO_Init) refers to stm32h7xx_hal_gpio.o(i.HAL_GPIO_WritePin) for HAL_GPIO_WritePin
    gpio.o(i.MX_GPIO_Init) refers to stm32h7xx_hal_gpio.o(i.HAL_GPIO_Init) for HAL_GPIO_Init
    freertos.o(i.MX_FREERTOS_Init) refers to cmsis_os2.o(i.osThreadNew) for osThreadNew
    freertos.o(i.MX_FREERTOS_Init) refers to freertos.o(.constdata) for defaultTask_attributes
    freertos.o(i.MX_FREERTOS_Init) refers to freertos.o(i.StartDefaultTask) for StartDefaultTask
    freertos.o(i.MX_FREERTOS_Init) refers to freertos.o(.data) for defaultTaskHandle
    freertos.o(i.MX_FREERTOS_Init) refers to freertos.o(i.supervisionTask) for supervisionTask
    freertos.o(i.MX_FREERTOS_Init) refers to freertos.o(i.motorTransTask) for motorTransTask
    freertos.o(i.StartDefaultTask) refers to stm32h7xx_hal_gpio.o(i.HAL_GPIO_ReadPin) for HAL_GPIO_ReadPin
    freertos.o(i.StartDefaultTask) refers to cmsis_os2.o(i.osDelay) for osDelay
    freertos.o(i.StartDefaultTask) refers to driver_beep.o(.data) for driverBeepConifg
    freertos.o(i.motorTransTask) refers to driver_motor.o(i.motorSendTest) for motorSendTest
    freertos.o(i.motorTransTask) refers to motor.o(i.motorUpdataTask) for motorUpdataTask
[...]
    i.vListInsertEnd                         0x08009278   Section        0  list.o(i.vListInsertEnd)
    i.vPortEnterCritical                     0x08009290   Section        0  port.o(i.vPortEnterCritical)
    i.vPortExitCritical                      0x080092e4   Section        0  port.o(i.vPortExitCritical)
    i.vPortFree                              0x08009320   Section        0  heap_4.o(i.vPortFree)
    i.vPortSetupTimerInterrupt               0x080093c4   Section        0  port.o(i.vPortSetupTimerInterrupt)
    i.vPortValidateInterruptPriority         0x080093ec   Section        0  port.o(i.vPortValidateInterruptPriority)
    i.vQueueAddToRegistry                    0x08009464   Section        0  queue.o(i.vQueueAddToRegistry)
    i.vQueueWaitForMessageRestricted         0x08009490   Section        0  queue.o(i.vQueueWaitForMessageRestricted)
    i.vTaskDelay                             0x080094dc   Section        0  tasks.o(i.vTaskDelay)
    i.vTaskInternalSetTimeOutState           0x08009538   Section        0  tasks.o(i.vTaskInternalSetTimeOutState)
    i.vTaskMissedYield                       0x08009550   Section        0  tasks.o(i.vTaskMissedYield)
    i.vTaskPlaceOnEventList                  0x0800955c   Section        0  tasks.o(i.vTaskPlaceOnEventList)
    i.vTaskPlaceOnEventListRestricted        0x08009594   Section        0  tasks.o(i.vTaskPlaceOnEventListRestricted)
    i.vTaskStartScheduler                    0x080095d4   Section        0  tasks.o(i.vTaskStartScheduler)
    i.vTaskSuspendAll                        0x0800968c   Section        0  tasks.o(i.vTaskSuspendAll)
    i.vTaskSwitchContext                     0x0800969c   Section        0  tasks.o(i.vTaskSwitchContext)
    i.ws2812Init                             0x0800972c   Section        0  driver_ws2812.o(i.ws2812Init)
    i.ws2812SetColor                         0x08009744   Section        0  driver_ws2812.o(i.ws2812SetColor)
    i.ws2812Updata                           0x080097a4   Section        0  driver_ws2812.o(i.ws2812Updata)
    i.xPortStartScheduler                    0x08009858   Section        0  port.o(i.xPortStartScheduler)
    i.xPortSysTickHandler                    0x080099c0   Section        0  port.o(i.xPortSysTickHandler)
    i.xQueueGenericCreateStatic              0x080099f4   Section        0  queue.o(i.xQueueGenericCreateStatic)
    i.xQueueGenericReset                     0x08009ad4   Section        0  queue.o(i.xQueueGenericReset)
    i.xQueueGenericSend                      0x08009b6c   Section        0  queue.o(i.xQueueGenericSend)
    i.xQueueGenericSendFromISR               0x08009d14   Section        0  queue.o(i.xQueueGenericSendFromISR)
    i.xQueueReceive                          0x08009e10   Section        0  queue.o(i.xQueueReceive)
    i.xTaskCheckForTimeOut                   0x08009f78   Section        0  tasks.o(i.xTaskCheckForTimeOut)
    i.xTaskCreate                            0x0800a004   Section        0  tasks.o(i.xTaskCreate)
    i.xTaskCreateStatic                      0x0800a068   Section        0  tasks.o(i.xTaskCreateStatic)
    i.xTaskGetSchedulerState                 0x0800a124   Section        0  tasks.o(i.xTaskGetSchedulerState)
    i.xTaskGetTickCount                      0x0800a144   Section        0  tasks.o(i.xTaskGetTickCount)
    i.xTaskIncrementTick                     0x0800a150   Section        0  tasks.o(i.xTaskIncrementTick)
    i.xTaskPriorityDisinherit                0x0800a294   Section        0  tasks.o(i.xTaskPriorityDisinherit)
    i.xTaskRemoveFromEventList               0x0800a338   Section        0  tasks.o(i.xTaskRemoveFromEventList)
    i.xTaskResumeAll                         0x0800a3d0   Section        0  tasks.o(i.xTaskResumeAll)
    i.xTimerCreateTimerTask                  0x0800a4d4   Section        0  timers.o(i.xTimerCreateTimerTask)
    i.xTimerGenericCommand                   0x0800a54c   Section        0  timers.o(i.xTimerGenericCommand)
    .constdata                               0x0800a5d0   Section      108  freertos.o(.constdata)
    .constdata                               0x0800a63c   Section        8  stm32h7xx_hal_dma.o(.constdata)
    flagBitshiftOffset                       0x0800a63c   Data           8  stm32h7xx_hal_dma.o(.constdata)
    .constdata                               0x0800a644   Section       24  stm32h7xx_hal_uart.o(.constdata)
    .constdata                               0x0800a65c   Section       16  stm32h7xx_hal_uart_ex.o(.constdata)
    numerator                                0x0800a65c   Data           8  stm32h7xx_hal_uart_ex.o(.constdata)
    denominator                              0x0800a664   Data           8  stm32h7xx_hal_uart_ex.o(.constdata)
    .constdata                               0x0800a66c   Section       16  system_stm32h7xx.o(.constdata)
    .constdata                               0x0800a67c   Section      562  driver_beep.o(.constdata)
    .constdata                               0x0800a8ae   Section      512  driver_motor.o(.constdata)
    .conststring                             0x0800aab0   Section       44  freertos.o(.conststring)
    .bss                                     0x20000000   Section    15360  heap_4.o(.bss)
    ucHeap                                   0x20000000   Data       15360  heap_4.o(.bss)
    .data                                    0x24000000   Section       12  freertos.o(.data)
    .data                                    0x2400000c   Section        9  stm32h7xx_hal.o(.data)
    .data                                    0x24000018   Section        8  system_stm32h7xx.o(.data)
    .data                                    0x24000020   Section       60  tasks.o(.data)
    pxDelayedTaskList                        0x24000024   Data           4  tasks.o(.data)
    pxOverflowDelayedTaskList                0x24000028   Data           4  tasks.o(.data)
    uxDeletedTasksWaitingCleanUp             0x2400002c   Data           4  tasks.o(.data)
    uxCurrentNumberOfTasks                   0x24000030   Data           4  tasks.o(.data)
    xTickCount                               0x24000034   Data           4  tasks.o(.data)
    uxTopReadyPriority                       0x24000038   Data           4  tasks.o(.data)
    xSchedulerRunning                        0x2400003c   Data           4  tasks.o(.data)
    xPendedTicks                             0x24000040   Data           4  tasks.o(.data)
    xYieldPending                            0x24000044   Data           4  tasks.o(.data)
    xNumOfOverflows                          0x24000048   Data           4  tasks.o(.data)
    uxTaskNumber                             0x2400004c   Data           4  tasks.o(.data)
    xNextTaskUnblockTime                     0x24000050   Data           4  tasks.o(.data)
    xIdleTaskHandle                          0x24000054   Data           4  tasks.o(.data)
    uxSchedulerSuspended                     0x24000058   Data           4  tasks.o(.data)
    .data                                    0x2400005c   Section       20  timers.o(.data)
    pxCurrentTimerList                       0x2400005c   Data           4  timers.o(.data)
    pxOverflowTimerList                      0x24000060   Data           4  timers.o(.data)
    xTimerQueue                              0x24000064   Data           4  timers.o(.data)
    xTimerTaskHandle                         0x24000068   Data           4  timers.o(.data)
    xLastTime                                0x2400006c   Data           4  timers.o(.data)
    .data                                    0x24000070   Section        4  cmsis_os2.o(.data)
    KernelState                              0x24000070   Data           4  cmsis_os2.o(.data)
    .data                                    0x24000074   Section       32  heap_4.o(.data)
    xStart                                   0x24000074   Data           8  heap_4.o(.data)
    pxEnd                                    0x2400007c   Data           4  heap_4.o(.data)
    xFreeBytesRemaining                      0x24000080   Data           4  heap_4.o(.data)
    xMinimumEverFreeBytesRemaining           0x24000084   Data           4  heap_4.o(.data)
    xNumberOfSuccessfulAllocations           0x24000088   Data           4  heap_4.o(.data)
    xNumberOfSuccessfulFrees                 0x2400008c   Data           4  heap_4.o(.data)
    xBlockAllocatedBit                       0x24000090   Data           4  heap_4.o(.data)
    .data                                    0x24000094   Section       12  port.o(.data)
    uxCriticalNesting                        0x24000094   Data           4  port.o(.data)
    ucMaxSysCallPriority                     0x24000098   Data           1  port.o(.data)
    ulMaxPRIGROUPValue                       0x2400009c   Data           4  port.o(.data)
    .data                                    0x240000a0   Section        4  driver_ws2812.o(.data)
    .data                                    0x240000a4   Section       16  driver_beep.o(.data)
    i                                        0x240000a8   Data           4  driver_beep.o(.data)
    musicFrequentLoad                        0x240000ac   Data           4  driver_beep.o(.data)
    musicSoundtLoad                          0x240000b0   Data           4  driver_beep.o(.data)
    .data                                    0x240000b4   Section        8  driver_motor.o(.data)
    .data                                    0x240000bc   Section        4  supervision.o(.data)
    .data                                    0x240000c0   Section        4  stdout.o(.data)
    .bss                                     0x240000c4   Section      136  spi.o(.bss)
    .bss                                     0x2400014c   Section       76  tim.o(.bss)
    .bss                                     0x24000198   Section      564  usart.o(.bss)
    .bss                                     0x240003cc   Section       76  stm32h7xx_hal_timebase_tim.o(.bss)
    .bss                                     0x24000418   Section       64  queue.o(.bss)
    .bss                                     0x24000458   Section     1220  tasks.o(.bss)
    pxReadyTasksLists                        0x24000458   Data        1120  tasks.o(.bss)
    xDelayedTaskList1                        0x240008b8   Data          20  tasks.o(.bss)
    xDelayedTaskList2                        0x240008cc   Data          20  tasks.o(.bss)
    xPendingReadyList                        0x240008e0   Data          20  tasks.o(.bss)
    xTasksWaitingTermination                 0x240008f4   Data          20  tasks.o(.bss)
    xSuspendedTaskList                       0x24000908   Data          20  tasks.o(.bss)
    .bss                                     0x2400091c   Section      280  timers.o(.bss)
    xActiveTimerList1                        0x2400091c   Data          20  timers.o(.bss)
    xActiveTimerList2                        0x24000930   Data          20  timers.o(.bss)
    xStaticTimerQueue                        0x24000944   Data          80  timers.o(.bss)
    ucStaticTimerQueueStorage                0x24000994   Data         160  timers.o(.bss)
    .bss                                     0x24000a34   Section     1720  cmsis_os2.o(.bss)
    Idle_TCB                                 0x24000a34   Data          92  cmsis_os2.o(.bss)
    Idle_Stack                               0x24000a90   Data         512  cmsis_os2.o(.bss)
    Timer_TCB                                0x24000c90   Data          92  cmsis_os2.o(.bss)
    Timer_Stack                              0x24000cec   Data        1024  cmsis_os2.o(.bss)
    .bss                                     0x240010f0   Section      212  driver_motor.o(.bss)
    STACK                                    0x240011c8   Section     2048  startup_stm32h723xx.o(STACK)

    Global Symbols

    Symbol Name                              Value     Ov Type        Size  Object(Section)

    BuildAttributes$$THM_ISAv4$E$P$D$K$B$S$7EM$VFPv5_D16$PE$PLD8$A:L22UL41UL21$X:L11$S22US41US21$IEEE1$IW$USESV6$~STKCKD$USESV7$~SHL$OSPACE$ROPI$EBA8$MICROLIB$REQ8$PRES8$EABIv2 0x00000000   Number         0  anon$$obj.o ABSOLUTE
    __ARM_use_no_argv                        0x00000000   Number         0  main.o ABSOLUTE
    _printf_a                                0x00000000   Number         0  stubs.o ABSOLUTE
    _printf_c                                0x00000000   Number         0  stubs.o ABSOLUTE
    _printf_charcount                        0x00000000   Number         0  stubs.o ABSOLUTE
    _printf_d                                0x00000000   Number         0  stubs.o ABSOLUTE
    _printf_e                                0x00000000   Number         0  stubs.o ABSOLUTE
    _printf_f                                0x00000000   Number         0  stubs.o ABSOLUTE
    _printf_flags                            0x00000000   Number         0  stubs.o ABSOLUTE
    _printf_fp_dec                           0x00000000   Number         0  stubs.o ABSOLUTE
    _printf_fp_hex                           0x00000000   Number         0  stubs.o ABSOLUTE
    _printf_g                                0x00000000   Number         0  stubs.o ABSOLUTE
    _printf_i                                0x00000000   Number         0  stubs.o ABSOLUTE
    _printf_int_dec                          0x00000000   Number         0  stubs.o ABSOLUTE
    _printf_l                                0x00000000   Number         0  stubs.o ABSOLUTE
    _printf_lc                               0x00000000   Number         0  stubs.o ABSOLUTE
    _printf_ll                               0x00000000   Number         0  stubs.o ABSOLUTE
    _printf_lld                              0x00000000   Number         0  stubs.o ABSOLUTE
    _printf_lli                              0x00000000   Number         0  stubs.o ABSOLUTE
    _printf_llo                              0x00000000   Number         0  stubs.o ABSOLUTE
    _printf_llu                              0x00000000   Number         0  stubs.o ABSOLUTE
    _printf_llx                              0x00000000   Number         0  stubs.o ABSOLUTE
    _printf_longlong_dec                     0x00000000   Number         0  stubs.o ABSOLUTE
    _printf_longlong_hex                     0x00000000   Number         0  stubs.o ABSOLUTE
    _printf_longlong_oct                     0x00000000   Number         0  stubs.o ABSOLUTE
    _printf_ls                               0x00000000   Number         0  stubs.o ABSOLUTE
    _printf_mbtowc                           0x00000000   Number         0  stubs.o ABSOLUTE
    _printf_n                                0x00000000   Number         0  stubs.o ABSOLUTE
    _printf_o                                0x00000000   Number         0  stubs.o ABSOLUTE
    _printf_p                                0x00000000   Number         0  stubs.o ABSOLUTE
    _printf_percent                          0x00000000   Number         0  stubs.o ABSOLUTE
    _printf_pre_padding                      0x00000000   Number         0  stubs.o ABSOLUTE
    _printf_return_value                     0x00000000   Number         0  stubs.o ABSOLUTE
    _printf_s                                0x00000000   Number         0  stubs.o ABSOLUTE
    _printf_sizespec                         0x00000000   Number         0  stubs.o ABSOLUTE
    _printf_str                              0x00000000   Number         0  stubs.o ABSOLUTE
    _printf_truncate_signed                  0x00000000   Number         0  stubs.o ABSOLUTE
    _printf_truncate_unsigned                0x00000000   Number         0  stubs.o ABSOLUTE
    _printf_u                                0x00000000   Number         0  stubs.o ABSOLUTE
    _printf_wc                               0x00000000   Number         0  stubs.o ABSOLUTE
    _printf_wctomb                           0x00000000   Number         0  stubs.o ABSOLUTE
    _printf_widthprec                        0x00000000   Number         0  stubs.o ABSOLUTE
    _printf_x                                0x00000000   Number         0  stubs.o ABSOLUTE
    __cpp_initialize__aeabi_                  - Undefined Weak Reference
    __cxa_finalize                            - Undefined Weak Reference
    __decompress                              - Undefined Weak Reference
    _clock_init                               - Undefined Weak Reference
    _microlib_exit                            - Undefined Weak Reference
    __Vectors_Size                           0x000002cc   Number         0  startup_stm32h723xx.o ABSOLUTE
    __Vectors                                0x08000000   Data           4  startup_stm32h723xx.o(RESET)
    __Vectors_End                            0x080002cc   Data           0  startup_stm32h723xx.o(RESET)
    __main                                   0x080002cd   Thumb Code     0  entry.o(.ARM.Collect$$$$00000000)
    _main_stk                                0x080002cd   Thumb Code     0  entry2.o(.ARM.Collect$$$$00000001)
    _main_scatterload                        0x080002d1   Thumb Code     0  entry5.o(.ARM.Collect$$$$00000004)
    __main_after_scatterload                 0x080002d5   Thumb Code     0  entry5.o(.ARM.Collect$$$$00000004)
    _main_clock                              0x080002d5   Thumb Code     0  entry7b.o(.ARM.Collect$$$$00000008)
    _main_cpp_init                           0x080002d5   Thumb Code     0  entry8b.o(.ARM.Collect$$$$0000000A)
    _main_init                               0x080002d5   Thumb Code     0  entry9a.o(.ARM.Collect$$$$0000000B)
    __rt_final_cpp                           0x080002dd   Thumb Code     0  entry10a.o(.ARM.Collect$$$$0000000D)
    __rt_final_exit                          0x080002dd   Thumb Code     0  entry11a.o(.ARM.Collect$$$$0000000F)
    SVC_Handler                              0x080002e1   Thumb Code    28  port.o(.emb_text)
    __asm___6_port_c_39a90d8d__prvStartFirstTask 0x08000301   Thumb Code    36  port.o(.emb_text)
    __asm___6_port_c_39a90d8d__prvEnableVFP  0x08000329   Thumb Code    16  port.o(.emb_text)
    PendSV_Handler                           0x0800033d   Thumb Code    88  port.o(.emb_text)
    vPortGetIPSR                             0x08000399   Thumb Code     6  port.o(.emb_text)
    Reset_Handler                            0x080003a1   Thumb Code     8  startup_stm32h723xx.o(.text)
    ADC3_IRQHandler                          0x080003bb   Thumb Code     0  startup_stm32h723xx.o(.text)
    ADC_IRQHandler                           0x080003bb   Thumb Code     0  startup_stm32h723xx.o(.text)
    BDMA_Channel0_IRQHandler                 0x080003bb   Thumb Code     0  startup_stm32h723xx.o(.text)
    BDMA_Channel1_IRQHandler                 0x080003bb   Thumb Code     0  startup_stm32h723xx.o(.text)
    BDMA_Channel2_IRQHandler                 0x080003bb   Thumb Code     0  startup_stm32h723xx.o(.text)
    BDMA_Channel3_IRQHandler                 0x080003bb   Thumb Code     0  startup_stm32h723xx.o(.text)
    BDMA_Channel4_IRQHandler                 0x080003bb   Thumb Code     0  startup_stm32h723xx.o(.text)
    BDMA_Channel5_IRQHandler                 0x080003bb   Thumb Code     0  startup_stm32h723xx.o(.text)
    BDMA_Channel6_IRQHandler                 0x080003bb   Thumb Code     0  startup_stm32h723xx.o(.text)
    BDMA_Channel7_IRQHandler                 0x080003bb   Thumb Code     0  startup_stm32h723xx.o(.text)
    CEC_IRQHandler                           0x080003bb   Thumb Code     0  startup_stm32h723xx.o(.text)
    COMP1_IRQHandler                         0x080003bb   Thumb Code     0  startup_stm32h723xx.o(.text)
    CORDIC_IRQHandler                        0x080003bb   Thumb Code     0  startup_stm32h723xx.o(.text)
    CRS_IRQHandler                           0x080003bb   Thumb Code     0  startup_stm32h723xx.o(.text)
    DCMI_PSSI_IRQHandler                     0x080003bb   Thumb Code     0  startup_stm32h723xx.o(.text)
    DFSDM1_FLT0_IRQHandler                   0x080003bb   Thumb Code     0  startup_stm32h723xx.o(.text)
    DFSDM1_FLT1_IRQHandler                   0x080003bb   Thumb Code     0  startup_stm32h723xx.o(.text)
    DFSDM1_FLT2_IRQHandler                   0x080003bb   Thumb Code     0  startup_stm32h723xx.o(.text)
    DFSDM1_FLT3_IRQHandler                   0x080003bb   Thumb Code     0  startup_stm32h723xx.o(.text)
    DMA1_Stream0_IRQHandler                  0x080003bb   Thumb Code     0  startup_stm32h723xx.o(.text)
    DMA1_Stream1_IRQHandler                  0x080003bb   Thumb Code     0  startup_stm32h723xx.o(.text)
    DMA1_Stream2_IRQHandler                  0x080003bb   Thumb Code     0  startup_stm32h723xx.o(.text)
    DMA1_Stream3_IRQHandler                  0x080003bb   Thumb Code     0  startup_stm32h723xx.o(.text)
    DMA1_Stream4_IRQHandler                  0x080003bb   Thumb Code     0  startup_stm32h723xx.o(.text)
    DMA1_Stream5_IRQHandler                  0x080003bb   Thumb Code     0  startup_stm32h723xx.o(.text)
    DMA1_Stream6_IRQHandler                  0x080003bb   Thumb Code     0  startup_stm32h723xx.o(.text)
    DMA1_Stream7_IRQHandler                  0x080003bb   Thumb Code     0  startup_stm32h723xx.o(.text)
    DMA2D_IRQHandler                         0x080003bb   Thumb Code     0  startup_stm32h723xx.o(.text)
    DMA2_Stream0_IRQHandler                  0x080003bb   Thumb Code     0  startup_stm32h723xx.o(.text)
    DMA2_Stream1_IRQHandler                  0x080003bb   Thumb Code     0  startup_stm32h723xx.o(.text)
    DMA2_Stream2_IRQHandler                  0x080003bb   Thumb Code     0  startup_stm32h723xx.o(.text)
    DMA2_Stream3_IRQHandler                  0x080003bb   Thumb Code     0  startup_stm32h723xx.o(.text)
    DMA2_Stream5_IRQHandler                  0x080003bb   Thumb Code     0  startup_stm32h723xx.o(.text)
    DMA2_Stream6_IRQHandler                  0x080003bb   Thumb Code     0  startup_stm32h723xx.o(.text)
    DMA2_Stream7_IRQHandler                  0x080003bb   Thumb Code     0  startup_stm32h723xx.o(.text)
    DMAMUX1_OVR_IRQHandler                   0x080003bb   Thumb Code     0  startup_stm32h723xx.o(.text)
    DMAMUX2_OVR_IRQHandler                   0x080003bb   Thumb Code     0  startup_stm32h723xx.o(.text)
    DTS_IRQHandler                           0x080003bb   Thumb Code     0  startup_stm32h723xx.o(.text)
    ECC_IRQHandler                           0x080003bb   Thumb Code     0  startup_stm32h723xx.o(.text)
    ETH_IRQHandler                           0x080003bb   Thumb Code     0  startup_stm32h723xx.o(.text)
    ETH_WKUP_IRQHandler                      0x080003bb   Thumb Code     0  startup_stm32h723xx.o(.text)
    EXTI0_IRQHandler                         0x080003bb   Thumb Code     0  startup_stm32h723xx.o(.text)
    EXTI15_10_IRQHandler                     0x080003bb   Thumb Code     0  startup_stm32h723xx.o(.text)
    EXTI1_IRQHandler                         0x080003bb   Thumb Code     0  startup_stm32h723xx.o(.text)
    EXTI2_IRQHandler                         0x080003bb   Thumb Code     0  startup_stm32h723xx.o(.text)
    EXTI3_IRQHandler                         0x080003bb   Thumb Code     0  startup_stm32h723xx.o(.text)
    EXTI4_IRQHandler                         0x080003bb   Thumb Code     0  startup_stm32h723xx.o(.text)
    EXTI9_5_IRQHandler                       0x080003bb   Thumb Code     0  startup_stm32h723xx.o(.text)
    FDCAN1_IT0_IRQHandler                    0x080003bb   Thumb Code     0  startup_stm32h723xx.o(.text)
    FDCAN1_IT1_IRQHandler                    0x080003bb   Thumb Code     0  startup_stm32h723xx.o(.text)
    FDCAN2_IT0_IRQHandler                    0x080003bb   Thumb Code     0  startup_stm32h723xx.o(.text)
    FDCAN2_IT1_IRQHandler                    0x080003bb   Thumb Code     0  startup_stm32h723xx.o(.text)
    FDCAN3_IT0_IRQHandler                    0x080003bb   Thumb Code     0  startup_stm32h723xx.o(.text)
    FDCAN3_IT1_IRQHandler                    0x080003bb   Thumb Code     0  startup_stm32h723xx.o(.text)
    FDCAN_CAL_IRQHandler                     0x080003bb   Thumb Code     0  startup_stm32h723xx.o(.text)
    FLASH_IRQHandler                         0x080003bb   Thumb Code     0  startup_stm32h723xx.o(.text)
    FMAC_IRQHandler                          0x080003bb   Thumb Code     0  startup_stm32h723xx.o(.text)
    FMC_IRQHandler                           0x080003bb   Thumb Code     0  startup_stm32h723xx.o(.text)
    FPU_IRQHandler                           0x080003bb   Thumb Code     0  startup_stm32h723xx.o(.text)
    HSEM1_IRQHandler                         0x080003bb   Thumb Code     0  startup_stm32h723xx.o(.text)
    I2C1_ER_IRQHandler                       0x080003bb   Thumb Code     0  startup_stm32h723xx.o(.text)
    I2C1_EV_IRQHandler                       0x080003bb   Thumb Code     0  startup_stm32h723xx.o(.text)
    I2C2_ER_IRQHandler                       0x080003bb   Thumb Code     0  startup_stm32h723xx.o(.text)
    I2C2_EV_IRQHandler                       0x080003bb   Thumb Code     0  startup_stm32h723xx.o(.text)
    I2C3_ER_IRQHandler                       0x080003bb   Thumb Code     0  startup_stm32h723xx.o(.text)
    I2C3_EV_IRQHandler                       0x080003bb   Thumb Code     0  startup_stm32h723xx.o(.text)
    I2C4_ER_IRQHandler                       0x080003bb   Thumb Code     0  startup_stm32h723xx.o(.text)
    I2C4_EV_IRQHandler                       0x080003bb   Thumb Code     0  startup_stm32h723xx.o(.text)
    I2C5_ER_IRQHandler                       0x080003bb   Thumb Code     0  startup_stm32h723xx.o(.text)
    I2C5_EV_IRQHandler                       0x080003bb   Thumb Code     0  startup_stm32h723xx.o(.text)
    LPTIM1_IRQHandler                        0x080003bb   Thumb Code     0  startup_stm32h723xx.o(.text)
    LPTIM2_IRQHandler                        0x080003bb   Thumb Code     0  startup_stm32h723xx.o(.text)
    LPTIM3_IRQHandler                        0x080003bb   Thumb Code     0  startup_stm32h723xx.o(.text)
    LPTIM4_IRQHandler                        0x080003bb   Thumb Code     0  startup_stm32h723xx.o(.text)
    LPTIM5_IRQHandler                        0x080003bb   Thumb Code     0  startup_stm32h723xx.o(.text)
    LPUART1_IRQHandler                       0x080003bb   Thumb Code     0  startup_stm32h723xx.o(.text)
    LTDC_ER_IRQHandler                       0x080003bb   Thumb Code     0  startup_stm32h723xx.o(.text)
    LTDC_IRQHandler                          0x080003bb   Thumb Code     0  startup_stm32h723xx.o(.text)
    MDIOS_IRQHandler                         0x080003bb   Thumb Code     0  startup_stm32h723xx.o(.text)
    MDIOS_WKUP_IRQHandler                    0x080003bb   Thumb Code     0  startup_stm32h723xx.o(.text)
    MDMA_IRQHandler                          0x080003bb   Thumb Code     0  startup_stm32h723xx.o(.text)
    OCTOSPI1_IRQHandler                      0x080003bb   Thumb Code     0  startup_stm32h723xx.o(.text)
    OCTOSPI2_IRQHandler                      0x080003bb   Thumb Code     0  startup_stm32h723xx.o(.text)
    OTG_HS_EP1_IN_IRQHandler                 0x080003bb   Thumb Code     0  startup_stm32h723xx.o(.text)
    OTG_HS_EP1_OUT_IRQHandler                0x080003bb   Thumb Code     0  startup_stm32h723xx.o(.text)
    OTG_HS_IRQHandler                        0x080003bb   Thumb Code     0  startup_stm32h723xx.o(.text)
    OTG_HS_WKUP_IRQHandler                   0x080003bb   Thumb Code     0  startup_stm32h723xx.o(.text)
    PVD_AVD_IRQHandler                       0x080003bb   Thumb Code     0  startup_stm32h723xx.o(.text)
    RCC_IRQHandler                           0x080003bb   Thumb Code     0  startup_stm32h723xx.o(.text)
    RNG_IRQHandler                           0x080003bb   Thumb Code     0  startup_stm32h723xx.o(.text)
    RTC_Alarm_IRQHandler                     0x080003bb   Thumb Code     0  startup_stm32h723xx.o(.text)
    RTC_WKUP_IRQHandler                      0x080003bb   Thumb Code     0  startup_stm32h723xx.o(.text)
    SAI1_IRQHandler                          0x080003bb   Thumb Code     0  startup_stm32h723xx.o(.text)
    SAI4_IRQHandler                          0x080003bb   Thumb Code     0  startup_stm32h723xx.o(.text)
    SDMMC1_IRQHandler                        0x080003bb   Thumb Code     0  startup_stm32h723xx.o(.text)
    SDMMC2_IRQHandler                        0x080003bb   Thumb Code     0  startup_stm32h723xx.o(.text)
    SPDIF_RX_IRQHandler                      0x080003bb   Thumb Code     0  startup_stm32h723xx.o(.text)
    SPI1_IRQHandler                          0x080003bb   Thumb Code     0  startup_stm32h723xx.o(.text)
    SPI2_IRQHandler                          0x080003bb   Thumb Code     0  startup_stm32h723xx.o(.text)
    SPI3_IRQHandler                          0x080003bb   Thumb Code     0  startup_stm32h723xx.o(.text)
    SPI4_IRQHandler                          0x080003bb   Thumb Code     0  startup_stm32h723xx.o(.text)
    SPI5_IRQHandler                          0x080003bb   Thumb Code     0  startup_stm32h723xx.o(.text)
    SPI6_IRQHandler                          0x080003bb   Thumb Code     0  startup_stm32h723xx.o(.text)
    SWPMI1_IRQHandler                        0x080003bb   Thumb Code     0  startup_stm32h723xx.o(.text)
    TAMP_STAMP_IRQHandler                    0x080003bb   Thumb Code     0  startup_stm32h723xx.o(.text)
    TIM15_IRQHandler                         0x080003bb   Thumb Code     0  startup_stm32h723xx.o(.text)
    TIM16_IRQHandler                         0x080003bb   Thumb Code     0  startup_stm32h723xx.o(.text)
    TIM17_IRQHandler                         0x080003bb   Thumb Code     0  startup_stm32h723xx.o(.text)
    TIM1_BRK_IRQHandler                      0x080003bb   Thumb Code     0  startup_stm32h723xx.o(.text)
    TIM1_CC_IRQHandler                       0x080003bb   Thumb Code     0  startup_stm32h723xx.o(.text)
    TIM1_TRG_COM_IRQHandler                  0x080003bb   Thumb Code     0  startup_stm32h723xx.o(.text)
    TIM1_UP_IRQHandler                       0x080003bb   Thumb Code     0  startup_stm32h723xx.o(.text)
    TIM23_IRQHandler                         0x080003bb   Thumb Code     0  startup_stm32h723xx.o(.text)
    TIM24_IRQHandler                         0x080003bb   Thumb Code     0  startup_stm32h723xx.o(.text)
    TIM2_IRQHandler                          0x080003bb   Thumb Code     0  startup_stm32h723xx.o(.text)
    TIM3_IRQHandler                          0x080003bb   Thumb Code     0  startup_stm32h723xx.o(.text)
    TIM4_IRQHandler                          0x080003bb   Thumb Code     0  startup_stm32h723xx.o(.text)
    TIM5_IRQHandler                          0x080003bb   Thumb Code     0  startup_stm32h723xx.o(.text)
    TIM7_IRQHandler                          0x080003bb   Thumb Code     0  startup_stm32h723xx.o(.text)
    TIM8_BRK_TIM12_IRQHandler                0x080003bb   Thumb Code     0  startup_stm32h723xx.o(.text)
    TIM8_CC_IRQHandler                       0x080003bb   Thumb Code     0  startup_stm32h723xx.o(.text)
    TIM8_TRG_COM_TIM14_IRQHandler            0x080003bb   Thumb Code     0  startup_stm32h723xx.o(.text)
    TIM8_UP_TIM13_IRQHandler                 0x080003bb   Thumb Code     0  startup_stm32h723xx.o(.text)
    UART4_IRQHandler                         0x080003bb   Thumb Code     0  startup_stm32h723xx.o(.text)
    UART5_IRQHandler                         0x080003bb   Thumb Code     0  startup_stm32h723xx.o(.text)
    UART7_IRQHandler                         0x080003bb   Thumb Code     0  startup_stm32h723xx.o(.text)
    UART8_IRQHandler                         0x080003bb   Thumb Code     0  startup_stm32h723xx.o(.text)
    UART9_IRQHandler                         0x080003bb   Thumb Code     0  startup_stm32h723xx.o(.text)
    USART10_IRQHandler                       0x080003bb   Thumb Code     0  startup_stm32h723xx.o(.text)
    USART6_IRQHandler                        0x080003bb   Thumb Code     0  startup_stm32h723xx.o(.text)
    WAKEUP_PIN_IRQHandler                    0x080003bb   Thumb Code     0  startup_stm32h723xx.o(.text)
    WWDG_IRQHandler                          0x080003bb   Thumb Code     0  startup_stm32h723xx.o(.text)
    __aeabi_uldivmod                         0x080003c5   Thumb Code    98  uldiv.o(.text)
    __aeabi_memcpy                           0x08000427   Thumb Code    36  memcpya.o(.text)
    __aeabi_memcpy4                          0x08000427   Thumb Code     0  memcpya.o(.text)
    __aeabi_memcpy8                          0x08000427   Thumb Code     0  memcpya.o(.text)
    __aeabi_memset                           0x0800044b   Thumb Code    14  memseta.o(.text)
    __aeabi_memset4                          0x0800044b   Thumb Code     0  memseta.o(.text)
    __aeabi_memset8                          0x0800044b   Thumb Code     0  memseta.o(.text)
    __aeabi_memclr                           0x08000459   Thumb Code     4  memseta.o(.text)
    __aeabi_memclr4                          0x08000459   Thumb Code     0  memseta.o(.text)
    __aeabi_memclr8                          0x08000459   Thumb Code     0  memseta.o(.text)
    memset                                   0x0800045d   Thumb Code    18  memseta.o(.text)
    __aeabi_llsl                             0x0800046f   Thumb Code    30  llshl.o(.text)
    _ll_shift_l                              0x0800046f   Thumb Code     0  llshl.o(.text)
    __aeabi_llsr                             0x0800048d   Thumb Code    32  llushr.o(.text)
    _ll_ushift_r                             0x0800048d   Thumb Code     0  llushr.o(.text)
    __scatterload                            0x080004ad   Thumb Code    28  init.o(.text)
    __scatterload_rt2                        0x080004ad   Thumb Code     0  init.o(.text)
    BusFault_Handler                         0x080004d1   Thumb Code     4  stm32h7xx_it.o(i.BusFault_Handler)
    DMA2_Stream4_IRQHandler                  0x080004d5   Thumb Code    10  stm32h7xx_it.o(i.DMA2_Stream4_IRQHandler)
    DebugMon_Handler                         0x08000a51   Thumb Code     2  stm32h7xx_it.o(i.DebugMon_Handler)
    Error_Handler                            0x08000a53   Thumb Code     6  main.o(i.Error_Handler)
    HAL_DMA_Abort                            0x08000a59   Thumb Code  1236  stm32h7xx_hal_dma.o(i.HAL_DMA_Abort)
    HAL_DMA_Abort_IT                         0x08000f35   Thumb Code   906  stm32h7xx_hal_dma.o(i.HAL_DMA_Abort_IT)
    HAL_DMA_IRQHandler                       0x080012cd   Thumb Code  2798  stm32h7xx_hal_dma.o(i.HAL_DMA_IRQHandler)
    HAL_DMA_Init                             0x08001dc5   Thumb Code  1292  stm32h7xx_hal_dma.o(i.HAL_DMA_Init)
    HAL_DMA_Start_IT                         0x080022d9   Thumb Code   980  stm32h7xx_hal_dma.o(i.HAL_DMA_Start_IT)
    HAL_GPIO_Init                            0x080026b9   Thumb Code   446  stm32h7xx_hal_gpio.o(i.HAL_GPIO_Init)
    HAL_GPIO_ReadPin                         0x080028a9   Thumb Code    16  stm32h7xx_hal_gpio.o(i.HAL_GPIO_ReadPin)
    HAL_GPIO_WritePin                        0x080028b9   Thumb Code    12  stm32h7xx_hal_gpio.o(i.HAL_GPIO_WritePin)
    HAL_GetTick                              0x080028c5   Thumb Code     6  stm32h7xx_hal.o(i.HAL_GetTick)
    HAL_IncTick                              0x080028d1   Thumb Code    16  stm32h7xx_hal.o(i.HAL_IncTick)
    HAL_Init                                 0x080028e9   Thumb Code    80  stm32h7xx_hal.o(i.HAL_Init)
    HAL_InitTick                             0x08002949   Thumb Code   140  stm32h7xx_hal_timebase_tim.o(i.HAL_InitTick)
    HAL_MPU_ConfigRegion                     0x080029e9   Thumb Code    88  stm32h7xx_hal_cortex.o(i.HAL_MPU_ConfigRegion)
    HAL_MPU_Disable                          0x08002a45   Thumb Code    38  stm32h7xx_hal_cortex.o(i.HAL_MPU_Disable)
    HAL_MPU_Enable                           0x08002a71   Thumb Code    58  stm32h7xx_hal_cortex.o(i.HAL_MPU_Enable)
    HAL_MspInit                              0x08002ab1   Thumb Code    42  stm32h7xx_hal_msp.o(i.HAL_MspInit)
    HAL_NVIC_EnableIRQ                       0x08002ae1   Thumb Code    40  stm32h7xx_hal_cortex.o(i.HAL_NVIC_EnableIRQ)
    HAL_NVIC_SetPriority                     0x08002b09   Thumb Code   122  stm32h7xx_hal_cortex.o(i.HAL_NVIC_SetPriority)
    HAL_NVIC_SetPriorityGrouping             0x08002b85   Thumb Code    32  stm32h7xx_hal_cortex.o(i.HAL_NVIC_SetPriorityGrouping)
    HAL_PWREx_ConfigSupply                   0x08002bad   Thumb Code    90  stm32h7xx_hal_pwr_ex.o(i.HAL_PWREx_ConfigSupply)
    HAL_RCCEx_GetD3PCLK1Freq                 0x08002c0d   Thumb Code    26  stm32h7xx_hal_rcc_ex.o(i.HAL_RCCEx_GetD3PCLK1Freq)
    HAL_RCCEx_GetPLL2ClockFreq               0x08002c31   Thumb Code   536  stm32h7xx_hal_rcc_ex.o(i.HAL_RCCEx_GetPLL2ClockFreq)
    HAL_RCCEx_GetPLL3ClockFreq               0x08002e61   Thumb Code   536  stm32h7xx_hal_rcc_ex.o(i.HAL_RCCEx_GetPLL3ClockFreq)
    HAL_RCCEx_PeriphCLKConfig                0x08003091   Thumb Code  3272  stm32h7xx_hal_rcc_ex.o(i.HAL_RCCEx_PeriphCLKConfig)
    HAL_RCC_ClockConfig                      0x08003d59   Thumb Code   774  stm32h7xx_hal_rcc.o(i.HAL_RCC_ClockConfig)
    HAL_RCC_GetClockConfig                   0x08004079   Thumb Code    98  stm32h7xx_hal_rcc.o(i.HAL_RCC_GetClockConfig)
    HAL_RCC_GetHCLKFreq                      0x080040e5   Thumb Code    60  stm32h7xx_hal_rcc.o(i.HAL_RCC_GetHCLKFreq)
    HAL_RCC_GetPCLK1Freq                     0x08004131   Thumb Code    26  stm32h7xx_hal_rcc.o(i.HAL_RCC_GetPCLK1Freq)
    HAL_RCC_GetPCLK2Freq                     0x08004155   Thumb Code    26  stm32h7xx_hal_rcc.o(i.HAL_RCC_GetPCLK2Freq)
    HAL_RCC_GetSysClockFreq                  0x08004179   Thumb Code   524  stm32h7xx_hal_rcc.o(i.HAL_RCC_GetSysClockFreq)
    HAL_RCC_OscConfig                        0x080043a5   Thumb Code  1874  stm32h7xx_hal_rcc.o(i.HAL_RCC_OscConfig)
    HAL_RS485Ex_Init                         0x08004b01   Thumb Code   148  stm32h7xx_hal_uart_ex.o(i.HAL_RS485Ex_Init)
    HAL_SPI_Init                             0x08004b99   Thumb Code   420  stm32h7xx_hal_spi.o(i.HAL_SPI_Init)
    HAL_SPI_MspInit                          0x08004d49   Thumb Code   150  spi.o(i.HAL_SPI_MspInit)
    HAL_SPI_Transmit                         0x08004ded   Thumb Code   724  stm32h7xx_hal_spi.o(i.HAL_SPI_Transmit)
    HAL_TIMEx_Break2Callback                 0x080050c1   Thumb Code     2  stm32h7xx_hal_tim_ex.o(i.HAL_TIMEx_Break2Callback)
    HAL_TIMEx_BreakCallback                  0x080050c3   Thumb Code     2  stm32h7xx_hal_tim_ex.o(i.HAL_TIMEx_BreakCallback)
    HAL_TIMEx_CommutCallback                 0x080050c5   Thumb Code     2  stm32h7xx_hal_tim_ex.o(i.HAL_TIMEx_CommutCallback)
    HAL_TIMEx_MasterConfigSynchronization    0x080050c9   Thumb Code   190  stm32h7xx_hal_tim_ex.o(i.HAL_TIMEx_MasterConfigSynchronization)
    HAL_TIM_Base_Init                        0x080051ad   Thumb Code   110  stm32h7xx_hal_tim.o(i.HAL_TIM_Base_Init)
    HAL_TIM_Base_MspInit                     0x0800521b   Thumb Code     2  stm32h7xx_hal_tim.o(i.HAL_TIM_Base_MspInit)
    HAL_TIM_Base_Start_IT                    0x0800521d   Thumb Code   162  stm32h7xx_hal_tim.o(i.HAL_TIM_Base_Start_IT)
    HAL_TIM_IC_CaptureCallback               0x080052e9   Thumb Code     2  stm32h7xx_hal_tim.o(i.HAL_TIM_IC_CaptureCallback)
    HAL_TIM_IRQHandler                       0x080052eb   Thumb Code   440  stm32h7xx_hal_tim.o(i.HAL_TIM_IRQHandler)
    HAL_TIM_MspPostInit                      0x080054a5   Thumb Code    82  tim.o(i.HAL_TIM_MspPostInit)
    HAL_TIM_OC_DelayElapsedCallback          0x08005505   Thumb Code     2  stm32h7xx_hal_tim.o(i.HAL_TIM_OC_DelayElapsedCallback)
    HAL_TIM_PWM_ConfigChannel                0x08005507   Thumb Code   368  stm32h7xx_hal_tim.o(i.HAL_TIM_PWM_ConfigChannel)
    HAL_TIM_PWM_Init                         0x08005677   Thumb Code   110  stm32h7xx_hal_tim.o(i.HAL_TIM_PWM_Init)
    HAL_TIM_PWM_MspInit                      0x080056e5   Thumb Code    40  tim.o(i.HAL_TIM_PWM_MspInit)
    HAL_TIM_PWM_PulseFinishedCallback        0x08005715   Thumb Code     2  stm32h7xx_hal_tim.o(i.HAL_TIM_PWM_PulseFinishedCallback)
    HAL_TIM_PWM_Start                        0x08005719   Thumb Code   330  stm32h7xx_hal_tim.o(i.HAL_TIM_PWM_Start)
    HAL_TIM_PeriodElapsedCallback            0x08005895   Thumb Code    18  main.o(i.HAL_TIM_PeriodElapsedCallback)
    HAL_TIM_TriggerCallback                  0x080058ad   Thumb Code     2  stm32h7xx_hal_tim.o(i.HAL_TIM_TriggerCallback)
    HAL_UARTEx_DisableFifoMode               0x080058af   Thumb Code    78  stm32h7xx_hal_uart_ex.o(i.HAL_UARTEx_DisableFifoMode)
    HAL_UARTEx_RxEventCallback               0x080058fd   Thumb Code     2  stm32h7xx_hal_uart.o(i.HAL_UARTEx_RxEventCallback)
    HAL_UARTEx_RxFifoFullCallback            0x080058ff   Thumb Code     2  stm32h7xx_hal_uart_ex.o(i.HAL_UARTEx_RxFifoFullCallback)
    HAL_UARTEx_SetRxFifoThreshold            0x08005901   Thumb Code    94  stm32h7xx_hal_uart_ex.o(i.HAL_UARTEx_SetRxFifoThreshold)
    HAL_UARTEx_SetTxFifoThreshold            0x0800595f   Thumb Code    94  stm32h7xx_hal_uart_ex.o(i.HAL_UARTEx_SetTxFifoThreshold)
    HAL_UARTEx_TxFifoEmptyCallback           0x080059bd   Thumb Code     2  stm32h7xx_hal_uart_ex.o(i.HAL_UARTEx_TxFifoEmptyCallback)
    HAL_UARTEx_WakeupCallback                0x080059bf   Thumb Code     2  stm32h7xx_hal_uart_ex.o(i.HAL_UARTEx_WakeupCallback)
    HAL_UART_ErrorCallback                   0x080059c1   Thumb Code     2  stm32h7xx_hal_uart.o(i.HAL_UART_ErrorCallback)
    HAL_UART_IRQHandler                      0x080059c5   Thumb Code  1172  stm32h7xx_hal_uart.o(i.HAL_UART_IRQHandler)
    HAL_UART_Init                            0x08005e59   Thumb Code   120  stm32h7xx_hal_uart.o(i.HAL_UART_Init)
    HAL_UART_MspInit                         0x08005ed1   Thumb Code   558  usart.o(i.HAL_UART_MspInit)
    HAL_UART_Receive_DMA                     0x08006125   Thumb Code    88  stm32h7xx_hal_uart.o(i.HAL_UART_Receive_DMA)
    HAL_UART_RxCpltCallback                  0x08006181   Thumb Code     2  stm32h7xx_hal_uart.o(i.HAL_UART_RxCpltCallback)
    HAL_UART_RxHalfCpltCallback              0x08006183   Thumb Code     2  stm32h7xx_hal_uart.o(i.HAL_UART_RxHalfCpltCallback)
    HAL_UART_Transmit                        0x08006185   Thumb Code   194  stm32h7xx_hal_uart.o(i.HAL_UART_Transmit)
    HAL_UART_TxCpltCallback                  0x08006247   Thumb Code     2  stm32h7xx_hal_uart.o(i.HAL_UART_TxCpltCallback)
    HardFault_Handler                        0x08006249   Thumb Code     4  stm32h7xx_it.o(i.HardFault_Handler)
    MX_DMA_Init                              0x080062a5   Thumb Code    48  dma.o(i.MX_DMA_Init)
    MX_FREERTOS_Init                         0x080062d9   Thumb Code    46  freertos.o(i.MX_FREERTOS_Init)
    MX_GPIO_Init                             0x0800632d   Thumb Code   206  gpio.o(i.MX_GPIO_Init)
    MX_SPI6_Init                             0x08006409   Thumb Code    90  spi.o(i.MX_SPI6_Init)
    MX_TIM12_Init                            0x0800646d   Thumb Code   116  tim.o(i.MX_TIM12_Init)
    MX_USART1_UART_Init                      0x080064e9   Thumb Code    98  usart.o(i.MX_USART1_UART_Init)
    MX_USART2_UART_Init                      0x08006555   Thumb Code   108  usart.o(i.MX_USART2_UART_Init)
    MX_USART3_UART_Init                      0x080065cd   Thumb Code   108  usart.o(i.MX_USART3_UART_Init)
    MemManage_Handler                        0x08006645   Thumb Code     4  stm32h7xx_it.o(i.MemManage_Handler)
    NMI_Handler                              0x08006649   Thumb Code     4  stm32h7xx_it.o(i.NMI_Handler)
    StartDefaultTask                         0x08006a49   Thumb Code    28  freertos.o(i.StartDefaultTask)
    SysTick_Handler                          0x08006a6d   Thumb Code    22  cmsis_os2.o(i.SysTick_Handler)
    SystemClock_Config                       0x08006a85   Thumb Code   176  main.o(i.SystemClock_Config)
    SystemInit                               0x08006b39   Thumb Code   192  system_stm32h7xx.o(i.SystemInit)
    TIM6_DAC_IRQHandler                      0x08006c19   Thumb Code    10  stm32h7xx_it.o(i.TIM6_DAC_IRQHandler)
    TIM_Base_SetConfig                       0x08006c29   Thumb Code   182  stm32h7xx_hal_tim.o(i.TIM_Base_SetConfig)
    TIM_CCxChannelCmd                        0x08006d09   Thumb Code    34  stm32h7xx_hal_tim.o(i.TIM_CCxChannelCmd)
    TIM_OC2_SetConfig                        0x08006dd9   Thumb Code   156  stm32h7xx_hal_tim.o(i.TIM_OC2_SetConfig)
    UART_AdvFeatureConfig                    0x080070ed   Thumb Code   248  stm32h7xx_hal_uart.o(i.UART_AdvFeatureConfig)
    UART_CheckIdleState                      0x080071e5   Thumb Code   234  stm32h7xx_hal_uart.o(i.UART_CheckIdleState)
    UART_SetConfig                           0x080074f5   Thumb Code  1558  stm32h7xx_hal_uart.o(i.UART_SetConfig)
    UART_Start_Receive_DMA                   0x08007b1d   Thumb Code   186  stm32h7xx_hal_uart.o(i.UART_Start_Receive_DMA)
    UART_WaitOnFlagUntilTimeout              0x08007be5   Thumb Code   162  stm32h7xx_hal_uart.o(i.UART_WaitOnFlagUntilTimeout)
    USART1_IRQHandler                        0x08007c89   Thumb Code    10  stm32h7xx_it.o(i.USART1_IRQHandler)
    USART2_IRQHandler                        0x08007c99   Thumb Code    10  stm32h7xx_it.o(i.USART2_IRQHandler)
    USART3_IRQHandler                        0x08007ca9   Thumb Code    10  stm32h7xx_it.o(i.USART3_IRQHandler)
    UsageFault_Handler                       0x08007cb9   Thumb Code     4  stm32h7xx_it.o(i.UsageFault_Handler)
    __0printf$2                              0x08007cbd   Thumb Code    22  printf2.o(i.__0printf$2)
    __1printf$2                              0x08007cbd   Thumb Code     0  printf2.o(i.__0printf$2)
    __2printf                                0x08007cbd   Thumb Code     0  printf2.o(i.__0printf$2)
    __scatterload_copy                       0x08007d1b   Thumb Code    14  handlers.o(i.__scatterload_copy)
    __scatterload_null                       0x08007d29   Thumb Code     2  handlers.o(i.__scatterload_null)
    __scatterload_zeroinit                   0x08007d2b   Thumb Code    14  handlers.o(i.__scatterload_zeroinit)
    beepInit                                 0x08007e11   Thumb Code    18  driver_beep.o(i.beepInit)
    beepUpdata                               0x08007e2d   Thumb Code    12  driver_beep.o(i.beepUpdata)
    fputc                                    0x08007e7d   Thumb Code    22  supervision.o(i.fputc)
    main                                     0x08007e99   Thumb Code    56  main.o(i.main)
    motorSendTest                            0x08007ed1   Thumb Code    64  driver_motor.o(i.motorSendTest)
    motorTransTask                           0x08007f21   Thumb Code    26  freertos.o(i.motorTransTask)
    motorUpdataTask                          0x08007f45   Thumb Code    16  motor.o(i.motorUpdataTask)
    musicUpdata                              0x08007f5d   Thumb Code   288  driver_beep.o(i.musicUpdata)
    osDelay                                  0x08008099   Thumb Code    30  cmsis_os2.o(i.osDelay)
    osKernelInitialize                       0x080080b9   Thumb Code    38  cmsis_os2.o(i.osKernelInitialize)
    osKernelStart                            0x080080e5   Thumb Code    82  cmsis_os2.o(i.osKernelStart)
    osThreadNew                              0x08008145   Thumb Code   184  cmsis_os2.o(i.osThreadNew)
    pvPortMalloc                             0x08008c21   Thumb Code   306  heap_4.o(i.pvPortMalloc)
    pxPortInitialiseStack                    0x08008d6d   Thumb Code    38  port.o(i.pxPortInitialiseStack)
    supervisionDriverInit                    0x08008d99   Thumb Code    20  supervision.o(i.supervisionDriverInit)
    supervisionTask                          0x08008dcd   Thumb Code    18  freertos.o(i.supervisionTask)
    supervisionUpdataTask                    0x08008de1   Thumb Code    60  supervision.o(i.supervisionUpdataTask)
    sysLog                                   0x08008e29   Thumb Code    24  supervision.o(i.sysLog)
    unitreeMotorRevUpdata                    0x08009069   Thumb Code    40  driver_motor.o(i.unitreeMotorRevUpdata)
    unitreeMotorSendUpdata                   0x08009099   Thumb Code    54  driver_motor.o(i.unitreeMotorSendUpdata)
    uxListRemove                             0x080091cd   Thumb Code    40  list.o(i.uxListRemove)
    vApplicationGetIdleTaskMemory            0x080091f5   Thumb Code    14  cmsis_os2.o(i.vApplicationGetIdleTaskMemory)
    vApplicationGetTimerTaskMemory           0x0800920d   Thumb Code    16  cmsis_os2.o(i.vApplicationGetTimerTaskMemory)
    vListInitialise                          0x08009225   Thumb Code    26  list.o(i.vListInitialise)
    vListInitialiseItem                      0x0800923f   Thumb Code     6  list.o(i.vListInitialiseItem)
    vListInsert                              0x08009245   Thumb Code    52  list.o(i.vListInsert)
    vListInsertEnd                           0x08009279   Thumb Code    24  list.o(i.vListInsertEnd)
    vPortEnterCritical                       0x08009291   Thumb Code    76  port.o(i.vPortEnterCritical)
    vPortExitCritical                        0x080092e5   Thumb Code    56  port.o(i.vPortExitCritical)
    vPortFree                                0x08009321   Thumb Code   150  heap_4.o(i.vPortFree)
    vPortSetupTimerInterrupt                 0x080093c5   Thumb Code    36  port.o(i.vPortSetupTimerInterrupt)
    vPortValidateInterruptPriority           0x080093ed   Thumb Code   106  port.o(i.vPortValidateInterruptPriority)
    vQueueAddToRegistry                      0x08009465   Thumb Code    38  queue.o(i.vQueueAddToRegistry)
    vQueueWaitForMessageRestricted           0x08009491   Thumb Code    74  queue.o(i.vQueueWaitForMessageRestricted)
    vTaskDelay                               0x080094dd   Thumb Code    82  tasks.o(i.vTaskDelay)
    vTaskInternalSetTimeOutState             0x08009539   Thumb Code    14  tasks.o(i.vTaskInternalSetTimeOutState)
    vTaskMissedYield                         0x08009551   Thumb Code     8  tasks.o(i.vTaskMissedYield)
    vTaskPlaceOnEventList                    0x0800955d   Thumb Code    52  tasks.o(i.vTaskPlaceOnEventList)
    vTaskPlaceOnEventListRestricted          0x08009595   Thumb Code    60  tasks.o(i.vTaskPlaceOnEventListRestricted)
    vTaskStartScheduler                      0x080095d5   Thumb Code   156  tasks.o(i.vTaskStartScheduler)
    vTaskSuspendAll                          0x0800968d   Thumb Code    12  tasks.o(i.vTaskSuspendAll)
    vTaskSwitchContext                       0x0800969d   Thumb Code   122  tasks.o(i.vTaskSwitchContext)
    ws2812Init                               0x0800972d   Thumb Code    18  driver_ws2812.o(i.ws2812Init)
    ws2812SetColor                           0x08009745   Thumb Code    90  driver_ws2812.o(i.ws2812SetColor)
    ws2812Updata                             0x080097a5   Thumb Code   170  driver_ws2812.o(i.ws2812Updata)
    xPortStartScheduler                      0x08009859   Thumb Code   330  port.o(i.xPortStartScheduler)
    xPortSysTickHandler                      0x080099c1   Thumb Code    46  port.o(i.xPortSysTickHandler)
    xQueueGenericCreateStatic                0x080099f5   Thumb Code   224  queue.o(i.xQueueGenericCreateStatic)
    xQueueGenericReset                       0x08009ad5   Thumb Code   146  queue.o(i.xQueueGenericReset)
    xQueueGenericSend                        0x08009b6d   Thumb Code   420  queue.o(i.xQueueGenericSend)
    xQueueGenericSendFromISR                 0x08009d15   Thumb Code   252  queue.o(i.xQueueGenericSendFromISR)
    xQueueReceive                            0x08009e11   Thumb Code   356  queue.o(i.xQueueReceive)
    xTaskCheckForTimeOut                     0x08009f79   Thumb Code   132  tasks.o(i.xTaskCheckForTimeOut)
    xTaskCreate                              0x0800a005   Thumb Code   100  tasks.o(i.xTaskCreate)
    xTaskCreateStatic                        0x0800a069   Thumb Code   186  tasks.o(i.xTaskCreateStatic)
    xTaskGetSchedulerState                   0x0800a125   Thumb Code    24  tasks.o(i.xTaskGetSchedulerState)
    xTaskGetTickCount                        0x0800a145   Thumb Code     6  tasks.o(i.xTaskGetTickCount)
    xTaskIncrementTick                       0x0800a151   Thumb Code   280  tasks.o(i.xTaskIncrementTick)
    xTaskPriorityDisinherit                  0x0800a295   Thumb Code   152  tasks.o(i.xTaskPriorityDisinherit)
    xTaskRemoveFromEventList                 0x0800a339   Thumb Code   126  tasks.o(i.xTaskRemoveFromEventList)
    xTaskResumeAll                           0x0800a3d1   Thumb Code   222  tasks.o(i.xTaskResumeAll)
    xTimerCreateTimerTask                    0x0800a4d5   Thumb Code   100  timers.o(i.xTimerCreateTimerTask)
    xTimerGenericCommand                     0x0800a54d   Thumb Code   128  timers.o(i.xTimerGenericCommand)
    defaultTask_attributes                   0x0800a5d0   Data          36  freertos.o(.constdata)
    SupervisionTask_attributes               0x0800a5f4   Data          36  freertos.o(.constdata)
    MotorTransTask_attributes                0x0800a618   Data          36  freertos.o(.constdata)
    UARTPrescTable                           0x0800a644   Data          24  stm32h7xx_hal_uart.o(.constdata)
    D1CorePrescTable                         0x0800a66c   Data          16  system_stm32h7xx.o(.constdata)
    note                                     0x0800a67c   Data          42  driver_beep.o(.constdata)
    sound                                    0x0800a6a6   Data           4  driver_beep.o(.constdata)
    musicList                                0x0800a6aa   Data         516  driver_beep.o(.constdata)
    crc_ccitt_table                          0x0800a8ae   Data         512  driver_motor.o(.constdata)
    Region$$Table$$Base                      0x0800aadc   Number         0  anon$$obj.o(Region$$Table)
    Region$$Table$$Limit                     0x0800ab0c   Number         0  anon$$obj.o(Region$$Table)
    defaultTaskHandle                        0x24000000   Data           4  freertos.o(.data)
    SupervisionTaskHandle                    0x24000004   Data           4  freertos.o(.data)
    MotorTransTaskHandle                     0x24000008   Data           4  freertos.o(.data)
    uwTick                                   0x2400000c   Data           4  stm32h7xx_hal.o(.data)
    uwTickPrio                               0x24000010   Data           4  stm32h7xx_hal.o(.data)
    uwTickFreq                               0x24000014   Data           1  stm32h7xx_hal.o(.data)
    SystemCoreClock                          0x24000018   Data           4  system_stm32h7xx.o(.data)
    SystemD2Clock                            0x2400001c   Data           4  system_stm32h7xx.o(.data)
    pxCurrentTCB                             0x24000020   Data           4  tasks.o(.data)
    rgbCmd                                   0x240000a0   Data           4  driver_ws2812.o(.data)
    driverBeepConifg                         0x240000a4   Data           3  driver_beep.o(.data)
    driverMotorConfig                        0x240000b4   Data           8  driver_motor.o(.data)
    supervisionTaskConfig                    0x240000bc   Data           4  supervision.o(.data)
    __stdout                                 0x240000c0   Data           4  stdout.o(.data)
    hspi6                                    0x240000c4   Data         136  spi.o(.bss)
    htim12                                   0x2400014c   Data          76  tim.o(.bss)
    huart1                                   0x24000198   Data         148  usart.o(.bss)
    huart2                                   0x2400022c   Data         148  usart.o(.bss)
    huart3                                   0x240002c0   Data         148  usart.o(.bss)
    hdma_usart3_rx                           0x24000354   Data         120  usart.o(.bss)
    htim6                                    0x240003cc   Data          76  stm32h7xx_hal_timebase_tim.o(.bss)
    xQueueRegistry                           0x24000418   Data          64  queue.o(.bss)
    motorSendConfig                          0x240010f0   Data          64  driver_motor.o(.bss)
    motorRevConfig                           0x24001130   Data          64  driver_motor.o(.bss)
    test                                     0x24001170   Data          64  driver_motor.o(.bss)
    rxTemp                                   0x240011b0   Data          20  driver_motor.o(.bss)
    __initial_sp                             0x240019c8   Data           0  startup_stm32h723xx.o(STACK)



==============================================================================

Memory Map of the image

  Image Entry point : 0x080002cd

  Load Region LR_IROM1 (Base: 0x08000000, Size: 0x0000abd0, Max: 0x00100000, ABSOLUTE)

    Execution Region ER_IROM1 (Exec base: 0x08000000, Load base: 0x08000000, Size: 0x0000ab0c, Max: 0x00100000, ABSOLUTE)

    Exec Addr    Load Addr    Size         Type   Attr      Idx    E Section Name        Object

    0x08000000   0x08000000   0x000002cc   Data   RO            3    RESET               startup_stm32h723xx.o
    0x080002cc   0x080002cc   0x00000000   Code   RO         7231  * .ARM.Collect$$$$00000000  mc_w.l(entry.o)
    0x080002cc   0x080002cc   0x00000004   Code   RO         7505    .ARM.Collect$$$$00000001  mc_w.l(entry2.o)
    0x080002d0   0x080002d0   0x00000004   Code   RO         7508    .ARM.Collect$$$$00000004  mc_w.l(entry5.o)
    0x080002d4   0x080002d4   0x00000000   Code   RO         7510    .ARM.Collect$$$$00000008  mc_w.l(entry7b.o)
    0x080002d4   0x080002d4   0x00000000   Code   RO         7512    .ARM.Collect$$$$0000000A  mc_w.l(entry8b.o)
    0x080002d4   0x080002d4   0x00000008   Code   RO         7513    .ARM.Collect$$$$0000000B  mc_w.l(entry9a.o)
    0x080002dc   0x080002dc   0x00000000   Code   RO         7515    .ARM.Collect$$$$0000000D  mc_w.l(entry10a.o)
    0x080002dc   0x080002dc   0x00000000   Code   RO         7517    .ARM.Collect$$$$0000000F  mc_w.l(entry11a.o)
    0x080002dc   0x080002dc   0x00000004   Code   RO         7506    .ARM.Collect$$$$00002712  mc_w.l(entry2.o)
    0x080002e0   0x080002e0   0x000000be   Code   RO         6854    .emb_text           port.o
    0x0800039e   0x0800039e   0x00000002   PAD
    0x080003a0   0x080003a0   0x00000024   Code   RO            4    .text               startup_stm32h723xx.o
    0x080003c4   0x080003c4   0x00000062   Code   RO         7234    .text               mc_w.l(uldiv.o)
    0x08000426   0x08000426   0x00000024   Code   RO         7236    .text               mc_w.l(memcpya.o)
    0x0800044a   0x0800044a   0x00000024   Code   RO         7240    .text               mc_w.l(memseta.o)
    0x0800046e   0x0800046e   0x0000001e   Code   RO         7522    .text               mc_w.l(llshl.o)
    0x0800048c   0x0800048c   0x00000020   Code   RO         7524    .text               mc_w.l(llushr.o)
    0x080004ac   0x080004ac   0x00000024   Code   RO         7537    .text               mc_w.l(init.o)
    0x080004d0   0x080004d0   0x00000004   Code   RO          518    i.BusFault_Handler  stm32h7xx_it.o
    0x080004d4   0x080004d4   0x00000010   Code   RO          519    i.DMA2_Stream4_IRQHandler  stm32h7xx_it.o
    0x080004e4   0x080004e4   0x000000ec   Code   RO         1535    i.DMA_CalcBaseAndBitshift  stm32h7xx_hal_dma.o
    0x080005d0   0x080005d0   0x000000c4   Code   RO         1536    i.DMA_CalcDMAMUXChannelBaseAndMask  stm32h7xx_hal_dma.o
    0x08000694   0x08000694   0x00000098   Code   RO         1537    i.DMA_CalcDMAMUXRequestGenBaseAndMask  stm32h7xx_hal_dma.o
    0x0800072c   0x0800072c   0x000000ae   Code   RO         1538    i.DMA_CheckFifoParam  stm32h7xx_hal_dma.o
    0x080007da   0x080007da   0x00000002   PAD
    0x080007dc   0x080007dc   0x00000274   Code   RO         1539    i.DMA_SetConfig     stm32h7xx_hal_dma.o
    0x08000a50   0x08000a50   0x00000002   Code   RO          520    i.DebugMon_Handler  stm32h7xx_it.o
    0x08000a52   0x08000a52   0x00000006   Code   RO           13    i.Error_Handler     main.o
    0x08000a58   0x08000a58   0x000004dc   Code   RO         1540    i.HAL_DMA_Abort     stm32h7xx_hal_dma.o
    0x08000f34   0x08000f34   0x00000398   Code   RO         1541    i.HAL_DMA_Abort_IT  stm32h7xx_hal_dma.o
    0x080012cc   0x080012cc   0x00000af8   Code   RO         1545    i.HAL_DMA_IRQHandler  stm32h7xx_hal_dma.o
    0x08001dc4   0x08001dc4   0x00000514   Code   RO         1546    i.HAL_DMA_Init      stm32h7xx_hal_dma.o
    0x080022d8   0x080022d8   0x000003e0   Code   RO         1550    i.HAL_DMA_Start_IT  stm32h7xx_hal_dma.o
    0x080026b8   0x080026b8   0x000001f0   Code   RO         1388    i.HAL_GPIO_Init     stm32h7xx_hal_gpio.o
    0x080028a8   0x080028a8   0x00000010   Code   RO         1390    i.HAL_GPIO_ReadPin  stm32h7xx_hal_gpio.o
    0x080028b8   0x080028b8   0x0000000c   Code   RO         1392    i.HAL_GPIO_WritePin  stm32h7xx_hal_gpio.o
    0x080028c4   0x080028c4   0x0000000c   Code   RO         2253    i.HAL_GetTick       stm32h7xx_hal.o
    0x080028d0   0x080028d0   0x00000018   Code   RO         2259    i.HAL_IncTick       stm32h7xx_hal.o
    0x080028e8   0x080028e8   0x00000060   Code   RO         2260    i.HAL_Init          stm32h7xx_hal.o
    0x08002948   0x08002948   0x000000a0   Code   RO          630    i.HAL_InitTick      stm32h7xx_hal_timebase_tim.o
    0x080029e8   0x080029e8   0x0000005c   Code   RO          670    i.HAL_MPU_ConfigRegion  stm32h7xx_hal_cortex.o
    0x08002a44   0x08002a44   0x0000002c   Code   RO          671    i.HAL_MPU_Disable   stm32h7xx_hal_cortex.o
    0x08002a70   0x08002a70   0x00000040   Code   RO          672    i.HAL_MPU_Enable    stm32h7xx_hal_cortex.o
    0x08002ab0   0x08002ab0   0x00000030   Code   RO          606    i.HAL_MspInit       stm32h7xx_hal_msp.o
    0x08002ae0   0x08002ae0   0x00000028   Code   RO          675    i.HAL_NVIC_EnableIRQ  stm32h7xx_hal_cortex.o
    0x08002b08   0x08002b08   0x0000007a   Code   RO          681    i.HAL_NVIC_SetPriority  stm32h7xx_hal_cortex.o
    0x08002b82   0x08002b82   0x00000002   PAD
    0x08002b84   0x08002b84   0x00000028   Code   RO          682    i.HAL_NVIC_SetPriorityGrouping  stm32h7xx_hal_cortex.o
    0x08002bac   0x08002bac   0x00000060   Code   RO         1989    i.HAL_PWREx_ConfigSupply  stm32h7xx_hal_pwr_ex.o
    0x08002c0c   0x08002c0c   0x00000024   Code   RO          931    i.HAL_RCCEx_GetD3PCLK1Freq  stm32h7xx_hal_rcc_ex.o
    0x08002c30   0x08002c30   0x00000230   Code   RO          933    i.HAL_RCCEx_GetPLL2ClockFreq  stm32h7xx_hal_rcc_ex.o
    0x08002e60   0x08002e60   0x00000230   Code   RO          934    i.HAL_RCCEx_GetPLL3ClockFreq  stm32h7xx_hal_rcc_ex.o
    0x08003090   0x08003090   0x00000cc8   Code   RO          940    i.HAL_RCCEx_PeriphCLKConfig  stm32h7xx_hal_rcc_ex.o
    0x08003d58   0x08003d58   0x00000320   Code   RO          816    i.HAL_RCC_ClockConfig  stm32h7xx_hal_rcc.o
    0x08004078   0x08004078   0x0000006c   Code   RO          820    i.HAL_RCC_GetClockConfig  stm32h7xx_hal_rcc.o
    0x080040e4   0x080040e4   0x0000004c   Code   RO          821    i.HAL_RCC_GetHCLKFreq  stm32h7xx_hal_rcc.o
    0x08004130   0x08004130   0x00000024   Code   RO          823    i.HAL_RCC_GetPCLK1Freq  stm32h7xx_hal_rcc.o
    0x08004154   0x08004154   0x00000024   Code   RO          824    i.HAL_RCC_GetPCLK2Freq  stm32h7xx_hal_rcc.o
    0x08004178   0x08004178   0x0000022c   Code   RO          825    i.HAL_RCC_GetSysClockFreq  stm32h7xx_hal_rcc.o
    0x080043a4   0x080043a4   0x0000075c   Code   RO          828    i.HAL_RCC_OscConfig  stm32h7xx_hal_rcc.o
    0x08004b00   0x08004b00   0x00000098   Code   RO         4964    i.HAL_RS485Ex_Init  stm32h7xx_hal_uart_ex.o
    0x08004b98   0x08004b98   0x000001b0   Code   RO         3187    i.HAL_SPI_Init      stm32h7xx_hal_spi.o
    0x08004d48   0x08004d48   0x000000a4   Code   RO          375    i.HAL_SPI_MspInit   spi.o
    0x08004dec   0x08004dec   0x000002d4   Code   RO         3196    i.HAL_SPI_Transmit  stm32h7xx_hal_spi.o
    0x080050c0   0x080050c0   0x00000002   Code   RO         4237    i.HAL_TIMEx_Break2Callback  stm32h7xx_hal_tim_ex.o
    0x080050c2   0x080050c2   0x00000002   Code   RO         4238    i.HAL_TIMEx_BreakCallback  stm32h7xx_hal_tim_ex.o
    0x080050c4   0x080050c4   0x00000002   Code   RO         4239    i.HAL_TIMEx_CommutCallback  stm32h7xx_hal_tim_ex.o
    0x080050c6   0x080050c6   0x00000002   PAD
    0x080050c8   0x080050c8   0x000000e4   Code   RO         4260    i.HAL_TIMEx_MasterConfigSynchronization  stm32h7xx_hal_tim_ex.o
    0x080051ac   0x080051ac   0x0000006e   Code   RO         3512    i.HAL_TIM_Base_Init  stm32h7xx_hal_tim.o
    0x0800521a   0x0800521a   0x00000002   Code   RO         3514    i.HAL_TIM_Base_MspInit  stm32h7xx_hal_tim.o
    0x0800521c   0x0800521c   0x000000cc   Code   RO         3517    i.HAL_TIM_Base_Start_IT  stm32h7xx_hal_tim.o
    0x080052e8   0x080052e8   0x00000002   Code   RO         3546    i.HAL_TIM_IC_CaptureCallback  stm32h7xx_hal_tim.o
    0x080052ea   0x080052ea   0x000001b8   Code   RO         3560    i.HAL_TIM_IRQHandler  stm32h7xx_hal_tim.o
    0x080054a2   0x080054a2   0x00000002   PAD
    0x080054a4   0x080054a4   0x00000060   Code   RO          416    i.HAL_TIM_MspPostInit  tim.o
    0x08005504   0x08005504   0x00000002   Code   RO         3563    i.HAL_TIM_OC_DelayElapsedCallback  stm32h7xx_hal_tim.o
    0x08005506   0x08005506   0x00000170   Code   RO         3584    i.HAL_TIM_PWM_ConfigChannel  stm32h7xx_hal_tim.o
    0x08005676   0x08005676   0x0000006e   Code   RO         3587    i.HAL_TIM_PWM_Init  stm32h7xx_hal_tim.o
    0x080056e4   0x080056e4   0x00000030   Code   RO          418    i.HAL_TIM_PWM_MspInit  tim.o
    0x08005714   0x08005714   0x00000002   Code   RO         3590    i.HAL_TIM_PWM_PulseFinishedCallback  stm32h7xx_hal_tim.o
    0x08005716   0x08005716   0x00000002   PAD
    0x08005718   0x08005718   0x0000017c   Code   RO         3592    i.HAL_TIM_PWM_Start  stm32h7xx_hal_tim.o
    0x08005894   0x08005894   0x00000018   Code   RO           14    i.HAL_TIM_PeriodElapsedCallback  main.o
    0x080058ac   0x080058ac   0x00000002   Code   RO         3603    i.HAL_TIM_TriggerCallback  stm32h7xx_hal_tim.o
    0x080058ae   0x080058ae   0x0000004e   Code   RO         4965    i.HAL_UARTEx_DisableFifoMode  stm32h7xx_hal_uart_ex.o
    0x080058fc   0x080058fc   0x00000002   Code   RO         4549    i.HAL_UARTEx_RxEventCallback  stm32h7xx_hal_uart.o
    0x080058fe   0x080058fe   0x00000002   Code   RO         4973    i.HAL_UARTEx_RxFifoFullCallback  stm32h7xx_hal_uart_ex.o
    0x08005900   0x08005900   0x0000005e   Code   RO         4974    i.HAL_UARTEx_SetRxFifoThreshold  stm32h7xx_hal_uart_ex.o
    0x0800595e   0x0800595e   0x0000005e   Code   RO         4975    i.HAL_UARTEx_SetTxFifoThreshold  stm32h7xx_hal_uart_ex.o
    0x080059bc   0x080059bc   0x00000002   Code   RO         4977    i.HAL_UARTEx_TxFifoEmptyCallback  stm32h7xx_hal_uart_ex.o
    0x080059be   0x080059be   0x00000002   Code   RO         4978    i.HAL_UARTEx_WakeupCallback  stm32h7xx_hal_uart_ex.o
    0x080059c0   0x080059c0   0x00000002   Code   RO         4565    i.HAL_UART_ErrorCallback  stm32h7xx_hal_uart.o
    0x080059c2   0x080059c2   0x00000002   PAD
    0x080059c4   0x080059c4   0x00000494   Code   RO         4568    i.HAL_UART_IRQHandler  stm32h7xx_hal_uart.o
    0x08005e58   0x08005e58   0x00000078   Code   RO         4569    i.HAL_UART_Init     stm32h7xx_hal_uart.o
    0x08005ed0   0x08005ed0   0x00000254   Code   RO          465    i.HAL_UART_MspInit  usart.o
    0x08006124   0x08006124   0x0000005c   Code   RO         4573    i.HAL_UART_Receive_DMA  stm32h7xx_hal_uart.o
    0x08006180   0x08006180   0x00000002   Code   RO         4576    i.HAL_UART_RxCpltCallback  stm32h7xx_hal_uart.o
    0x08006182   0x08006182   0x00000002   Code   RO         4577    i.HAL_UART_RxHalfCpltCallback  stm32h7xx_hal_uart.o
    0x08006184   0x08006184   0x000000c2   Code   RO         4578    i.HAL_UART_Transmit  stm32h7xx_hal_uart.o
    0x08006246   0x08006246   0x00000002   Code   RO         4581    i.HAL_UART_TxCpltCallback  stm32h7xx_hal_uart.o
    0x08006248   0x08006248   0x00000004   Code   RO          521    i.HardFault_Handler  stm32h7xx_it.o
    0x0800624c   0x0800624c   0x00000056   Code   RO           15    i.MPU_Config        main.o
    0x080062a2   0x080062a2   0x00000002   PAD
    0x080062a4   0x080062a4   0x00000034   Code   RO          332    i.MX_DMA_Init       dma.o
    0x080062d8   0x080062d8   0x00000054   Code   RO          259    i.MX_FREERTOS_Init  freertos.o
    0x0800632c   0x0800632c   0x000000dc   Code   RO          235    i.MX_GPIO_Init      gpio.o
    0x08006408   0x08006408   0x00000064   Code   RO          376    i.MX_SPI6_Init      spi.o
    0x0800646c   0x0800646c   0x0000007c   Code   RO          419    i.MX_TIM12_Init     tim.o
    0x080064e8   0x080064e8   0x0000006c   Code   RO          466    i.MX_USART1_UART_Init  usart.o
    0x08006554   0x08006554   0x00000078   Code   RO          467    i.MX_USART2_UART_Init  usart.o
    0x080065cc   0x080065cc   0x00000078   Code   RO          468    i.MX_USART3_UART_Init  usart.o
    0x08006644   0x08006644   0x00000004   Code   RO          522    i.MemManage_Handler  stm32h7xx_it.o
    0x08006648   0x08006648   0x00000004   Code   RO          523    i.NMI_Handler       stm32h7xx_it.o
    0x0800664c   0x0800664c   0x00000164   Code   RO          943    i.RCCEx_PLL2_Config  stm32h7xx_hal_rcc_ex.o
    0x080067b0   0x080067b0   0x00000164   Code   RO          944    i.RCCEx_PLL3_Config  stm32h7xx_hal_rcc_ex.o
    0x08006914   0x08006914   0x000000d6   Code   RO         3207    i.SPI_CloseTransfer  stm32h7xx_hal_spi.o
    0x080069ea   0x080069ea   0x0000001a   Code   RO         3218    i.SPI_GetPacketSize  stm32h7xx_hal_spi.o
    0x08006a04   0x08006a04   0x00000042   Code   RO         3225    i.SPI_WaitOnFlagUntilTimeout  stm32h7xx_hal_spi.o
    0x08006a46   0x08006a46   0x00000002   PAD
    0x08006a48   0x08006a48   0x00000024   Code   RO          260    i.StartDefaultTask  freertos.o
    0x08006a6c   0x08006a6c   0x00000016   Code   RO         6269    i.SysTick_Handler   cmsis_os2.o
    0x08006a82   0x08006a82   0x00000002   PAD
    0x08006a84   0x08006a84   0x000000b4   Code   RO           16    i.SystemClock_Config  main.o
    0x08006b38   0x08006b38   0x000000e0   Code   RO         5089    i.SystemInit        system_stm32h7xx.o
    0x08006c18   0x08006c18   0x00000010   Code   RO          524    i.TIM6_DAC_IRQHandler  stm32h7xx_it.o
    0x08006c28   0x08006c28   0x000000e0   Code   RO         3605    i.TIM_Base_SetConfig  stm32h7xx_hal_tim.o
    0x08006d08   0x08006d08   0x00000022   Code   RO         3606    i.TIM_CCxChannelCmd  stm32h7xx_hal_tim.o
    0x08006d2a   0x08006d2a   0x00000002   PAD
    0x08006d2c   0x08006d2c   0x000000ac   Code   RO         3618    i.TIM_OC1_SetConfig  stm32h7xx_hal_tim.o
    0x08006dd8   0x08006dd8   0x000000b4   Code   RO         3619    i.TIM_OC2_SetConfig  stm32h7xx_hal_tim.o
    0x08006e8c   0x08006e8c   0x000000b4   Code   RO         3620    i.TIM_OC3_SetConfig  stm32h7xx_hal_tim.o
    0x08006f40   0x08006f40   0x00000074   Code   RO         3621    i.TIM_OC4_SetConfig  stm32h7xx_hal_tim.o
    0x08006fb4   0x08006fb4   0x00000070   Code   RO         3622    i.TIM_OC5_SetConfig  stm32h7xx_hal_tim.o
    0x08007024   0x08007024   0x00000070   Code   RO         3623    i.TIM_OC6_SetConfig  stm32h7xx_hal_tim.o
    0x08007094   0x08007094   0x00000058   Code   RO         4979    i.UARTEx_SetNbDataToProcess  stm32h7xx_hal_uart_ex.o
    0x080070ec   0x080070ec   0x000000f8   Code   RO         4583    i.UART_AdvFeatureConfig  stm32h7xx_hal_uart.o
    0x080071e4   0x080071e4   0x000000ea   Code   RO         4584    i.UART_CheckIdleState  stm32h7xx_hal_uart.o
    0x080072ce   0x080072ce   0x00000018   Code   RO         4585    i.UART_DMAAbortOnError  stm32h7xx_hal_uart.o
    0x080072e6   0x080072e6   0x0000005e   Code   RO         4586    i.UART_DMAError     stm32h7xx_hal_uart.o
    0x08007344   0x08007344   0x000000ae   Code   RO         4587    i.UART_DMAReceiveCplt  stm32h7xx_hal_uart.o
    0x080073f2   0x080073f2   0x00000026   Code   RO         4589    i.UART_DMARxHalfCplt  stm32h7xx_hal_uart.o
    0x08007418   0x08007418   0x0000006c   Code   RO         4595    i.UART_EndRxTransfer  stm32h7xx_hal_uart.o
    0x08007484   0x08007484   0x00000030   Code   RO         4596    i.UART_EndTransmit_IT  stm32h7xx_hal_uart.o
    0x080074b4   0x080074b4   0x00000040   Code   RO         4597    i.UART_EndTxTransfer  stm32h7xx_hal_uart.o
    0x080074f4   0x080074f4   0x00000628   Code   RO         4602    i.UART_SetConfig    stm32h7xx_hal_uart.o
    0x08007b1c   0x08007b1c   0x000000c8   Code   RO         4603    i.UART_Start_Receive_DMA  stm32h7xx_hal_uart.o
    0x08007be4   0x08007be4   0x000000a2   Code   RO         4609    i.UART_WaitOnFlagUntilTimeout  stm32h7xx_hal_uart.o
    0x08007c86   0x08007c86   0x00000002   PAD
    0x08007c88   0x08007c88   0x00000010   Code   RO          525    i.USART1_IRQHandler  stm32h7xx_it.o
    0x08007c98   0x08007c98   0x00000010   Code   RO          526    i.USART2_IRQHandler  stm32h7xx_it.o
    0x08007ca8   0x08007ca8   0x00000010   Code   RO          527    i.USART3_IRQHandler  stm32h7xx_it.o
    0x08007cb8   0x08007cb8   0x00000004   Code   RO          528    i.UsageFault_Handler  stm32h7xx_it.o
    0x08007cbc   0x08007cbc   0x00000020   Code   RO         7311    i.__0printf$2       mc_w.l(printf2.o)
    0x08007cdc   0x08007cdc   0x00000010   Code   RO          688    i.__NVIC_GetPriorityGrouping  stm32h7xx_hal_cortex.o
    0x08007cec   0x08007cec   0x00000028   Code   RO          689    i.__NVIC_SetPriority  stm32h7xx_hal_cortex.o
    0x08007d14   0x08007d14   0x00000006   Code   RO         6271    i.__get_IPSR        cmsis_os2.o
    0x08007d1a   0x08007d1a   0x0000000e   Code   RO         7545    i.__scatterload_copy  mc_w.l(handlers.o)
    0x08007d28   0x08007d28   0x00000002   Code   RO         7546    i.__scatterload_null  mc_w.l(handlers.o)
    0x08007d2a   0x08007d2a   0x0000000e   Code   RO         7547    i.__scatterload_zeroinit  mc_w.l(handlers.o)
    0x08007d38   0x08007d38   0x000000d6   Code   RO         7318    i._printf_core      mc_w.l(printf2.o)
    0x08007e0e   0x08007e0e   0x00000002   PAD
    0x08007e10   0x08007e10   0x0000001c   Code   RO         6977    i.beepInit          driver_beep.o
    0x08007e2c   0x08007e2c   0x00000010   Code   RO         6978    i.beepUpdata        driver_beep.o
    0x08007e3c   0x08007e3c   0x00000028   Code   RO         7044    i.crc_ccitt         driver_motor.o
    0x08007e64   0x08007e64   0x00000018   Code   RO         7045    i.crc_ccitt_byte    driver_motor.o
    0x08007e7c   0x08007e7c   0x0000001c   Code   RO         7127    i.fputc             supervision.o
    0x08007e98   0x08007e98   0x00000038   Code   RO           17    i.main              main.o
    0x08007ed0   0x08007ed0   0x00000050   Code   RO         7046    i.motorSendTest     driver_motor.o
    0x08007f20   0x08007f20   0x00000024   Code   RO          261    i.motorTransTask    freertos.o
    0x08007f44   0x08007f44   0x00000018   Code   RO         7200    i.motorUpdataTask   motor.o
    0x08007f5c   0x08007f5c   0x0000013c   Code   RO         6979    i.musicUpdata       driver_beep.o
    0x08008098   0x08008098   0x0000001e   Code   RO         6272    i.osDelay           cmsis_os2.o
    0x080080b6   0x080080b6   0x00000002   PAD
    0x080080b8   0x080080b8   0x0000002c   Code   RO         6286    i.osKernelInitialize  cmsis_os2.o
    0x080080e4   0x080080e4   0x00000060   Code   RO         6289    i.osKernelStart     cmsis_os2.o
    0x08008144   0x08008144   0x000000b8   Code   RO         6331    i.osThreadNew       cmsis_os2.o
    0x080081fc   0x080081fc   0x0000007c   Code   RO         5706    i.prvAddCurrentTaskToDelayedList  tasks.o
    0x08008278   0x08008278   0x000000b8   Code   RO         5707    i.prvAddNewTaskToReadyList  tasks.o
    0x08008330   0x08008330   0x00000074   Code   RO         6082    i.prvCheckForValidListAndQueue  timers.o
    0x080083a4   0x080083a4   0x00000048   Code   RO         5708    i.prvCheckTasksWaitingTermination  tasks.o
    0x080083ec   0x080083ec   0x0000002a   Code   RO         5293    i.prvCopyDataFromQueue  queue.o
    0x08008416   0x08008416   0x0000007e   Code   RO         5294    i.prvCopyDataToQueue  queue.o
    0x08008494   0x08008494   0x00000050   Code   RO         5709    i.prvDeleteTCB      tasks.o
    0x080084e4   0x080084e4   0x00000028   Code   RO         6083    i.prvGetNextExpireTime  timers.o
    0x0800850c   0x0800850c   0x0000007c   Code   RO         6799    i.prvHeapInit       heap_4.o
    0x08008588   0x08008588   0x00000028   Code   RO         5710    i.prvIdleTask       tasks.o
    0x080085b0   0x080085b0   0x0000002a   Code   RO         5297    i.prvInitialiseNewQueue  queue.o
    0x080085da   0x080085da   0x000000be   Code   RO         5711    i.prvInitialiseNewTask  tasks.o
    0x08008698   0x08008698   0x00000068   Code   RO         5712    i.prvInitialiseTaskLists  tasks.o
    0x08008700   0x08008700   0x00000068   Code   RO         6800    i.prvInsertBlockIntoFreeList  heap_4.o
    0x08008768   0x08008768   0x00000058   Code   RO         6085    i.prvInsertTimerInActiveList  timers.o
    0x080087c0   0x080087c0   0x0000001a   Code   RO         5298    i.prvIsQueueEmpty   queue.o
    0x080087da   0x080087da   0x0000001e   Code   RO         5299    i.prvIsQueueFull    queue.o
    0x080087f8   0x080087f8   0x00000074   Code   RO         6086    i.prvProcessExpiredTimer  timers.o
    0x0800886c   0x0800886c   0x00000164   Code   RO         6087    i.prvProcessReceivedCommands  timers.o
    0x080089d0   0x080089d0   0x00000074   Code   RO         6088    i.prvProcessTimerOrBlockTask  timers.o
    0x08008a44   0x08008a44   0x00000034   Code   RO         5714    i.prvResetNextTaskUnblockTime  tasks.o
    0x08008a78   0x08008a78   0x0000002c   Code   RO         6089    i.prvSampleTimeNow  timers.o
    0x08008aa4   0x08008aa4   0x000000a4   Code   RO         6090    i.prvSwitchTimerLists  timers.o
    0x08008b48   0x08008b48   0x00000040   Code   RO         6855    i.prvTaskExitError  port.o
    0x08008b88   0x08008b88   0x0000001a   Code   RO         6091    i.prvTimerTask      timers.o
    0x08008ba2   0x08008ba2   0x0000007e   Code   RO         5300    i.prvUnlockQueue    queue.o
    0x08008c20   0x08008c20   0x0000014c   Code   RO         6801    i.pvPortMalloc      heap_4.o
    0x08008d6c   0x08008d6c   0x0000002c   Code   RO         6856    i.pxPortInitialiseStack  port.o
    0x08008d98   0x08008d98   0x00000034   Code   RO         7128    i.supervisionDriverInit  supervision.o
    0x08008dcc   0x08008dcc   0x00000012   Code   RO          262    i.supervisionTask   freertos.o
    0x08008dde   0x08008dde   0x00000002   PAD
    0x08008de0   0x08008de0   0x00000048   Code   RO         7129    i.supervisionUpdataTask  supervision.o
    0x08008e28   0x08008e28   0x00000020   Code   RO         7130    i.sysLog            supervision.o
    0x08008e48   0x08008e48   0x00000220   Code   RO         7047    i.unitreeLoadPack   driver_motor.o
    0x08009068   0x08009068   0x00000030   Code   RO         7048    i.unitreeMotorRevUpdata  driver_motor.o
    0x08009098   0x08009098   0x00000044   Code   RO         7049    i.unitreeMotorSendUpdata  driver_motor.o
    0x080090dc   0x080090dc   0x000000f0   Code   RO         7050    i.unitreeReceivePack  driver_motor.o
    0x080091cc   0x080091cc   0x00000028   Code   RO         5253    i.uxListRemove      list.o
    0x080091f4   0x080091f4   0x00000018   Code   RO         6343    i.vApplicationGetIdleTaskMemory  cmsis_os2.o
    0x0800920c   0x0800920c   0x00000018   Code   RO         6344    i.vApplicationGetTimerTaskMemory  cmsis_os2.o
    0x08009224   0x08009224   0x0000001a   Code   RO         5254    i.vListInitialise   list.o
    0x0800923e   0x0800923e   0x00000006   Code   RO         5255    i.vListInitialiseItem  list.o
    0x08009244   0x08009244   0x00000034   Code   RO         5256    i.vListInsert       list.o
    0x08009278   0x08009278   0x00000018   Code   RO         5257    i.vListInsertEnd    list.o
    0x08009290   0x08009290   0x00000054   Code   RO         6858    i.vPortEnterCritical  port.o
    0x080092e4   0x080092e4   0x0000003c   Code   RO         6859    i.vPortExitCritical  port.o
    0x08009320   0x08009320   0x000000a4   Code   RO         6802    i.vPortFree         heap_4.o
    0x080093c4   0x080093c4   0x00000028   Code   RO         6860    i.vPortSetupTimerInterrupt  port.o
    0x080093ec   0x080093ec   0x00000078   Code   RO         6861    i.vPortValidateInterruptPriority  port.o
    0x08009464   0x08009464   0x0000002c   Code   RO         5306    i.vQueueAddToRegistry  queue.o
    0x08009490   0x08009490   0x0000004a   Code   RO         5310    i.vQueueWaitForMessageRestricted  queue.o
    0x080094da   0x080094da   0x00000002   PAD
    0x080094dc   0x080094dc   0x0000005c   Code   RO         5727    i.vTaskDelay        tasks.o
    0x08009538   0x08009538   0x00000018   Code   RO         5732    i.vTaskInternalSetTimeOutState  tasks.o
    0x08009550   0x08009550   0x0000000c   Code   RO         5733    i.vTaskMissedYield  tasks.o
    0x0800955c   0x0800955c   0x00000038   Code   RO         5735    i.vTaskPlaceOnEventList  tasks.o
    0x08009594   0x08009594   0x00000040   Code   RO         5736    i.vTaskPlaceOnEventListRestricted  tasks.o
    0x080095d4   0x080095d4   0x000000b8   Code   RO         5744    i.vTaskStartScheduler  tasks.o
    0x0800968c   0x0800968c   0x00000010   Code   RO         5746    i.vTaskSuspendAll   tasks.o
    0x0800969c   0x0800969c   0x00000090   Code   RO         5747    i.vTaskSwitchContext  tasks.o
    0x0800972c   0x0800972c   0x00000018   Code   RO         6934    i.ws2812Init        driver_ws2812.o
    0x08009744   0x08009744   0x00000060   Code   RO         6935    i.ws2812SetColor    driver_ws2812.o
    0x080097a4   0x080097a4   0x000000b4   Code   RO         6936    i.ws2812Updata      driver_ws2812.o
    0x08009858   0x08009858   0x00000168   Code   RO         6862    i.xPortStartScheduler  port.o
    0x080099c0   0x080099c0   0x00000034   Code   RO         6863    i.xPortSysTickHandler  port.o
    0x080099f4   0x080099f4   0x000000e0   Code   RO         5316    i.xQueueGenericCreateStatic  queue.o
    0x08009ad4   0x08009ad4   0x00000098   Code   RO         5317    i.xQueueGenericReset  queue.o
    0x08009b6c   0x08009b6c   0x000001a8   Code   RO         5318    i.xQueueGenericSend  queue.o
    0x08009d14   0x08009d14   0x000000fc   Code   RO         5319    i.xQueueGenericSendFromISR  queue.o
    0x08009e10   0x08009e10   0x00000168   Code   RO         5328    i.xQueueReceive     queue.o
    0x08009f78   0x08009f78   0x0000008c   Code   RO         5749    i.xTaskCheckForTimeOut  tasks.o
    0x0800a004   0x0800a004   0x00000064   Code   RO         5750    i.xTaskCreate       tasks.o
    0x0800a068   0x0800a068   0x000000ba   Code   RO         5751    i.xTaskCreateStatic  tasks.o
    0x0800a122   0x0800a122   0x00000002   PAD
    0x0800a124   0x0800a124   0x00000020   Code   RO         5755    i.xTaskGetSchedulerState  tasks.o
    0x0800a144   0x0800a144   0x0000000c   Code   RO         5756    i.xTaskGetTickCount  tasks.o
    0x0800a150   0x0800a150   0x00000144   Code   RO         5758    i.xTaskIncrementTick  tasks.o
    0x0800a294   0x0800a294   0x000000a4   Code   RO         5761    i.xTaskPriorityDisinherit  tasks.o
    0x0800a338   0x0800a338   0x00000098   Code   RO         5763    i.xTaskRemoveFromEventList  tasks.o
    0x0800a3d0   0x0800a3d0   0x00000104   Code   RO         5764    i.xTaskResumeAll    tasks.o
    0x0800a4d4   0x0800a4d4   0x00000078   Code   RO         6100    i.xTimerCreateTimerTask  timers.o
    0x0800a54c   0x0800a54c   0x00000084   Code   RO         6101    i.xTimerGenericCommand  timers.o
    0x0800a5d0   0x0800a5d0   0x0000006c   Data   RO          263    .constdata          freertos.o
    0x0800a63c   0x0800a63c   0x00000008   Data   RO         1552    .constdata          stm32h7xx_hal_dma.o
    0x0800a644   0x0800a644   0x00000018   Data   RO         4610    .constdata          stm32h7xx_hal_uart.o
    0x0800a65c   0x0800a65c   0x00000010   Data   RO         4981    .constdata          stm32h7xx_hal_uart_ex.o
    0x0800a66c   0x0800a66c   0x00000010   Data   RO         5090    .constdata          system_stm32h7xx.o
    0x0800a67c   0x0800a67c   0x00000232   Data   RO         6980    .constdata          driver_beep.o
    0x0800a8ae   0x0800a8ae   0x00000200   Data   RO         7052    .constdata          driver_motor.o
    0x0800aaae   0x0800aaae   0x00000002   PAD
    0x0800aab0   0x0800aab0   0x0000002c   Data   RO          264    .conststring        freertos.o
    0x0800aadc   0x0800aadc   0x00000030   Data   RO         7543    Region$$Table       anon$$obj.o


    Execution Region RW_IRAM1 (Exec base: 0x20000000, Load base: 0x0800ab0c, Size: 0x00003c00, Max: 0x00020000, ABSOLUTE)

    Exec Addr    Load Addr    Size         Type   Attr      Idx    E Section Name        Object

    0x20000000        -       0x00003c00   Zero   RW         6807    .bss                heap_4.o


    Execution Region RW_IRAM2 (Exec base: 0x24000000, Load base: 0x0800ab0c, Size: 0x000019c8, Max: 0x00020000, ABSOLUTE)

    Exec Addr    Load Addr    Size         Type   Attr      Idx    E Section Name        Object

    0x24000000   0x0800ab0c   0x0000000c   Data   RW          265    .data               freertos.o
    0x2400000c   0x0800ab18   0x00000009   Data   RW         2284    .data               stm32h7xx_hal.o
    0x24000015   0x0800ab21   0x00000003   PAD
    0x24000018   0x0800ab24   0x00000008   Data   RW         5091    .data               system_stm32h7xx.o
    0x24000020   0x0800ab2c   0x0000003c   Data   RW         5767    .data               tasks.o
    0x2400005c   0x0800ab68   0x00000014   Data   RW         6109    .data               timers.o
    0x24000070   0x0800ab7c   0x00000004   Data   RW         6346    .data               cmsis_os2.o
    0x24000074   0x0800ab80   0x00000020   Data   RW         6808    .data               heap_4.o
    0x24000094   0x0800aba0   0x0000000c   Data   RW         6864    .data               port.o
    0x240000a0   0x0800abac   0x00000004   Data   RW         6937    .data               driver_ws2812.o
    0x240000a4   0x0800abb0   0x00000010   Data   RW         6981    .data               driver_beep.o
    0x240000b4   0x0800abc0   0x00000008   Data   RW         7053    .data               driver_motor.o
    0x240000bc   0x0800abc8   0x00000004   Data   RW         7131    .data               supervision.o
    0x240000c0   0x0800abcc   0x00000004   Data   RW         7519    .data               mc_w.l(stdout.o)
    0x240000c4        -       0x00000088   Zero   RW          377    .bss                spi.o
    0x2400014c        -       0x0000004c   Zero   RW          420    .bss                tim.o
    0x24000198        -       0x00000234   Zero   RW          469    .bss                usart.o
    0x240003cc        -       0x0000004c   Zero   RW          633    .bss                stm32h7xx_hal_timebase_tim.o
    0x24000418        -       0x00000040   Zero   RW         5332    .bss                queue.o
    0x24000458        -       0x000004c4   Zero   RW         5766    .bss                tasks.o
    0x2400091c        -       0x00000118   Zero   RW         6108    .bss                timers.o
    0x24000a34        -       0x000006b8   Zero   RW         6345    .bss                cmsis_os2.o
    0x240010ec   0x0800abd0   0x00000004   PAD
    0x240010f0        -       0x000000d4   Zero   RW         7051    .bss                driver_motor.o
    0x240011c4   0x0800abd0   0x00000004   PAD
    0x240011c8        -       0x00000800   Zero   RW            1    STACK               startup_stm32h723xx.o


==============================================================================

Image component sizes


      Code (inc. data)   RO Data    RW Data    ZI Data      Debug   Object Name

       430         38          0          4       1720      70927   cmsis_os2.o
        52          4          0          0          0        878   dma.o
       360         42        562         16          0       3298   driver_beep.o
      1044        142        512          8        212       7096   driver_motor.o
       300         22          0          4          0       2418   driver_ws2812.o
         0          0          0          0          0      19428   event_groups.o
       174         56        152         12          0       3180   freertos.o
       220         14          0          0          0       1127   gpio.o
       724         74          0         32      15360       4975   heap_4.o
       148          0          0          0          0       3686   list.o
       352         10          0          0          0    1203432   main.o
        24          8          0          0          0        454   motor.o
      1014         92          0         12          0      11773   port.o
      1922         20          0          0         64      17480   queue.o
       264         24          0          0        136       1861   spi.o
        36          8        716          0       2048        832   startup_stm32h723xx.o
       132         30          0          9          0      22322   stm32h7xx_hal.o
       458         38          0          0          0      41520   stm32h7xx_hal_cortex.o
      8650        164          8          0          0      13394   stm32h7xx_hal_dma.o
       524         50          0          0          0       2887   stm32h7xx_hal_gpio.o
        48          6          0          0          0        934   stm32h7xx_hal_msp.o
        96          6          0          0          0        773   stm32h7xx_hal_pwr_ex.o
      3496        120          0          0          0       7577   stm32h7xx_hal_rcc.o
      5140        112          0          0          0       7317   stm32h7xx_hal_rcc_ex.o
      1462         12          0          0          0       5062   stm32h7xx_hal_spi.o
      2752        284          0          0          0      14389   stm32h7xx_hal_tim.o
       234         38          0          0          0       3292   stm32h7xx_hal_tim_ex.o
       160         20          0          0         76       1647   stm32h7xx_hal_timebase_tim.o
      4558        172         24          0          0      37448   stm32h7xx_hal_uart.o
       512         14         16          0          0       6473   stm32h7xx_hal_uart_ex.o
       102         30          0          0          0       5277   stm32h7xx_it.o
         0          0          0          0          0        408   stream_buffer.o
       184         58          0          4          0       4017   supervision.o
       224         32         16          8          0       1398   system_stm32h7xx.o
      2808        346          0         60       1220      27486   tasks.o
       268         30          0          0         76       2425   tim.o
      1318        124          0         20        280      32943   timers.o
       944         72          0          0        564       3523   usart.o

    ----------------------------------------------------------------------
     41166       2312       2056        192      21764    1595357   Object Totals
         0          0         48          0          0          0   (incl. Generated)
        32          0          2          3          8          0   (incl. Padding)

    ----------------------------------------------------------------------

      Code (inc. data)   RO Data    RW Data    ZI Data      Debug   Library Member Name

         0          0          0          0          0          0   entry.o
         0          0          0          0          0          0   entry10a.o
         0          0          0          0          0          0   entry11a.o
         8          4          0          0          0          0   entry2.o
         4          0          0          0          0          0   entry5.o
         0          0          0          0          0          0   entry7b.o
         0          0          0          0          0          0   entry8b.o
         8          4          0          0          0          0   entry9a.o
        30          0          0          0          0          0   handlers.o
        36          8          0          0          0         68   init.o
        30          0          0          0          0         68   llshl.o
        32          0          0          0          0         68   llushr.o
        36          0          0          0          0         68   memcpya.o
        36          0          0          0          0        108   memseta.o
       246         10          0          0          0        176   printf2.o
         0          0          0          4          0          0   stdout.o
        98          0          0          0          0         92   uldiv.o

    ----------------------------------------------------------------------
       566         26          0          4          0        648   Library Totals
         2          0          0          0          0          0   (incl. Padding)

    ----------------------------------------------------------------------

      Code (inc. data)   RO Data    RW Data    ZI Data      Debug   Library Name

       564         26          0          4          0        648   mc_w.l

    ----------------------------------------------------------------------
       566         26          0          4          0        648   Library Totals

    ----------------------------------------------------------------------

==============================================================================


      Code (inc. data)   RO Data    RW Data    ZI Data      Debug   

     41732       2338       2056        196      21764    1574349   Grand Totals
     41732       2338       2056        196      21764    1574349   ELF Image Totals
     41732       2338       2056        196          0          0   ROM Totals

==============================================================================

    Total RO  Size (Code + RO Data)                43788 (  42.76kB)
    Total RW  Size (RW Data + ZI Data)             21960 (  21.45kB)
    Total ROM Size (Code + RO Data + RW Data)      43984 (  42.95kB)

==============================================================================

