Component: ARM Compiler 5.06 update 6 (build 750) Tool: armlink [4d35ed]

==============================================================================

Section Cross References

    startup_stm32h723xx.o(RESET) refers to startup_stm32h723xx.o(STACK) for __initial_sp
    startup_stm32h723xx.o(RESET) refers to startup_stm32h723xx.o(.text) for Reset_Handler
    startup_stm32h723xx.o(RESET) refers to stm32h7xx_it.o(i.NMI_Handler) for NMI_Handler
    startup_stm32h723xx.o(RESET) refers to stm32h7xx_it.o(i.HardFault_Handler) for HardFault_Handler
    startup_stm32h723xx.o(RESET) refers to stm32h7xx_it.o(i.MemManage_Handler) for MemManage_Handler
    startup_stm32h723xx.o(RESET) refers to stm32h7xx_it.o(i.BusFault_Handler) for BusFault_Handler
    startup_stm32h723xx.o(RESET) refers to stm32h7xx_it.o(i.UsageFault_Handler) for UsageFault_Handler
    startup_stm32h723xx.o(RESET) refers to port.o(.emb_text) for SVC_Handler
    startup_stm32h723xx.o(RESET) refers to stm32h7xx_it.o(i.DebugMon_Handler) for DebugMon_Handler
    startup_stm32h723xx.o(RESET) refers to cmsis_os2.o(i.SysTick_Handler) for SysTick_Handler
    startup_stm32h723xx.o(RESET) refers to stm32h7xx_it.o(i.DMA1_Stream1_IRQHandler) for DMA1_Stream1_IRQHandler
    startup_stm32h723xx.o(RESET) refers to stm32h7xx_it.o(i.DMA1_Stream3_IRQHandler) for DMA1_Stream3_IRQHandler
    startup_stm32h723xx.o(RESET) refers to stm32h7xx_it.o(i.FDCAN1_IT0_IRQHandler) for FDCAN1_IT0_IRQHandler
    startup_stm32h723xx.o(RESET) refers to stm32h7xx_it.o(i.USART1_IRQHandler) for USART1_IRQHandler
    startup_stm32h723xx.o(RESET) refers to stm32h7xx_it.o(i.USART2_IRQHandler) for USART2_IRQHandler
    startup_stm32h723xx.o(RESET) refers to stm32h7xx_it.o(i.USART3_IRQHandler) for USART3_IRQHandler
    startup_stm32h723xx.o(RESET) refers to stm32h7xx_it.o(i.TIM6_DAC_IRQHandler) for TIM6_DAC_IRQHandler
    startup_stm32h723xx.o(RESET) refers to stm32h7xx_it.o(i.DMA2_Stream1_IRQHandler) for DMA2_Stream1_IRQHandler
    startup_stm32h723xx.o(RESET) refers to stm32h7xx_it.o(i.DMA2_Stream4_IRQHandler) for DMA2_Stream4_IRQHandler
    startup_stm32h723xx.o(.text) refers to system_stm32h7xx.o(i.SystemInit) for SystemInit
    startup_stm32h723xx.o(.text) refers to entry.o(.ARM.Collect$$$$00000000) for __main
    main.o(i.HAL_TIM_PeriodElapsedCallback) refers to stm32h7xx_hal.o(i.HAL_IncTick) for HAL_IncTick
    main.o(i.SystemClock_Config) refers to memseta.o(.text) for __aeabi_memclr4
    main.o(i.SystemClock_Config) refers to stm32h7xx_hal_pwr_ex.o(i.HAL_PWREx_ConfigSupply) for HAL_PWREx_ConfigSupply
    main.o(i.SystemClock_Config) refers to stm32h7xx_hal_rcc.o(i.HAL_RCC_OscConfig) for HAL_RCC_OscConfig
    main.o(i.SystemClock_Config) refers to main.o(i.Error_Handler) for Error_Handler
    main.o(i.SystemClock_Config) refers to stm32h7xx_hal_rcc.o(i.HAL_RCC_ClockConfig) for HAL_RCC_ClockConfig
    main.o(i.main) refers to stm32h7xx_hal.o(i.HAL_Init) for HAL_Init
    main.o(i.main) refers to main.o(i.SystemClock_Config) for SystemClock_Config
    main.o(i.main) refers to gpio.o(i.MX_GPIO_Init) for MX_GPIO_Init
    main.o(i.main) refers to dma.o(i.MX_DMA_Init) for MX_DMA_Init
    main.o(i.main) refers to spi.o(i.MX_SPI6_Init) for MX_SPI6_Init
    main.o(i.main) refers to tim.o(i.MX_TIM12_Init) for MX_TIM12_Init
    main.o(i.main) refers to usart.o(i.MX_USART3_UART_Init) for MX_USART3_UART_Init
    main.o(i.main) refers to usart.o(i.MX_USART2_UART_Init) for MX_USART2_UART_Init
    main.o(i.main) refers to usart.o(i.MX_USART1_UART_Init) for MX_USART1_UART_Init
    main.o(i.main) refers to fdcan.o(i.MX_FDCAN1_Init) for MX_FDCAN1_Init
    main.o(i.main) refers to driver_dwt.o(i.DWT_Init) for DWT_Init
    main.o(i.main) refers to driver_fdcan.o(i.BSP_FDCAN_Init) for BSP_FDCAN_Init
    main.o(i.main) refers to cmsis_os2.o(i.osKernelInitialize) for osKernelInitialize
    main.o(i.main) refers to freertos.o(i.MX_FREERTOS_Init) for MX_FREERTOS_Init
    main.o(i.main) refers to cmsis_os2.o(i.osKernelStart) for osKernelStart
    gpio.o(i.MX_GPIO_Init) refers to memseta.o(.text) for __aeabi_memclr4
    gpio.o(i.MX_GPIO_Init) refers to stm32h7xx_hal_gpio.o(i.HAL_GPIO_WritePin) for HAL_GPIO_WritePin
    gpio.o(i.MX_GPIO_Init) refers to stm32h7xx_hal_gpio.o(i.HAL_GPIO_Init) for HAL_GPIO_Init
    freertos.o(i.MX_FREERTOS_Init) refers to cmsis_os2.o(i.osThreadNew) for osThreadNew
    freertos.o(i.MX_FREERTOS_Init) refers to freertos.o(.constdata) for defaultTask_attributes
    freertos.o(i.MX_FREERTOS_Init) refers to freertos.o(i.StartDefaultTask) for StartDefaultTask
    freertos.o(i.MX_FREERTOS_Init) refers to freertos.o(.data) for defaultTaskHandle
    freertos.o(i.MX_FREERTOS_Init) refers to freertos.o(i.supervisionTask) for supervisionTask
    freertos.o(i.MX_FREERTOS_Init) refers to freertos.o(i.motorTransTask) for motorTransTask
    freertos.o(i.StartDefaultTask) refers to stm32h7xx_hal_gpio.o(i.HAL_GPIO_ReadPin) for HAL_GPIO_ReadPin
[...]
    .bss                                     0x240015d8   Section       52  driver_fdcan.o(.bss)
    STACK                                    0x24001610   Section     2048  startup_stm32h723xx.o(STACK)

    Global Symbols

    Symbol Name                              Value     Ov Type        Size  Object(Section)

    BuildAttributes$$THM_ISAv4$E$P$D$K$B$S$7EM$VFPv5_D16$PE$PLD8$A:L22UL41UL21$X:L11$S22US41US21$IEEE1$IW$USESV6$~STKCKD$USESV7$~SHL$OSPACE$ROPI$EBA8$MICROLIB$REQ8$PRES8$EABIv2 0x00000000   Number         0  anon$$obj.o ABSOLUTE
    __ARM_use_no_argv                        0x00000000   Number         0  main.o ABSOLUTE
    _printf_a                                0x00000000   Number         0  stubs.o ABSOLUTE
    _printf_c                                0x00000000   Number         0  stubs.o ABSOLUTE
    _printf_charcount                        0x00000000   Number         0  stubs.o ABSOLUTE
    _printf_d                                0x00000000   Number         0  stubs.o ABSOLUTE
    _printf_e                                0x00000000   Number         0  stubs.o ABSOLUTE
    _printf_f                                0x00000000   Number         0  stubs.o ABSOLUTE
    _printf_flags                            0x00000000   Number         0  stubs.o ABSOLUTE
    _printf_fp_dec                           0x00000000   Number         0  stubs.o ABSOLUTE
    _printf_fp_hex                           0x00000000   Number         0  stubs.o ABSOLUTE
    _printf_g                                0x00000000   Number         0  stubs.o ABSOLUTE
    _printf_i                                0x00000000   Number         0  stubs.o ABSOLUTE
    _printf_int_dec                          0x00000000   Number         0  stubs.o ABSOLUTE
    _printf_l                                0x00000000   Number         0  stubs.o ABSOLUTE
    _printf_lc                               0x00000000   Number         0  stubs.o ABSOLUTE
    _printf_ll                               0x00000000   Number         0  stubs.o ABSOLUTE
    _printf_lld                              0x00000000   Number         0  stubs.o ABSOLUTE
    _printf_lli                              0x00000000   Number         0  stubs.o ABSOLUTE
    _printf_llo                              0x00000000   Number         0  stubs.o ABSOLUTE
    _printf_llu                              0x00000000   Number         0  stubs.o ABSOLUTE
    _printf_llx                              0x00000000   Number         0  stubs.o ABSOLUTE
    _printf_longlong_dec                     0x00000000   Number         0  stubs.o ABSOLUTE
    _printf_longlong_hex                     0x00000000   Number         0  stubs.o ABSOLUTE
    _printf_longlong_oct                     0x00000000   Number         0  stubs.o ABSOLUTE
    _printf_ls                               0x00000000   Number         0  stubs.o ABSOLUTE
    _printf_mbtowc                           0x00000000   Number         0  stubs.o ABSOLUTE
    _printf_n                                0x00000000   Number         0  stubs.o ABSOLUTE
    _printf_o                                0x00000000   Number         0  stubs.o ABSOLUTE
    _printf_p                                0x00000000   Number         0  stubs.o ABSOLUTE
    _printf_percent                          0x00000000   Number         0  stubs.o ABSOLUTE
    _printf_pre_padding                      0x00000000   Number         0  stubs.o ABSOLUTE
    _printf_return_value                     0x00000000   Number         0  stubs.o ABSOLUTE
    _printf_s                                0x00000000   Number         0  stubs.o ABSOLUTE
    _printf_sizespec                         0x00000000   Number         0  stubs.o ABSOLUTE
    _printf_str                              0x00000000   Number         0  stubs.o ABSOLUTE
    _printf_truncate_signed                  0x00000000   Number         0  stubs.o ABSOLUTE
    _printf_truncate_unsigned                0x00000000   Number         0  stubs.o ABSOLUTE
    _printf_u                                0x00000000   Number         0  stubs.o ABSOLUTE
    _printf_wc                               0x00000000   Number         0  stubs.o ABSOLUTE
    _printf_wctomb                           0x00000000   Number         0  stubs.o ABSOLUTE
    _printf_widthprec                        0x00000000   Number         0  stubs.o ABSOLUTE
    _printf_x                                0x00000000   Number         0  stubs.o ABSOLUTE
    __cpp_initialize__aeabi_                  - Undefined Weak Reference
    __cxa_finalize                            - Undefined Weak Reference
    _clock_init                               - Undefined Weak Reference
    _microlib_exit                            - Undefined Weak Reference
    __Vectors_Size                           0x000002cc   Number         0  startup_stm32h723xx.o ABSOLUTE
    __Vectors                                0x08000000   Data           4  startup_stm32h723xx.o(RESET)
    __Vectors_End                            0x080002cc   Data           0  startup_stm32h723xx.o(RESET)
    __main                                   0x080002cd   Thumb Code     0  entry.o(.ARM.Collect$$$$00000000)
    _main_stk                                0x080002cd   Thumb Code     0  entry2.o(.ARM.Collect$$$$00000001)
    _main_scatterload                        0x080002d1   Thumb Code     0  entry5.o(.ARM.Collect$$$$00000004)
    __main_after_scatterload                 0x080002d5   Thumb Code     0  entry5.o(.ARM.Collect$$$$00000004)
    _main_clock                              0x080002d5   Thumb Code     0  entry7b.o(.ARM.Collect$$$$00000008)
    _main_cpp_init                           0x080002d5   Thumb Code     0  entry8b.o(.ARM.Collect$$$$0000000A)
    _main_init                               0x080002d5   Thumb Code     0  entry9a.o(.ARM.Collect$$$$0000000B)
    __rt_final_cpp                           0x080002dd   Thumb Code     0  entry10a.o(.ARM.Collect$$$$0000000D)
    __rt_final_exit                          0x080002dd   Thumb Code     0  entry11a.o(.ARM.Collect$$$$0000000F)
    SVC_Handler                              0x080002e1   Thumb Code    28  port.o(.emb_text)
    __asm___6_port_c_39a90d8d__prvStartFirstTask 0x08000301   Thumb Code    36  port.o(.emb_text)
    __asm___6_port_c_39a90d8d__prvEnableVFP  0x08000329   Thumb Code    16  port.o(.emb_text)
    PendSV_Handler                           0x0800033d   Thumb Code    88  port.o(.emb_text)
    vPortGetIPSR                             0x08000399   Thumb Code     6  port.o(.emb_text)
    Reset_Handler                            0x080003a1   Thumb Code     8  startup_stm32h723xx.o(.text)
    ADC3_IRQHandler                          0x080003bb   Thumb Code     0  startup_stm32h723xx.o(.text)
    ADC_IRQHandler                           0x080003bb   Thumb Code     0  startup_stm32h723xx.o(.text)
    BDMA_Channel0_IRQHandler                 0x080003bb   Thumb Code     0  startup_stm32h723xx.o(.text)
    BDMA_Channel1_IRQHandler                 0x080003bb   Thumb Code     0  startup_stm32h723xx.o(.text)
    BDMA_Channel2_IRQHandler                 0x080003bb   Thumb Code     0  startup_stm32h723xx.o(.text)
    BDMA_Channel3_IRQHandler                 0x080003bb   Thumb Code     0  startup_stm32h723xx.o(.text)
    BDMA_Channel4_IRQHandler                 0x080003bb   Thumb Code     0  startup_stm32h723xx.o(.text)
    BDMA_Channel5_IRQHandler                 0x080003bb   Thumb Code     0  startup_stm32h723xx.o(.text)
    BDMA_Channel6_IRQHandler                 0x080003bb   Thumb Code     0  startup_stm32h723xx.o(.text)
    BDMA_Channel7_IRQHandler                 0x080003bb   Thumb Code     0  startup_stm32h723xx.o(.text)
    CEC_IRQHandler                           0x080003bb   Thumb Code     0  startup_stm32h723xx.o(.text)
    COMP1_IRQHandler                         0x080003bb   Thumb Code     0  startup_stm32h723xx.o(.text)
    CORDIC_IRQHandler                        0x080003bb   Thumb Code     0  startup_stm32h723xx.o(.text)
    CRS_IRQHandler                           0x080003bb   Thumb Code     0  startup_stm32h723xx.o(.text)
    DCMI_PSSI_IRQHandler                     0x080003bb   Thumb Code     0  startup_stm32h723xx.o(.text)
    DFSDM1_FLT0_IRQHandler                   0x080003bb   Thumb Code     0  startup_stm32h723xx.o(.text)
    DFSDM1_FLT1_IRQHandler                   0x080003bb   Thumb Code     0  startup_stm32h723xx.o(.text)
    DFSDM1_FLT2_IRQHandler                   0x080003bb   Thumb Code     0  startup_stm32h723xx.o(.text)
    DFSDM1_FLT3_IRQHandler                   0x080003bb   Thumb Code     0  startup_stm32h723xx.o(.text)
    DMA1_Stream0_IRQHandler                  0x080003bb   Thumb Code     0  startup_stm32h723xx.o(.text)
    DMA1_Stream2_IRQHandler                  0x080003bb   Thumb Code     0  startup_stm32h723xx.o(.text)
    DMA1_Stream4_IRQHandler                  0x080003bb   Thumb Code     0  startup_stm32h723xx.o(.text)
    DMA1_Stream5_IRQHandler                  0x080003bb   Thumb Code     0  startup_stm32h723xx.o(.text)
    DMA1_Stream6_IRQHandler                  0x080003bb   Thumb Code     0  startup_stm32h723xx.o(.text)
    DMA1_Stream7_IRQHandler                  0x080003bb   Thumb Code     0  startup_stm32h723xx.o(.text)
    DMA2D_IRQHandler                         0x080003bb   Thumb Code     0  startup_stm32h723xx.o(.text)
    DMA2_Stream0_IRQHandler                  0x080003bb   Thumb Code     0  startup_stm32h723xx.o(.text)
    DMA2_Stream2_IRQHandler                  0x080003bb   Thumb Code     0  startup_stm32h723xx.o(.text)
    DMA2_Stream3_IRQHandler                  0x080003bb   Thumb Code     0  startup_stm32h723xx.o(.text)
    DMA2_Stream5_IRQHandler                  0x080003bb   Thumb Code     0  startup_stm32h723xx.o(.text)
    DMA2_Stream6_IRQHandler                  0x080003bb   Thumb Code     0  startup_stm32h723xx.o(.text)
    DMA2_Stream7_IRQHandler                  0x080003bb   Thumb Code     0  startup_stm32h723xx.o(.text)
    DMAMUX1_OVR_IRQHandler                   0x080003bb   Thumb Code     0  startup_stm32h723xx.o(.text)
    DMAMUX2_OVR_IRQHandler                   0x080003bb   Thumb Code     0  startup_stm32h723xx.o(.text)
    DTS_IRQHandler                           0x080003bb   Thumb Code     0  startup_stm32h723xx.o(.text)
    ECC_IRQHandler                           0x080003bb   Thumb Code     0  startup_stm32h723xx.o(.text)
    ETH_IRQHandler                           0x080003bb   Thumb Code     0  startup_stm32h723xx.o(.text)
    ETH_WKUP_IRQHandler                      0x080003bb   Thumb Code     0  startup_stm32h723xx.o(.text)
    EXTI0_IRQHandler                         0x080003bb   Thumb Code     0  startup_stm32h723xx.o(.text)
    EXTI15_10_IRQHandler                     0x080003bb   Thumb Code     0  startup_stm32h723xx.o(.text)
    EXTI1_IRQHandler                         0x080003bb   Thumb Code     0  startup_stm32h723xx.o(.text)
    EXTI2_IRQHandler                         0x080003bb   Thumb Code     0  startup_stm32h723xx.o(.text)
    EXTI3_IRQHandler                         0x080003bb   Thumb Code     0  startup_stm32h723xx.o(.text)
    EXTI4_IRQHandler                         0x080003bb   Thumb Code     0  startup_stm32h723xx.o(.text)
    EXTI9_5_IRQHandler                       0x080003bb   Thumb Code     0  startup_stm32h723xx.o(.text)
    FDCAN1_IT1_IRQHandler                    0x080003bb   Thumb Code     0  startup_stm32h723xx.o(.text)
    FDCAN2_IT0_IRQHandler                    0x080003bb   Thumb Code     0  startup_stm32h723xx.o(.text)
    FDCAN2_IT1_IRQHandler                    0x080003bb   Thumb Code     0  startup_stm32h723xx.o(.text)
    FDCAN3_IT0_IRQHandler                    0x080003bb   Thumb Code     0  startup_stm32h723xx.o(.text)
    FDCAN3_IT1_IRQHandler                    0x080003bb   Thumb Code     0  startup_stm32h723xx.o(.text)
    FDCAN_CAL_IRQHandler                     0x080003bb   Thumb Code     0  startup_stm32h723xx.o(.text)
    FLASH_IRQHandler                         0x080003bb   Thumb Code     0  startup_stm32h723xx.o(.text)
    FMAC_IRQHandler                          0x080003bb   Thumb Code     0  startup_stm32h723xx.o(.text)
    FMC_IRQHandler                           0x080003bb   Thumb Code     0  startup_stm32h723xx.o(.text)
    FPU_IRQHandler                           0x080003bb   Thumb Code     0  startup_stm32h723xx.o(.text)
    HSEM1_IRQHandler                         0x080003bb   Thumb Code     0  startup_stm32h723xx.o(.text)
    I2C1_ER_IRQHandler                       0x080003bb   Thumb Code     0  startup_stm32h723xx.o(.text)
    I2C1_EV_IRQHandler                       0x080003bb   Thumb Code     0  startup_stm32h723xx.o(.text)
    I2C2_ER_IRQHandler                       0x080003bb   Thumb Code     0  startup_stm32h723xx.o(.text)
    I2C2_EV_IRQHandler                       0x080003bb   Thumb Code     0  startup_stm32h723xx.o(.text)
    I2C3_ER_IRQHandler                       0x080003bb   Thumb Code     0  startup_stm32h723xx.o(.text)
    I2C3_EV_IRQHandler                       0x080003bb   Thumb Code     0  startup_stm32h723xx.o(.text)
    I2C4_ER_IRQHandler                       0x080003bb   Thumb Code     0  startup_stm32h723xx.o(.text)
    I2C4_EV_IRQHandler                       0x080003bb   Thumb Code     0  startup_stm32h723xx.o(.text)
    I2C5_ER_IRQHandler                       0x080003bb   Thumb Code     0  startup_stm32h723xx.o(.text)
    I2C5_EV_IRQHandler                       0x080003bb   Thumb Code     0  startup_stm32h723xx.o(.text)
    LPTIM1_IRQHandler                        0x080003bb   Thumb Code     0  startup_stm32h723xx.o(.text)
    LPTIM2_IRQHandler                        0x080003bb   Thumb Code     0  startup_stm32h723xx.o(.text)
    LPTIM3_IRQHandler                        0x080003bb   Thumb Code     0  startup_stm32h723xx.o(.text)
    LPTIM4_IRQHandler                        0x080003bb   Thumb Code     0  startup_stm32h723xx.o(.text)
    LPTIM5_IRQHandler                        0x080003bb   Thumb Code     0  startup_stm32h723xx.o(.text)
    LPUART1_IRQHandler                       0x080003bb   Thumb Code     0  startup_stm32h723xx.o(.text)
    LTDC_ER_IRQHandler                       0x080003bb   Thumb Code     0  startup_stm32h723xx.o(.text)
    LTDC_IRQHandler                          0x080003bb   Thumb Code     0  startup_stm32h723xx.o(.text)
    MDIOS_IRQHandler                         0x080003bb   Thumb Code     0  startup_stm32h723xx.o(.text)
    MDIOS_WKUP_IRQHandler                    0x080003bb   Thumb Code     0  startup_stm32h723xx.o(.text)
    MDMA_IRQHandler                          0x080003bb   Thumb Code     0  startup_stm32h723xx.o(.text)
    OCTOSPI1_IRQHandler                      0x080003bb   Thumb Code     0  startup_stm32h723xx.o(.text)
    OCTOSPI2_IRQHandler                      0x080003bb   Thumb Code     0  startup_stm32h723xx.o(.text)
    OTG_HS_EP1_IN_IRQHandler                 0x080003bb   Thumb Code     0  startup_stm32h723xx.o(.text)
    OTG_HS_EP1_OUT_IRQHandler                0x080003bb   Thumb Code     0  startup_stm32h723xx.o(.text)
    OTG_HS_IRQHandler                        0x080003bb   Thumb Code     0  startup_stm32h723xx.o(.text)
    OTG_HS_WKUP_IRQHandler                   0x080003bb   Thumb Code     0  startup_stm32h723xx.o(.text)
    PVD_AVD_IRQHandler                       0x080003bb   Thumb Code     0  startup_stm32h723xx.o(.text)
    RCC_IRQHandler                           0x080003bb   Thumb Code     0  startup_stm32h723xx.o(.text)
    RNG_IRQHandler                           0x080003bb   Thumb Code     0  startup_stm32h723xx.o(.text)
    RTC_Alarm_IRQHandler                     0x080003bb   Thumb Code     0  startup_stm32h723xx.o(.text)
    RTC_WKUP_IRQHandler                      0x080003bb   Thumb Code     0  startup_stm32h723xx.o(.text)
    SAI1_IRQHandler                          0x080003bb   Thumb Code     0  startup_stm32h723xx.o(.text)
    SAI4_IRQHandler                          0x080003bb   Thumb Code     0  startup_stm32h723xx.o(.text)
    SDMMC1_IRQHandler                        0x080003bb   Thumb Code     0  startup_stm32h723xx.o(.text)
    SDMMC2_IRQHandler                        0x080003bb   Thumb Code     0  startup_stm32h723xx.o(.text)
    SPDIF_RX_IRQHandler                      0x080003bb   Thumb Code     0  startup_stm32h723xx.o(.text)
    SPI1_IRQHandler                          0x080003bb   Thumb Code     0  startup_stm32h723xx.o(.text)
    SPI2_IRQHandler                          0x080003bb   Thumb Code     0  startup_stm32h723xx.o(.text)
    SPI3_IRQHandler                          0x080003bb   Thumb Code     0  startup_stm32h723xx.o(.text)
    SPI4_IRQHandler                          0x080003bb   Thumb Code     0  startup_stm32h723xx.o(.text)
    SPI5_IRQHandler                          0x080003bb   Thumb Code     0  startup_stm32h723xx.o(.text)
    SPI6_IRQHandler                          0x080003bb   Thumb Code     0  startup_stm32h723xx.o(.text)
    SWPMI1_IRQHandler                        0x080003bb   Thumb Code     0  startup_stm32h723xx.o(.text)
    TAMP_STAMP_IRQHandler                    0x080003bb   Thumb Code     0  startup_stm32h723xx.o(.text)
    TIM15_IRQHandler                         0x080003bb   Thumb Code     0  startup_stm32h723xx.o(.text)
    TIM16_IRQHandler                         0x080003bb   Thumb Code     0  startup_stm32h723xx.o(.text)
    TIM17_IRQHandler                         0x080003bb   Thumb Code     0  startup_stm32h723xx.o(.text)
    TIM1_BRK_IRQHandler                      0x080003bb   Thumb Code     0  startup_stm32h723xx.o(.text)
    TIM1_CC_IRQHandler                       0x080003bb   Thumb Code     0  startup_stm32h723xx.o(.text)
    TIM1_TRG_COM_IRQHandler                  0x080003bb   Thumb Code     0  startup_stm32h723xx.o(.text)
    TIM1_UP_IRQHandler                       0x080003bb   Thumb Code     0  startup_stm32h723xx.o(.text)
    TIM23_IRQHandler                         0x080003bb   Thumb Code     0  startup_stm32h723xx.o(.text)
    TIM24_IRQHandler                         0x080003bb   Thumb Code     0  startup_stm32h723xx.o(.text)
    TIM2_IRQHandler                          0x080003bb   Thumb Code     0  startup_stm32h723xx.o(.text)
    TIM3_IRQHandler                          0x080003bb   Thumb Code     0  startup_stm32h723xx.o(.text)
    TIM4_IRQHandler                          0x080003bb   Thumb Code     0  startup_stm32h723xx.o(.text)
    TIM5_IRQHandler                          0x080003bb   Thumb Code     0  startup_stm32h723xx.o(.text)
    TIM7_IRQHandler                          0x080003bb   Thumb Code     0  startup_stm32h723xx.o(.text)
    TIM8_BRK_TIM12_IRQHandler                0x080003bb   Thumb Code     0  startup_stm32h723xx.o(.text)
    TIM8_CC_IRQHandler                       0x080003bb   Thumb Code     0  startup_stm32h723xx.o(.text)
    TIM8_TRG_COM_TIM14_IRQHandler            0x080003bb   Thumb Code     0  startup_stm32h723xx.o(.text)
    TIM8_UP_TIM13_IRQHandler                 0x080003bb   Thumb Code     0  startup_stm32h723xx.o(.text)
    UART4_IRQHandler                         0x080003bb   Thumb Code     0  startup_stm32h723xx.o(.text)
    UART5_IRQHandler                         0x080003bb   Thumb Code     0  startup_stm32h723xx.o(.text)
    UART7_IRQHandler                         0x080003bb   Thumb Code     0  startup_stm32h723xx.o(.text)
    UART8_IRQHandler                         0x080003bb   Thumb Code     0  startup_stm32h723xx.o(.text)
    UART9_IRQHandler                         0x080003bb   Thumb Code     0  startup_stm32h723xx.o(.text)
    USART10_IRQHandler                       0x080003bb   Thumb Code     0  startup_stm32h723xx.o(.text)
    USART6_IRQHandler                        0x080003bb   Thumb Code     0  startup_stm32h723xx.o(.text)
    WAKEUP_PIN_IRQHandler                    0x080003bb   Thumb Code     0  startup_stm32h723xx.o(.text)
    WWDG_IRQHandler                          0x080003bb   Thumb Code     0  startup_stm32h723xx.o(.text)
    __aeabi_uldivmod                         0x080003c5   Thumb Code    98  uldiv.o(.text)
    __aeabi_memcpy                           0x08000427   Thumb Code    36  memcpya.o(.text)
    __aeabi_memcpy4                          0x08000427   Thumb Code     0  memcpya.o(.text)
    __aeabi_memcpy8                          0x08000427   Thumb Code     0  memcpya.o(.text)
    __aeabi_memset                           0x0800044b   Thumb Code    14  memseta.o(.text)
    __aeabi_memset4                          0x0800044b   Thumb Code     0  memseta.o(.text)
    __aeabi_memset8                          0x0800044b   Thumb Code     0  memseta.o(.text)
    __aeabi_memclr                           0x08000459   Thumb Code     4  memseta.o(.text)
    __aeabi_memclr4                          0x08000459   Thumb Code     0  memseta.o(.text)
    __aeabi_memclr8                          0x08000459   Thumb Code     0  memseta.o(.text)
    memset                                   0x0800045d   Thumb Code    18  memseta.o(.text)
    __aeabi_llsl                             0x0800046f   Thumb Code    30  llshl.o(.text)
    _ll_shift_l                              0x0800046f   Thumb Code     0  llshl.o(.text)
    __aeabi_llsr                             0x0800048d   Thumb Code    32  llushr.o(.text)
    _ll_ushift_r                             0x0800048d   Thumb Code     0  llushr.o(.text)
    __scatterload                            0x080004ad   Thumb Code    28  init.o(.text)
    __scatterload_rt2                        0x080004ad   Thumb Code     0  init.o(.text)
    __decompress                             0x080004d1   Thumb Code     0  __dczerorl2.o(.text)
    __decompress1                            0x080004d1   Thumb Code    86  __dczerorl2.o(.text)
    BSP_FDCAN_Init                           0x08000529   Thumb Code    68  driver_fdcan.o(i.BSP_FDCAN_Init)
    BusFault_Handler                         0x08000571   Thumb Code     4  stm32h7xx_it.o(i.BusFault_Handler)
    DMA1_Stream1_IRQHandler                  0x08000575   Thumb Code    10  stm32h7xx_it.o(i.DMA1_Stream1_IRQHandler)
    DMA1_Stream3_IRQHandler                  0x08000585   Thumb Code    10  stm32h7xx_it.o(i.DMA1_Stream3_IRQHandler)
    DMA2_Stream1_IRQHandler                  0x08000595   Thumb Code    10  stm32h7xx_it.o(i.DMA2_Stream1_IRQHandler)
    DMA2_Stream4_IRQHandler                  0x080005a5   Thumb Code    10  stm32h7xx_it.o(i.DMA2_Stream4_IRQHandler)
    DWT_Delay                                0x08000b6d   Thumb Code    50  driver_dwt.o(i.DWT_Delay)
    DWT_Init                                 0x08000ba9   Thumb Code    82  driver_dwt.o(i.DWT_Init)
    DebugMon_Handler                         0x08000c19   Thumb Code     2  stm32h7xx_it.o(i.DebugMon_Handler)
    Error_Handler                            0x08000c1b   Thumb Code     6  main.o(i.Error_Handler)
    FDCAN1_IT0_IRQHandler                    0x08000c21   Thumb Code    10  stm32h7xx_it.o(i.FDCAN1_IT0_IRQHandler)
    HAL_DMA_Abort                            0x08000f41   Thumb Code  1236  stm32h7xx_hal_dma.o(i.HAL_DMA_Abort)
    HAL_DMA_Abort_IT                         0x0800141d   Thumb Code   906  stm32h7xx_hal_dma.o(i.HAL_DMA_Abort_IT)
    HAL_DMA_IRQHandler                       0x080017b5   Thumb Code  2798  stm32h7xx_hal_dma.o(i.HAL_DMA_IRQHandler)
    HAL_DMA_Init                             0x080022ad   Thumb Code  1292  stm32h7xx_hal_dma.o(i.HAL_DMA_Init)
    HAL_DMA_Start_IT                         0x080027c1   Thumb Code   980  stm32h7xx_hal_dma.o(i.HAL_DMA_Start_IT)
    HAL_FDCAN_ActivateNotification           0x08002ba1   Thumb Code   158  stm32h7xx_hal_fdcan.o(i.HAL_FDCAN_ActivateNotification)
    HAL_FDCAN_AddMessageToTxFifoQ            0x08002c49   Thumb Code   144  stm32h7xx_hal_fdcan.o(i.HAL_FDCAN_AddMessageToTxFifoQ)
    HAL_FDCAN_ClockCalibrationCallback       0x08002cd9   Thumb Code     2  stm32h7xx_hal_fdcan.o(i.HAL_FDCAN_ClockCalibrationCallback)
    HAL_FDCAN_ConfigFilter                   0x08002cdb   Thumb Code   168  stm32h7xx_hal_fdcan.o(i.HAL_FDCAN_ConfigFilter)
    HAL_FDCAN_ConfigGlobalFilter             0x08002d83   Thumb Code    52  stm32h7xx_hal_fdcan.o(i.HAL_FDCAN_ConfigGlobalFilter)
    HAL_FDCAN_ErrorCallback                  0x08002db7   Thumb Code     2  stm32h7xx_hal_fdcan.o(i.HAL_FDCAN_ErrorCallback)
    HAL_FDCAN_ErrorStatusCallback            0x08002db9   Thumb Code     2  stm32h7xx_hal_fdcan.o(i.HAL_FDCAN_ErrorStatusCallback)
    HAL_FDCAN_GetRxMessage                   0x08002dbd   Thumb Code   494  stm32h7xx_hal_fdcan.o(i.HAL_FDCAN_GetRxMessage)
    HAL_FDCAN_HighPriorityMessageCallback    0x08002fb1   Thumb Code     2  stm32h7xx_hal_fdcan.o(i.HAL_FDCAN_HighPriorityMessageCallback)
    HAL_FDCAN_IRQHandler                     0x08002fb5   Thumb Code   966  stm32h7xx_hal_fdcan.o(i.HAL_FDCAN_IRQHandler)
    HAL_FDCAN_Init                           0x08003389   Thumb Code   726  stm32h7xx_hal_fdcan.o(i.HAL_FDCAN_Init)
    HAL_FDCAN_MspInit                        0x08003669   Thumb Code   162  fdcan.o(i.HAL_FDCAN_MspInit)
    HAL_FDCAN_RxBufferNewMessageCallback     0x08003719   Thumb Code     2  stm32h7xx_hal_fdcan.o(i.HAL_FDCAN_RxBufferNewMessageCallback)
    HAL_FDCAN_RxFifo0Callback                0x0800371d   Thumb Code    32  driver_fdcan.o(i.HAL_FDCAN_RxFifo0Callback)
    HAL_FDCAN_RxFifo1Callback                0x08003741   Thumb Code     2  stm32h7xx_hal_fdcan.o(i.HAL_FDCAN_RxFifo1Callback)
    HAL_FDCAN_Start                          0x08003743   Thumb Code    52  stm32h7xx_hal_fdcan.o(i.HAL_FDCAN_Start)
    HAL_FDCAN_TT_GlobalTimeCallback          0x08003777   Thumb Code     2  stm32h7xx_hal_fdcan.o(i.HAL_FDCAN_TT_GlobalTimeCallback)
    HAL_FDCAN_TT_ScheduleSyncCallback        0x08003779   Thumb Code     2  stm32h7xx_hal_fdcan.o(i.HAL_FDCAN_TT_ScheduleSyncCallback)
    HAL_FDCAN_TT_StopWatchCallback           0x0800377b   Thumb Code     2  stm32h7xx_hal_fdcan.o(i.HAL_FDCAN_TT_StopWatchCallback)
    HAL_FDCAN_TT_TimeMarkCallback            0x0800377d   Thumb Code     2  stm32h7xx_hal_fdcan.o(i.HAL_FDCAN_TT_TimeMarkCallback)
    HAL_FDCAN_TimeoutOccurredCallback        0x0800377f   Thumb Code     2  stm32h7xx_hal_fdcan.o(i.HAL_FDCAN_TimeoutOccurredCallback)
    HAL_FDCAN_TimestampWraparoundCallback    0x08003781   Thumb Code     2  stm32h7xx_hal_fdcan.o(i.HAL_FDCAN_TimestampWraparoundCallback)
    HAL_FDCAN_TxBufferAbortCallback          0x08003783   Thumb Code     2  stm32h7xx_hal_fdcan.o(i.HAL_FDCAN_TxBufferAbortCallback)
    HAL_FDCAN_TxBufferCompleteCallback       0x08003785   Thumb Code     2  stm32h7xx_hal_fdcan.o(i.HAL_FDCAN_TxBufferCompleteCallback)
    HAL_FDCAN_TxEventFifoCallback            0x08003787   Thumb Code     2  stm32h7xx_hal_fdcan.o(i.HAL_FDCAN_TxEventFifoCallback)
    HAL_FDCAN_TxFifoEmptyCallback            0x08003789   Thumb Code     2  stm32h7xx_hal_fdcan.o(i.HAL_FDCAN_TxFifoEmptyCallback)
    HAL_GPIO_Init                            0x0800378d   Thumb Code   446  stm32h7xx_hal_gpio.o(i.HAL_GPIO_Init)
    HAL_GPIO_ReadPin                         0x0800397d   Thumb Code    16  stm32h7xx_hal_gpio.o(i.HAL_GPIO_ReadPin)
    HAL_GPIO_WritePin                        0x0800398d   Thumb Code    12  stm32h7xx_hal_gpio.o(i.HAL_GPIO_WritePin)
    HAL_GetTick                              0x08003999   Thumb Code     6  stm32h7xx_hal.o(i.HAL_GetTick)
    HAL_IncTick                              0x080039a5   Thumb Code    16  stm32h7xx_hal.o(i.HAL_IncTick)
    HAL_Init                                 0x080039bd   Thumb Code    80  stm32h7xx_hal.o(i.HAL_Init)
    HAL_InitTick                             0x08003a1d   Thumb Code   140  stm32h7xx_hal_timebase_tim.o(i.HAL_InitTick)
    HAL_MspInit                              0x08003abd   Thumb Code    42  stm32h7xx_hal_msp.o(i.HAL_MspInit)
    HAL_NVIC_EnableIRQ                       0x08003aed   Thumb Code    40  stm32h7xx_hal_cortex.o(i.HAL_NVIC_EnableIRQ)
    HAL_NVIC_SetPriority                     0x08003b15   Thumb Code   122  stm32h7xx_hal_cortex.o(i.HAL_NVIC_SetPriority)
    HAL_NVIC_SetPriorityGrouping             0x08003b91   Thumb Code    32  stm32h7xx_hal_cortex.o(i.HAL_NVIC_SetPriorityGrouping)
    HAL_PWREx_ConfigSupply                   0x08003bb9   Thumb Code    90  stm32h7xx_hal_pwr_ex.o(i.HAL_PWREx_ConfigSupply)
    HAL_RCCEx_GetD3PCLK1Freq                 0x08003c19   Thumb Code    26  stm32h7xx_hal_rcc_ex.o(i.HAL_RCCEx_GetD3PCLK1Freq)
    HAL_RCCEx_GetPLL2ClockFreq               0x08003c3d   Thumb Code   536  stm32h7xx_hal_rcc_ex.o(i.HAL_RCCEx_GetPLL2ClockFreq)
    HAL_RCCEx_GetPLL3ClockFreq               0x08003e6d   Thumb Code   536  stm32h7xx_hal_rcc_ex.o(i.HAL_RCCEx_GetPLL3ClockFreq)
    HAL_RCCEx_PeriphCLKConfig                0x0800409d   Thumb Code  3272  stm32h7xx_hal_rcc_ex.o(i.HAL_RCCEx_PeriphCLKConfig)
    HAL_RCC_ClockConfig                      0x08004d65   Thumb Code   774  stm32h7xx_hal_rcc.o(i.HAL_RCC_ClockConfig)
    HAL_RCC_GetClockConfig                   0x08005085   Thumb Code    98  stm32h7xx_hal_rcc.o(i.HAL_RCC_GetClockConfig)
    HAL_RCC_GetHCLKFreq                      0x080050f1   Thumb Code    60  stm32h7xx_hal_rcc.o(i.HAL_RCC_GetHCLKFreq)
    HAL_RCC_GetPCLK1Freq                     0x0800513d   Thumb Code    26  stm32h7xx_hal_rcc.o(i.HAL_RCC_GetPCLK1Freq)
    HAL_RCC_GetPCLK2Freq                     0x08005161   Thumb Code    26  stm32h7xx_hal_rcc.o(i.HAL_RCC_GetPCLK2Freq)
    HAL_RCC_GetSysClockFreq                  0x08005185   Thumb Code   524  stm32h7xx_hal_rcc.o(i.HAL_RCC_GetSysClockFreq)
    HAL_RCC_OscConfig                        0x080053b1   Thumb Code  1874  stm32h7xx_hal_rcc.o(i.HAL_RCC_OscConfig)
    HAL_RS485Ex_Init                         0x08005b0d   Thumb Code   148  stm32h7xx_hal_uart_ex.o(i.HAL_RS485Ex_Init)
    HAL_SPI_Init                             0x08005ba5   Thumb Code   420  stm32h7xx_hal_spi.o(i.HAL_SPI_Init)
    HAL_SPI_MspInit                          0x08005d55   Thumb Code   150  spi.o(i.HAL_SPI_MspInit)
    HAL_SPI_Transmit                         0x08005df9   Thumb Code   692  stm32h7xx_hal_spi.o(i.HAL_SPI_Transmit)
    HAL_TIMEx_Break2Callback                 0x080060ad   Thumb Code     2  stm32h7xx_hal_tim_ex.o(i.HAL_TIMEx_Break2Callback)
    HAL_TIMEx_BreakCallback                  0x080060af   Thumb Code     2  stm32h7xx_hal_tim_ex.o(i.HAL_TIMEx_BreakCallback)
    HAL_TIMEx_CommutCallback                 0x080060b1   Thumb Code     2  stm32h7xx_hal_tim_ex.o(i.HAL_TIMEx_CommutCallback)
    HAL_TIMEx_MasterConfigSynchronization    0x080060b5   Thumb Code   190  stm32h7xx_hal_tim_ex.o(i.HAL_TIMEx_MasterConfigSynchronization)
    HAL_TIM_Base_Init                        0x08006199   Thumb Code   110  stm32h7xx_hal_tim.o(i.HAL_TIM_Base_Init)
    HAL_TIM_Base_MspInit                     0x08006207   Thumb Code     2  stm32h7xx_hal_tim.o(i.HAL_TIM_Base_MspInit)
    HAL_TIM_Base_Start_IT                    0x08006209   Thumb Code   162  stm32h7xx_hal_tim.o(i.HAL_TIM_Base_Start_IT)
    HAL_TIM_IC_CaptureCallback               0x080062d5   Thumb Code     2  stm32h7xx_hal_tim.o(i.HAL_TIM_IC_CaptureCallback)
    HAL_TIM_IRQHandler                       0x080062d7   Thumb Code   408  stm32h7xx_hal_tim.o(i.HAL_TIM_IRQHandler)
    HAL_TIM_MspPostInit                      0x08006471   Thumb Code    82  tim.o(i.HAL_TIM_MspPostInit)
    HAL_TIM_OC_DelayElapsedCallback          0x080064d1   Thumb Code     2  stm32h7xx_hal_tim.o(i.HAL_TIM_OC_DelayElapsedCallback)
    HAL_TIM_PWM_ConfigChannel                0x080064d3   Thumb Code   368  stm32h7xx_hal_tim.o(i.HAL_TIM_PWM_ConfigChannel)
    HAL_TIM_PWM_Init                         0x08006643   Thumb Code   110  stm32h7xx_hal_tim.o(i.HAL_TIM_PWM_Init)
    HAL_TIM_PWM_MspInit                      0x080066b1   Thumb Code    40  tim.o(i.HAL_TIM_PWM_MspInit)
    HAL_TIM_PWM_PulseFinishedCallback        0x080066e1   Thumb Code     2  stm32h7xx_hal_tim.o(i.HAL_TIM_PWM_PulseFinishedCallback)
    HAL_TIM_PWM_Start                        0x080066e5   Thumb Code   330  stm32h7xx_hal_tim.o(i.HAL_TIM_PWM_Start)
    HAL_TIM_PeriodElapsedCallback            0x08006861   Thumb Code    18  main.o(i.HAL_TIM_PeriodElapsedCallback)
    HAL_TIM_TriggerCallback                  0x08006879   Thumb Code     2  stm32h7xx_hal_tim.o(i.HAL_TIM_TriggerCallback)
    HAL_UARTEx_DisableFifoMode               0x0800687b   Thumb Code    78  stm32h7xx_hal_uart_ex.o(i.HAL_UARTEx_DisableFifoMode)
    HAL_UARTEx_RxEventCallback               0x080068c9   Thumb Code     2  stm32h7xx_hal_uart.o(i.HAL_UARTEx_RxEventCallback)
    HAL_UARTEx_RxFifoFullCallback            0x080068cb   Thumb Code     2  stm32h7xx_hal_uart_ex.o(i.HAL_UARTEx_RxFifoFullCallback)
    HAL_UARTEx_SetRxFifoThreshold            0x080068cd   Thumb Code    94  stm32h7xx_hal_uart_ex.o(i.HAL_UARTEx_SetRxFifoThreshold)
    HAL_UARTEx_SetTxFifoThreshold            0x0800692b   Thumb Code    94  stm32h7xx_hal_uart_ex.o(i.HAL_UARTEx_SetTxFifoThreshold)
    HAL_UARTEx_TxFifoEmptyCallback           0x08006989   Thumb Code     2  stm32h7xx_hal_uart_ex.o(i.HAL_UARTEx_TxFifoEmptyCallback)
    HAL_UARTEx_WakeupCallback                0x0800698b   Thumb Code     2  stm32h7xx_hal_uart_ex.o(i.HAL_UARTEx_WakeupCallback)
    HAL_UART_ErrorCallback                   0x0800698d   Thumb Code     2  stm32h7xx_hal_uart.o(i.HAL_UART_ErrorCallback)
    HAL_UART_IRQHandler                      0x08006991   Thumb Code  1172  stm32h7xx_hal_uart.o(i.HAL_UART_IRQHandler)
    HAL_UART_Init                            0x08006e25   Thumb Code   120  stm32h7xx_hal_uart.o(i.HAL_UART_Init)
    HAL_UART_MspInit                         0x08006e9d   Thumb Code   730  usart.o(i.HAL_UART_MspInit)
    HAL_UART_Receive_DMA                     0x080071ad   Thumb Code    88  stm32h7xx_hal_uart.o(i.HAL_UART_Receive_DMA)
    HAL_UART_RxCpltCallback                  0x08007209   Thumb Code     2  stm32h7xx_hal_uart.o(i.HAL_UART_RxCpltCallback)
    HAL_UART_RxHalfCpltCallback              0x0800720b   Thumb Code     2  stm32h7xx_hal_uart.o(i.HAL_UART_RxHalfCpltCallback)
    HAL_UART_Transmit                        0x0800720d   Thumb Code   194  stm32h7xx_hal_uart.o(i.HAL_UART_Transmit)
    HAL_UART_Transmit_DMA                    0x080072d1   Thumb Code   148  stm32h7xx_hal_uart.o(i.HAL_UART_Transmit_DMA)
    HAL_UART_TxCpltCallback                  0x08007371   Thumb Code     2  stm32h7xx_hal_uart.o(i.HAL_UART_TxCpltCallback)
    HAL_UART_TxHalfCpltCallback              0x08007373   Thumb Code     2  stm32h7xx_hal_uart.o(i.HAL_UART_TxHalfCpltCallback)
    HardFault_Handler                        0x08007375   Thumb Code     4  stm32h7xx_it.o(i.HardFault_Handler)
    MX_DMA_Init                              0x08007379   Thumb Code   122  dma.o(i.MX_DMA_Init)
    MX_FDCAN1_Init                           0x080073f9   Thumb Code   120  fdcan.o(i.MX_FDCAN1_Init)
    MX_FREERTOS_Init                         0x08007479   Thumb Code    46  freertos.o(i.MX_FREERTOS_Init)
    MX_GPIO_Init                             0x080074cd   Thumb Code   206  gpio.o(i.MX_GPIO_Init)
    MX_SPI6_Init                             0x080075a9   Thumb Code    90  spi.o(i.MX_SPI6_Init)
    MX_TIM12_Init                            0x0800760d   Thumb Code   116  tim.o(i.MX_TIM12_Init)
    MX_USART1_UART_Init                      0x08007689   Thumb Code    98  usart.o(i.MX_USART1_UART_Init)
    MX_USART2_UART_Init                      0x080076f5   Thumb Code   108  usart.o(i.MX_USART2_UART_Init)
    MX_USART3_UART_Init                      0x0800776d   Thumb Code   108  usart.o(i.MX_USART3_UART_Init)
    MemManage_Handler                        0x080077e5   Thumb Code     4  stm32h7xx_it.o(i.MemManage_Handler)
    NMI_Handler                              0x080077e9   Thumb Code     4  stm32h7xx_it.o(i.NMI_Handler)
    StartDefaultTask                         0x08007be9   Thumb Code    28  freertos.o(i.StartDefaultTask)
    SysTick_Handler                          0x08007c0d   Thumb Code    22  cmsis_os2.o(i.SysTick_Handler)
    SystemClock_Config                       0x08007c25   Thumb Code   178  main.o(i.SystemClock_Config)
    SystemInit                               0x08007cdd   Thumb Code   192  system_stm32h7xx.o(i.SystemInit)
    TIM6_DAC_IRQHandler                      0x08007dbd   Thumb Code    10  stm32h7xx_it.o(i.TIM6_DAC_IRQHandler)
    TIM_Base_SetConfig                       0x08007dcd   Thumb Code   198  stm32h7xx_hal_tim.o(i.TIM_Base_SetConfig)
    TIM_CCxChannelCmd                        0x08007ebd   Thumb Code    34  stm32h7xx_hal_tim.o(i.TIM_CCxChannelCmd)
    TIM_OC2_SetConfig                        0x08007f8d   Thumb Code   156  stm32h7xx_hal_tim.o(i.TIM_OC2_SetConfig)
    UART_AdvFeatureConfig                    0x080082a1   Thumb Code   248  stm32h7xx_hal_uart.o(i.UART_AdvFeatureConfig)
    UART_CheckIdleState                      0x08008399   Thumb Code   234  stm32h7xx_hal_uart.o(i.UART_CheckIdleState)
    UART_SetConfig                           0x0800870d   Thumb Code  1558  stm32h7xx_hal_uart.o(i.UART_SetConfig)
    UART_Start_Receive_DMA                   0x08008d35   Thumb Code   186  stm32h7xx_hal_uart.o(i.UART_Start_Receive_DMA)
    UART_WaitOnFlagUntilTimeout              0x08008dfd   Thumb Code   172  stm32h7xx_hal_uart.o(i.UART_WaitOnFlagUntilTimeout)
    USART1_IRQHandler                        0x08008ea9   Thumb Code    10  stm32h7xx_it.o(i.USART1_IRQHandler)
    USART2_IRQHandler                        0x08008eb9   Thumb Code    10  stm32h7xx_it.o(i.USART2_IRQHandler)
    USART3_IRQHandler                        0x08008ec9   Thumb Code    10  stm32h7xx_it.o(i.USART3_IRQHandler)
    UsageFault_Handler                       0x08008ed9   Thumb Code     4  stm32h7xx_it.o(i.UsageFault_Handler)
    __0printf$2                              0x08008edd   Thumb Code    22  printf2.o(i.__0printf$2)
    __1printf$2                              0x08008edd   Thumb Code     0  printf2.o(i.__0printf$2)
    __2printf                                0x08008edd   Thumb Code     0  printf2.o(i.__0printf$2)
    __scatterload_copy                       0x08008f3b   Thumb Code    14  handlers.o(i.__scatterload_copy)
    __scatterload_null                       0x08008f49   Thumb Code     2  handlers.o(i.__scatterload_null)
    __scatterload_zeroinit                   0x08008f4b   Thumb Code    14  handlers.o(i.__scatterload_zeroinit)
    beepInit                                 0x08009031   Thumb Code    18  driver_beep.o(i.beepInit)
    beepUpdata                               0x0800904d   Thumb Code    12  driver_beep.o(i.beepUpdata)
    dmMotorInit                              0x0800909d   Thumb Code    32  driver_motor.o(i.dmMotorInit)
    dmMotorRevUpdata                         0x080090c5   Thumb Code   138  driver_motor.o(i.dmMotorRevUpdata)
    dmMotorSendCMD                           0x08009159   Thumb Code    96  driver_motor.o(i.dmMotorSendCMD)
    dmMotorSendUpdata                        0x080091b9   Thumb Code   448  driver_motor.o(i.dmMotorSendUpdata)
    dmMotorTask                              0x08009389   Thumb Code   118  driver_motor.o(i.dmMotorTask)
    fputc                                    0x08009445   Thumb Code    22  supervision.o(i.fputc)
    main                                     0x08009461   Thumb Code    68  main.o(i.main)
    motorDriverInit                          0x080094a5   Thumb Code    20  motor.o(i.motorDriverInit)
    motorTransTask                           0x080094d1   Thumb Code    18  freertos.o(i.motorTransTask)
    motorUpdataTask                          0x080094e3   Thumb Code    12  motor.o(i.motorUpdataTask)
    musicUpdata                              0x080094f1   Thumb Code   288  driver_beep.o(i.musicUpdata)
    osDelay                                  0x0800962d   Thumb Code    30  cmsis_os2.o(i.osDelay)
    osKernelInitialize                       0x0800964d   Thumb Code    38  cmsis_os2.o(i.osKernelInitialize)
    osKernelStart                            0x08009679   Thumb Code    82  cmsis_os2.o(i.osKernelStart)
    osThreadNew                              0x080096d9   Thumb Code   184  cmsis_os2.o(i.osThreadNew)
    pvPortMalloc                             0x0800a1b5   Thumb Code   306  heap_4.o(i.pvPortMalloc)
    pxPortInitialiseStack                    0x0800a301   Thumb Code    38  port.o(i.pxPortInitialiseStack)
    supervisionDriverInit                    0x0800a32d   Thumb Code    20  supervision.o(i.supervisionDriverInit)
    supervisionTask                          0x0800a361   Thumb Code    18  freertos.o(i.supervisionTask)
    supervisionUpdataTask                    0x0800a375   Thumb Code    60  supervision.o(i.supervisionUpdataTask)
    sysLog                                   0x0800a3bd   Thumb Code    24  supervision.o(i.sysLog)
    unitreeMotorInit                         0x0800a411   Thumb Code     2  driver_motor.o(i.unitreeMotorInit)
    unitreeMotorTask                         0x0800a7c9   Thumb Code    40  driver_motor.o(i.unitreeMotorTask)
    uxListRemove                             0x0800a801   Thumb Code    40  list.o(i.uxListRemove)
    vApplicationGetIdleTaskMemory            0x0800a829   Thumb Code    14  cmsis_os2.o(i.vApplicationGetIdleTaskMemory)
    vApplicationGetTimerTaskMemory           0x0800a841   Thumb Code    16  cmsis_os2.o(i.vApplicationGetTimerTaskMemory)
    vListInitialise                          0x0800a859   Thumb Code    26  list.o(i.vListInitialise)
    vListInitialiseItem                      0x0800a873   Thumb Code     6  list.o(i.vListInitialiseItem)
    vListInsert                              0x0800a879   Thumb Code    52  list.o(i.vListInsert)
    vListInsertEnd                           0x0800a8ad   Thumb Code    24  list.o(i.vListInsertEnd)
    vPortEnterCritical                       0x0800a8c5   Thumb Code    76  port.o(i.vPortEnterCritical)
    vPortExitCritical                        0x0800a919   Thumb Code    56  port.o(i.vPortExitCritical)
    vPortFree                                0x0800a955   Thumb Code   150  heap_4.o(i.vPortFree)
    vPortSetupTimerInterrupt                 0x0800a9f9   Thumb Code    36  port.o(i.vPortSetupTimerInterrupt)
    vPortValidateInterruptPriority           0x0800aa21   Thumb Code   106  port.o(i.vPortValidateInterruptPriority)
    vQueueAddToRegistry                      0x0800aa99   Thumb Code    38  queue.o(i.vQueueAddToRegistry)
    vQueueWaitForMessageRestricted           0x0800aac5   Thumb Code    74  queue.o(i.vQueueWaitForMessageRestricted)
    vTaskDelay                               0x0800ab11   Thumb Code    82  tasks.o(i.vTaskDelay)
    vTaskInternalSetTimeOutState             0x0800ab6d   Thumb Code    14  tasks.o(i.vTaskInternalSetTimeOutState)
    vTaskMissedYield                         0x0800ab85   Thumb Code     8  tasks.o(i.vTaskMissedYield)
    vTaskPlaceOnEventList                    0x0800ab91   Thumb Code    52  tasks.o(i.vTaskPlaceOnEventList)
    vTaskPlaceOnEventListRestricted          0x0800abc9   Thumb Code    60  tasks.o(i.vTaskPlaceOnEventListRestricted)
    vTaskStartScheduler                      0x0800ac09   Thumb Code   156  tasks.o(i.vTaskStartScheduler)
    vTaskSuspendAll                          0x0800acc1   Thumb Code    12  tasks.o(i.vTaskSuspendAll)
    vTaskSwitchContext                       0x0800acd1   Thumb Code   122  tasks.o(i.vTaskSwitchContext)
    ws2812Init                               0x0800ad61   Thumb Code    18  driver_ws2812.o(i.ws2812Init)
    ws2812SetColor                           0x0800ad79   Thumb Code    90  driver_ws2812.o(i.ws2812SetColor)
    ws2812Updata                             0x0800add9   Thumb Code   170  driver_ws2812.o(i.ws2812Updata)
    xPortStartScheduler                      0x0800ae8d   Thumb Code   330  port.o(i.xPortStartScheduler)
    xPortSysTickHandler                      0x0800aff5   Thumb Code    46  port.o(i.xPortSysTickHandler)
    xQueueGenericCreateStatic                0x0800b029   Thumb Code   224  queue.o(i.xQueueGenericCreateStatic)
    xQueueGenericReset                       0x0800b109   Thumb Code   146  queue.o(i.xQueueGenericReset)
    xQueueGenericSend                        0x0800b1a1   Thumb Code   420  queue.o(i.xQueueGenericSend)
    xQueueGenericSendFromISR                 0x0800b349   Thumb Code   252  queue.o(i.xQueueGenericSendFromISR)
    xQueueReceive                            0x0800b445   Thumb Code   356  queue.o(i.xQueueReceive)
    xTaskCheckForTimeOut                     0x0800b5ad   Thumb Code   132  tasks.o(i.xTaskCheckForTimeOut)
    xTaskCreate                              0x0800b639   Thumb Code   100  tasks.o(i.xTaskCreate)
    xTaskCreateStatic                        0x0800b69d   Thumb Code   186  tasks.o(i.xTaskCreateStatic)
    xTaskGetSchedulerState                   0x0800b759   Thumb Code    24  tasks.o(i.xTaskGetSchedulerState)
    xTaskGetTickCount                        0x0800b779   Thumb Code     6  tasks.o(i.xTaskGetTickCount)
    xTaskIncrementTick                       0x0800b785   Thumb Code   280  tasks.o(i.xTaskIncrementTick)
    xTaskPriorityDisinherit                  0x0800b8c9   Thumb Code   152  tasks.o(i.xTaskPriorityDisinherit)
    xTaskRemoveFromEventList                 0x0800b96d   Thumb Code   126  tasks.o(i.xTaskRemoveFromEventList)
    xTaskResumeAll                           0x0800ba05   Thumb Code   222  tasks.o(i.xTaskResumeAll)
    xTimerCreateTimerTask                    0x0800bb09   Thumb Code   100  timers.o(i.xTimerCreateTimerTask)
    xTimerGenericCommand                     0x0800bb81   Thumb Code   128  timers.o(i.xTimerGenericCommand)
    defaultTask_attributes                   0x0800bc04   Data          36  freertos.o(.constdata)
    SupervisionTask_attributes               0x0800bc28   Data          36  freertos.o(.constdata)
    MotorTransTask_attributes                0x0800bc4c   Data          36  freertos.o(.constdata)
    UARTPrescTable                           0x0800bcd4   Data          24  stm32h7xx_hal_uart.o(.constdata)
    D1CorePrescTable                         0x0800bcfc   Data          16  system_stm32h7xx.o(.constdata)
    note                                     0x0800bd0c   Data          42  driver_beep.o(.constdata)
    sound                                    0x0800bd36   Data           4  driver_beep.o(.constdata)
    musicList                                0x0800bd3a   Data         516  driver_beep.o(.constdata)
    crc_ccitt_table                          0x0800bf3e   Data         512  driver_motor.o(.constdata)
    Region$$Table$$Base                      0x0800c16c   Number         0  anon$$obj.o(Region$$Table)
    Region$$Table$$Limit                     0x0800c19c   Number         0  anon$$obj.o(Region$$Table)
    defaultTaskHandle                        0x24000000   Data           4  freertos.o(.data)
    SupervisionTaskHandle                    0x24000004   Data           4  freertos.o(.data)
    MotorTransTaskHandle                     0x24000008   Data           4  freertos.o(.data)
    uwTick                                   0x2400000c   Data           4  stm32h7xx_hal.o(.data)
    uwTickPrio                               0x24000010   Data           4  stm32h7xx_hal.o(.data)
    uwTickFreq                               0x24000014   Data           1  stm32h7xx_hal.o(.data)
    SystemCoreClock                          0x24000018   Data           4  system_stm32h7xx.o(.data)
    SystemD2Clock                            0x2400001c   Data           4  system_stm32h7xx.o(.data)
    pxCurrentTCB                             0x24000020   Data           4  tasks.o(.data)
    rgbCmd                                   0x240000a0   Data           4  driver_ws2812.o(.data)
    driverBeepConifg                         0x240000a4   Data           3  driver_beep.o(.data)
    driverMotorConfig                        0x240000b8   Data           8  driver_motor.o(.data)
    unitreeMotorSendConfig                   0x240000c0   Data         256  driver_motor.o(.data)
    dmMotorRevConfig                         0x240001c0   Data          80  driver_motor.o(.data)
    dmMotorSendConfig                        0x24000210   Data          40  driver_motor.o(.data)
    FDCAN1TxFrame                            0x24000280   Data          48  driver_fdcan.o(.data)
    supervisionTaskConfig                    0x240002b0   Data           4  supervision.o(.data)
    __stdout                                 0x240002b4   Data           4  stdout.o(.data)
    hfdcan1                                  0x240002b8   Data         160  fdcan.o(.bss)
    hspi6                                    0x24000358   Data         136  spi.o(.bss)
    htim12                                   0x240003e0   Data          76  tim.o(.bss)
    huart1                                   0x2400042c   Data         148  usart.o(.bss)
    huart2                                   0x240004c0   Data         148  usart.o(.bss)
    huart3                                   0x24000554   Data         148  usart.o(.bss)
    hdma_usart2_tx                           0x240005e8   Data         120  usart.o(.bss)
    hdma_usart2_rx                           0x24000660   Data         120  usart.o(.bss)
    hdma_usart3_tx                           0x240006d8   Data         120  usart.o(.bss)
    hdma_usart3_rx                           0x24000750   Data         120  usart.o(.bss)
    htim6                                    0x240007c8   Data          76  stm32h7xx_hal_timebase_tim.o(.bss)
    xQueueRegistry                           0x24000814   Data          64  queue.o(.bss)
    unitreeMotorRevConfig                    0x240014e8   Data         224  driver_motor.o(.bss)
    unitreeMotorRevPack                      0x240015c8   Data          16  driver_motor.o(.bss)
    FDCAN1_RxFrame                           0x240015d8   Data          52  driver_fdcan.o(.bss)
    __initial_sp                             0x24001e10   Data           0  startup_stm32h723xx.o(STACK)



==============================================================================

Memory Map of the image

  Image Entry point : 0x080002cd

  Load Region LR_IROM1 (Base: 0x08000000, Size: 0x0000c454, Max: 0x00100000, ABSOLUTE, COMPRESSED[0x0000c1f4])

    Execution Region ER_IROM1 (Exec base: 0x08000000, Load base: 0x08000000, Size: 0x0000c19c, Max: 0x00100000, ABSOLUTE)

    Exec Addr    Load Addr    Size         Type   Attr      Idx    E Section Name        Object

    0x08000000   0x08000000   0x000002cc   Data   RO            3    RESET               startup_stm32h723xx.o
    0x080002cc   0x080002cc   0x00000000   Code   RO         8106  * .ARM.Collect$$$$00000000  mc_w.l(entry.o)
    0x080002cc   0x080002cc   0x00000004   Code   RO         8380    .ARM.Collect$$$$00000001  mc_w.l(entry2.o)
    0x080002d0   0x080002d0   0x00000004   Code   RO         8383    .ARM.Collect$$$$00000004  mc_w.l(entry5.o)
    0x080002d4   0x080002d4   0x00000000   Code   RO         8385    .ARM.Collect$$$$00000008  mc_w.l(entry7b.o)
    0x080002d4   0x080002d4   0x00000000   Code   RO         8387    .ARM.Collect$$$$0000000A  mc_w.l(entry8b.o)
    0x080002d4   0x080002d4   0x00000008   Code   RO         8388    .ARM.Collect$$$$0000000B  mc_w.l(entry9a.o)
    0x080002dc   0x080002dc   0x00000000   Code   RO         8390    .ARM.Collect$$$$0000000D  mc_w.l(entry10a.o)
    0x080002dc   0x080002dc   0x00000000   Code   RO         8392    .ARM.Collect$$$$0000000F  mc_w.l(entry11a.o)
    0x080002dc   0x080002dc   0x00000004   Code   RO         8381    .ARM.Collect$$$$00002712  mc_w.l(entry2.o)
    0x080002e0   0x080002e0   0x000000be   Code   RO         7563    .emb_text           port.o
    0x0800039e   0x0800039e   0x00000002   PAD
    0x080003a0   0x080003a0   0x00000024   Code   RO            4    .text               startup_stm32h723xx.o
    0x080003c4   0x080003c4   0x00000062   Code   RO         8109    .text               mc_w.l(uldiv.o)
    0x08000426   0x08000426   0x00000024   Code   RO         8111    .text               mc_w.l(memcpya.o)
    0x0800044a   0x0800044a   0x00000024   Code   RO         8115    .text               mc_w.l(memseta.o)
    0x0800046e   0x0800046e   0x0000001e   Code   RO         8397    .text               mc_w.l(llshl.o)
    0x0800048c   0x0800048c   0x00000020   Code   RO         8399    .text               mc_w.l(llushr.o)
    0x080004ac   0x080004ac   0x00000024   Code   RO         8412    .text               mc_w.l(init.o)
    0x080004d0   0x080004d0   0x00000056   Code   RO         8426    .text               mc_w.l(__dczerorl2.o)
    0x08000526   0x08000526   0x00000002   PAD
    0x08000528   0x08000528   0x00000048   Code   RO         7950    i.BSP_FDCAN_Init    driver_fdcan.o
    0x08000570   0x08000570   0x00000004   Code   RO          573    i.BusFault_Handler  stm32h7xx_it.o
    0x08000574   0x08000574   0x00000010   Code   RO          574    i.DMA1_Stream1_IRQHandler  stm32h7xx_it.o
    0x08000584   0x08000584   0x00000010   Code   RO          575    i.DMA1_Stream3_IRQHandler  stm32h7xx_it.o
    0x08000594   0x08000594   0x00000010   Code   RO          576    i.DMA2_Stream1_IRQHandler  stm32h7xx_it.o
    0x080005a4   0x080005a4   0x00000010   Code   RO          577    i.DMA2_Stream4_IRQHandler  stm32h7xx_it.o
    0x080005b4   0x080005b4   0x000000ec   Code   RO         1626    i.DMA_CalcBaseAndBitshift  stm32h7xx_hal_dma.o
    0x080006a0   0x080006a0   0x000000c4   Code   RO         1627    i.DMA_CalcDMAMUXChannelBaseAndMask  stm32h7xx_hal_dma.o
    0x08000764   0x08000764   0x00000098   Code   RO         1628    i.DMA_CalcDMAMUXRequestGenBaseAndMask  stm32h7xx_hal_dma.o
    0x080007fc   0x080007fc   0x000000ae   Code   RO         1629    i.DMA_CheckFifoParam  stm32h7xx_hal_dma.o
    0x080008aa   0x080008aa   0x00000002   PAD
    0x080008ac   0x080008ac   0x00000274   Code   RO         1630    i.DMA_SetConfig     stm32h7xx_hal_dma.o
    0x08000b20   0x08000b20   0x0000004c   Code   RO         7877    i.DWT_CNT_Update    driver_dwt.o
    0x08000b6c   0x08000b6c   0x0000003c   Code   RO         7878    i.DWT_Delay         driver_dwt.o
    0x08000ba8   0x08000ba8   0x00000070   Code   RO         7884    i.DWT_Init          driver_dwt.o
    0x08000c18   0x08000c18   0x00000002   Code   RO          578    i.DebugMon_Handler  stm32h7xx_it.o
    0x08000c1a   0x08000c1a   0x00000006   Code   RO           13    i.Error_Handler     main.o
    0x08000c20   0x08000c20   0x00000010   Code   RO          579    i.FDCAN1_IT0_IRQHandler  stm32h7xx_it.o
    0x08000c30   0x08000c30   0x00000020   Code   RO         7951    i.FDCAN1_RxFifo0RxHandler  driver_fdcan.o
    0x08000c50   0x08000c50   0x00000220   Code   RO         3267    i.FDCAN_CalcultateRamBlockAddresses  stm32h7xx_hal_fdcan.o
    0x08000e70   0x08000e70   0x000000d0   Code   RO         3268    i.FDCAN_CopyMessageToRAM  stm32h7xx_hal_fdcan.o
    0x08000f40   0x08000f40   0x000004dc   Code   RO         1631    i.HAL_DMA_Abort     stm32h7xx_hal_dma.o
    0x0800141c   0x0800141c   0x00000398   Code   RO         1632    i.HAL_DMA_Abort_IT  stm32h7xx_hal_dma.o
    0x080017b4   0x080017b4   0x00000af8   Code   RO         1636    i.HAL_DMA_IRQHandler  stm32h7xx_hal_dma.o
    0x080022ac   0x080022ac   0x00000514   Code   RO         1637    i.HAL_DMA_Init      stm32h7xx_hal_dma.o
    0x080027c0   0x080027c0   0x000003e0   Code   RO         1641    i.HAL_DMA_Start_IT  stm32h7xx_hal_dma.o
    0x08002ba0   0x08002ba0   0x000000a8   Code   RO         3270    i.HAL_FDCAN_ActivateNotification  stm32h7xx_hal_fdcan.o
    0x08002c48   0x08002c48   0x00000090   Code   RO         3272    i.HAL_FDCAN_AddMessageToTxFifoQ  stm32h7xx_hal_fdcan.o
    0x08002cd8   0x08002cd8   0x00000002   Code   RO         3273    i.HAL_FDCAN_ClockCalibrationCallback  stm32h7xx_hal_fdcan.o
    0x08002cda   0x08002cda   0x000000a8   Code   RO         3277    i.HAL_FDCAN_ConfigFilter  stm32h7xx_hal_fdcan.o
    0x08002d82   0x08002d82   0x00000034   Code   RO         3278    i.HAL_FDCAN_ConfigGlobalFilter  stm32h7xx_hal_fdcan.o
    0x08002db6   0x08002db6   0x00000002   Code   RO         3299    i.HAL_FDCAN_ErrorCallback  stm32h7xx_hal_fdcan.o
    0x08002db8   0x08002db8   0x00000002   Code   RO         3300    i.HAL_FDCAN_ErrorStatusCallback  stm32h7xx_hal_fdcan.o
    0x08002dba   0x08002dba   0x00000002   PAD
    0x08002dbc   0x08002dbc   0x000001f4   Code   RO         3311    i.HAL_FDCAN_GetRxMessage  stm32h7xx_hal_fdcan.o
    0x08002fb0   0x08002fb0   0x00000002   Code   RO         3317    i.HAL_FDCAN_HighPriorityMessageCallback  stm32h7xx_hal_fdcan.o
    0x08002fb2   0x08002fb2   0x00000002   PAD
    0x08002fb4   0x08002fb4   0x000003d4   Code   RO         3318    i.HAL_FDCAN_IRQHandler  stm32h7xx_hal_fdcan.o
    0x08003388   0x08003388   0x000002e0   Code   RO         3319    i.HAL_FDCAN_Init    stm32h7xx_hal_fdcan.o
    0x08003668   0x08003668   0x000000b0   Code   RO          370    i.HAL_FDCAN_MspInit  fdcan.o
    0x08003718   0x08003718   0x00000002   Code   RO         3328    i.HAL_FDCAN_RxBufferNewMessageCallback  stm32h7xx_hal_fdcan.o
    0x0800371a   0x0800371a   0x00000002   PAD
    0x0800371c   0x0800371c   0x00000024   Code   RO         7952    i.HAL_FDCAN_RxFifo0Callback  driver_fdcan.o
    0x08003740   0x08003740   0x00000002   Code   RO         3330    i.HAL_FDCAN_RxFifo1Callback  stm32h7xx_hal_fdcan.o
    0x08003742   0x08003742   0x00000034   Code   RO         3331    i.HAL_FDCAN_Start   stm32h7xx_hal_fdcan.o
    0x08003776   0x08003776   0x00000002   Code   RO         3353    i.HAL_FDCAN_TT_GlobalTimeCallback  stm32h7xx_hal_fdcan.o
    0x08003778   0x08003778   0x00000002   Code   RO         3354    i.HAL_FDCAN_TT_ScheduleSyncCallback  stm32h7xx_hal_fdcan.o
    0x0800377a   0x0800377a   0x00000002   Code   RO         3359    i.HAL_FDCAN_TT_StopWatchCallback  stm32h7xx_hal_fdcan.o
    0x0800377c   0x0800377c   0x00000002   Code   RO         3360    i.HAL_FDCAN_TT_TimeMarkCallback  stm32h7xx_hal_fdcan.o
    0x0800377e   0x0800377e   0x00000002   Code   RO         3361    i.HAL_FDCAN_TimeoutOccurredCallback  stm32h7xx_hal_fdcan.o
    0x08003780   0x08003780   0x00000002   Code   RO         3362    i.HAL_FDCAN_TimestampWraparoundCallback  stm32h7xx_hal_fdcan.o
    0x08003782   0x08003782   0x00000002   Code   RO         3363    i.HAL_FDCAN_TxBufferAbortCallback  stm32h7xx_hal_fdcan.o
    0x08003784   0x08003784   0x00000002   Code   RO         3364    i.HAL_FDCAN_TxBufferCompleteCallback  stm32h7xx_hal_fdcan.o
    0x08003786   0x08003786   0x00000002   Code   RO         3365    i.HAL_FDCAN_TxEventFifoCallback  stm32h7xx_hal_fdcan.o
    0x08003788   0x08003788   0x00000002   Code   RO         3366    i.HAL_FDCAN_TxFifoEmptyCallback  stm32h7xx_hal_fdcan.o
    0x0800378a   0x0800378a   0x00000002   PAD
    0x0800378c   0x0800378c   0x000001f0   Code   RO         1479    i.HAL_GPIO_Init     stm32h7xx_hal_gpio.o
    0x0800397c   0x0800397c   0x00000010   Code   RO         1481    i.HAL_GPIO_ReadPin  stm32h7xx_hal_gpio.o
    0x0800398c   0x0800398c   0x0000000c   Code   RO         1483    i.HAL_GPIO_WritePin  stm32h7xx_hal_gpio.o
    0x08003998   0x08003998   0x0000000c   Code   RO         2344    i.HAL_GetTick       stm32h7xx_hal.o
    0x080039a4   0x080039a4   0x00000018   Code   RO         2350    i.HAL_IncTick       stm32h7xx_hal.o
    0x080039bc   0x080039bc   0x00000060   Code   RO         2351    i.HAL_Init          stm32h7xx_hal.o
    0x08003a1c   0x08003a1c   0x000000a0   Code   RO          709    i.HAL_InitTick      stm32h7xx_hal_timebase_tim.o
    0x08003abc   0x08003abc   0x00000030   Code   RO          685    i.HAL_MspInit       stm32h7xx_hal_msp.o
    0x08003aec   0x08003aec   0x00000028   Code   RO          756    i.HAL_NVIC_EnableIRQ  stm32h7xx_hal_cortex.o
    0x08003b14   0x08003b14   0x0000007a   Code   RO          762    i.HAL_NVIC_SetPriority  stm32h7xx_hal_cortex.o
    0x08003b8e   0x08003b8e   0x00000002   PAD
    0x08003b90   0x08003b90   0x00000028   Code   RO          763    i.HAL_NVIC_SetPriorityGrouping  stm32h7xx_hal_cortex.o
    0x08003bb8   0x08003bb8   0x00000060   Code   RO         2080    i.HAL_PWREx_ConfigSupply  stm32h7xx_hal_pwr_ex.o
    0x08003c18   0x08003c18   0x00000024   Code   RO         1022    i.HAL_RCCEx_GetD3PCLK1Freq  stm32h7xx_hal_rcc_ex.o
    0x08003c3c   0x08003c3c   0x00000230   Code   RO         1024    i.HAL_RCCEx_GetPLL2ClockFreq  stm32h7xx_hal_rcc_ex.o
    0x08003e6c   0x08003e6c   0x00000230   Code   RO         1025    i.HAL_RCCEx_GetPLL3ClockFreq  stm32h7xx_hal_rcc_ex.o
    0x0800409c   0x0800409c   0x00000cc8   Code   RO         1031    i.HAL_RCCEx_PeriphCLKConfig  stm32h7xx_hal_rcc_ex.o
    0x08004d64   0x08004d64   0x00000320   Code   RO          907    i.HAL_RCC_ClockConfig  stm32h7xx_hal_rcc.o
    0x08005084   0x08005084   0x0000006c   Code   RO          911    i.HAL_RCC_GetClockConfig  stm32h7xx_hal_rcc.o
    0x080050f0   0x080050f0   0x0000004c   Code   RO          912    i.HAL_RCC_GetHCLKFreq  stm32h7xx_hal_rcc.o
    0x0800513c   0x0800513c   0x00000024   Code   RO          914    i.HAL_RCC_GetPCLK1Freq  stm32h7xx_hal_rcc.o
    0x08005160   0x08005160   0x00000024   Code   RO          915    i.HAL_RCC_GetPCLK2Freq  stm32h7xx_hal_rcc.o
    0x08005184   0x08005184   0x0000022c   Code   RO          916    i.HAL_RCC_GetSysClockFreq  stm32h7xx_hal_rcc.o
    0x080053b0   0x080053b0   0x0000075c   Code   RO          919    i.HAL_RCC_OscConfig  stm32h7xx_hal_rcc.o
    0x08005b0c   0x08005b0c   0x00000098   Code   RO         5673    i.HAL_RS485Ex_Init  stm32h7xx_hal_uart_ex.o
    0x08005ba4   0x08005ba4   0x000001b0   Code   RO         3896    i.HAL_SPI_Init      stm32h7xx_hal_spi.o
    0x08005d54   0x08005d54   0x000000a4   Code   RO          430    i.HAL_SPI_MspInit   spi.o
    0x08005df8   0x08005df8   0x000002b4   Code   RO         3905    i.HAL_SPI_Transmit  stm32h7xx_hal_spi.o
    0x080060ac   0x080060ac   0x00000002   Code   RO         4946    i.HAL_TIMEx_Break2Callback  stm32h7xx_hal_tim_ex.o
    0x080060ae   0x080060ae   0x00000002   Code   RO         4947    i.HAL_TIMEx_BreakCallback  stm32h7xx_hal_tim_ex.o
    0x080060b0   0x080060b0   0x00000002   Code   RO         4948    i.HAL_TIMEx_CommutCallback  stm32h7xx_hal_tim_ex.o
    0x080060b2   0x080060b2   0x00000002   PAD
    0x080060b4   0x080060b4   0x000000e4   Code   RO         4969    i.HAL_TIMEx_MasterConfigSynchronization  stm32h7xx_hal_tim_ex.o
    0x08006198   0x08006198   0x0000006e   Code   RO         4221    i.HAL_TIM_Base_Init  stm32h7xx_hal_tim.o
    0x08006206   0x08006206   0x00000002   Code   RO         4223    i.HAL_TIM_Base_MspInit  stm32h7xx_hal_tim.o
    0x08006208   0x08006208   0x000000cc   Code   RO         4226    i.HAL_TIM_Base_Start_IT  stm32h7xx_hal_tim.o
    0x080062d4   0x080062d4   0x00000002   Code   RO         4255    i.HAL_TIM_IC_CaptureCallback  stm32h7xx_hal_tim.o
    0x080062d6   0x080062d6   0x00000198   Code   RO         4269    i.HAL_TIM_IRQHandler  stm32h7xx_hal_tim.o
    0x0800646e   0x0800646e   0x00000002   PAD
    0x08006470   0x08006470   0x00000060   Code   RO          471    i.HAL_TIM_MspPostInit  tim.o
    0x080064d0   0x080064d0   0x00000002   Code   RO         4272    i.HAL_TIM_OC_DelayElapsedCallback  stm32h7xx_hal_tim.o
    0x080064d2   0x080064d2   0x00000170   Code   RO         4293    i.HAL_TIM_PWM_ConfigChannel  stm32h7xx_hal_tim.o
    0x08006642   0x08006642   0x0000006e   Code   RO         4296    i.HAL_TIM_PWM_Init  stm32h7xx_hal_tim.o
    0x080066b0   0x080066b0   0x00000030   Code   RO          473    i.HAL_TIM_PWM_MspInit  tim.o
    0x080066e0   0x080066e0   0x00000002   Code   RO         4299    i.HAL_TIM_PWM_PulseFinishedCallback  stm32h7xx_hal_tim.o
    0x080066e2   0x080066e2   0x00000002   PAD
    0x080066e4   0x080066e4   0x0000017c   Code   RO         4301    i.HAL_TIM_PWM_Start  stm32h7xx_hal_tim.o
    0x08006860   0x08006860   0x00000018   Code   RO           14    i.HAL_TIM_PeriodElapsedCallback  main.o
    0x08006878   0x08006878   0x00000002   Code   RO         4312    i.HAL_TIM_TriggerCallback  stm32h7xx_hal_tim.o
    0x0800687a   0x0800687a   0x0000004e   Code   RO         5674    i.HAL_UARTEx_DisableFifoMode  stm32h7xx_hal_uart_ex.o
    0x080068c8   0x080068c8   0x00000002   Code   RO         5258    i.HAL_UARTEx_RxEventCallback  stm32h7xx_hal_uart.o
    0x080068ca   0x080068ca   0x00000002   Code   RO         5682    i.HAL_UARTEx_RxFifoFullCallback  stm32h7xx_hal_uart_ex.o
    0x080068cc   0x080068cc   0x0000005e   Code   RO         5683    i.HAL_UARTEx_SetRxFifoThreshold  stm32h7xx_hal_uart_ex.o
    0x0800692a   0x0800692a   0x0000005e   Code   RO         5684    i.HAL_UARTEx_SetTxFifoThreshold  stm32h7xx_hal_uart_ex.o
    0x08006988   0x08006988   0x00000002   Code   RO         5686    i.HAL_UARTEx_TxFifoEmptyCallback  stm32h7xx_hal_uart_ex.o
    0x0800698a   0x0800698a   0x00000002   Code   RO         5687    i.HAL_UARTEx_WakeupCallback  stm32h7xx_hal_uart_ex.o
    0x0800698c   0x0800698c   0x00000002   Code   RO         5274    i.HAL_UART_ErrorCallback  stm32h7xx_hal_uart.o
    0x0800698e   0x0800698e   0x00000002   PAD
    0x08006990   0x08006990   0x00000494   Code   RO         5277    i.HAL_UART_IRQHandler  stm32h7xx_hal_uart.o
    0x08006e24   0x08006e24   0x00000078   Code   RO         5278    i.HAL_UART_Init     stm32h7xx_hal_uart.o
    0x08006e9c   0x08006e9c   0x00000310   Code   RO          520    i.HAL_UART_MspInit  usart.o
    0x080071ac   0x080071ac   0x0000005c   Code   RO         5282    i.HAL_UART_Receive_DMA  stm32h7xx_hal_uart.o
    0x08007208   0x08007208   0x00000002   Code   RO         5285    i.HAL_UART_RxCpltCallback  stm32h7xx_hal_uart.o
    0x0800720a   0x0800720a   0x00000002   Code   RO         5286    i.HAL_UART_RxHalfCpltCallback  stm32h7xx_hal_uart.o
    0x0800720c   0x0800720c   0x000000c2   Code   RO         5287    i.HAL_UART_Transmit  stm32h7xx_hal_uart.o
    0x080072ce   0x080072ce   0x00000002   PAD
    0x080072d0   0x080072d0   0x000000a0   Code   RO         5288    i.HAL_UART_Transmit_DMA  stm32h7xx_hal_uart.o
    0x08007370   0x08007370   0x00000002   Code   RO         5290    i.HAL_UART_TxCpltCallback  stm32h7xx_hal_uart.o
    0x08007372   0x08007372   0x00000002   Code   RO         5291    i.HAL_UART_TxHalfCpltCallback  stm32h7xx_hal_uart.o
    0x08007374   0x08007374   0x00000004   Code   RO          580    i.HardFault_Handler  stm32h7xx_it.o
    0x08007378   0x08007378   0x00000080   Code   RO          345    i.MX_DMA_Init       dma.o
    0x080073f8   0x080073f8   0x00000080   Code   RO          371    i.MX_FDCAN1_Init    fdcan.o
    0x08007478   0x08007478   0x00000054   Code   RO          272    i.MX_FREERTOS_Init  freertos.o
    0x080074cc   0x080074cc   0x000000dc   Code   RO          248    i.MX_GPIO_Init      gpio.o
    0x080075a8   0x080075a8   0x00000064   Code   RO          431    i.MX_SPI6_Init      spi.o
    0x0800760c   0x0800760c   0x0000007c   Code   RO          474    i.MX_TIM12_Init     tim.o
    0x08007688   0x08007688   0x0000006c   Code   RO          521    i.MX_USART1_UART_Init  usart.o
    0x080076f4   0x080076f4   0x00000078   Code   RO          522    i.MX_USART2_UART_Init  usart.o
    0x0800776c   0x0800776c   0x00000078   Code   RO          523    i.MX_USART3_UART_Init  usart.o
    0x080077e4   0x080077e4   0x00000004   Code   RO          581    i.MemManage_Handler  stm32h7xx_it.o
    0x080077e8   0x080077e8   0x00000004   Code   RO          582    i.NMI_Handler       stm32h7xx_it.o
    0x080077ec   0x080077ec   0x00000164   Code   RO         1034    i.RCCEx_PLL2_Config  stm32h7xx_hal_rcc_ex.o
    0x08007950   0x08007950   0x00000164   Code   RO         1035    i.RCCEx_PLL3_Config  stm32h7xx_hal_rcc_ex.o
    0x08007ab4   0x08007ab4   0x000000d6   Code   RO         3916    i.SPI_CloseTransfer  stm32h7xx_hal_spi.o
    0x08007b8a   0x08007b8a   0x0000001a   Code   RO         3927    i.SPI_GetPacketSize  stm32h7xx_hal_spi.o
    0x08007ba4   0x08007ba4   0x00000042   Code   RO         3934    i.SPI_WaitOnFlagUntilTimeout  stm32h7xx_hal_spi.o
    0x08007be6   0x08007be6   0x00000002   PAD
    0x08007be8   0x08007be8   0x00000024   Code   RO          273    i.StartDefaultTask  freertos.o
    0x08007c0c   0x08007c0c   0x00000016   Code   RO         6978    i.SysTick_Handler   cmsis_os2.o
    0x08007c22   0x08007c22   0x00000002   PAD
    0x08007c24   0x08007c24   0x000000b8   Code   RO           15    i.SystemClock_Config  main.o
    0x08007cdc   0x08007cdc   0x000000e0   Code   RO         5798    i.SystemInit        system_stm32h7xx.o
    0x08007dbc   0x08007dbc   0x00000010   Code   RO          583    i.TIM6_DAC_IRQHandler  stm32h7xx_it.o
    0x08007dcc   0x08007dcc   0x000000f0   Code   RO         4314    i.TIM_Base_SetConfig  stm32h7xx_hal_tim.o
    0x08007ebc   0x08007ebc   0x00000022   Code   RO         4315    i.TIM_CCxChannelCmd  stm32h7xx_hal_tim.o
    0x08007ede   0x08007ede   0x00000002   PAD
    0x08007ee0   0x08007ee0   0x000000ac   Code   RO         4327    i.TIM_OC1_SetConfig  stm32h7xx_hal_tim.o
    0x08007f8c   0x08007f8c   0x000000b4   Code   RO         4328    i.TIM_OC2_SetConfig  stm32h7xx_hal_tim.o
    0x08008040   0x08008040   0x000000b4   Code   RO         4329    i.TIM_OC3_SetConfig  stm32h7xx_hal_tim.o
    0x080080f4   0x080080f4   0x00000074   Code   RO         4330    i.TIM_OC4_SetConfig  stm32h7xx_hal_tim.o
    0x08008168   0x08008168   0x00000070   Code   RO         4331    i.TIM_OC5_SetConfig  stm32h7xx_hal_tim.o
    0x080081d8   0x080081d8   0x00000070   Code   RO         4332    i.TIM_OC6_SetConfig  stm32h7xx_hal_tim.o
    0x08008248   0x08008248   0x00000058   Code   RO         5688    i.UARTEx_SetNbDataToProcess  stm32h7xx_hal_uart_ex.o
    0x080082a0   0x080082a0   0x000000f8   Code   RO         5292    i.UART_AdvFeatureConfig  stm32h7xx_hal_uart.o
    0x08008398   0x08008398   0x000000ea   Code   RO         5293    i.UART_CheckIdleState  stm32h7xx_hal_uart.o
    0x08008482   0x08008482   0x00000018   Code   RO         5294    i.UART_DMAAbortOnError  stm32h7xx_hal_uart.o
    0x0800849a   0x0800849a   0x0000005e   Code   RO         5295    i.UART_DMAError     stm32h7xx_hal_uart.o
    0x080084f8   0x080084f8   0x000000ae   Code   RO         5296    i.UART_DMAReceiveCplt  stm32h7xx_hal_uart.o
    0x080085a6   0x080085a6   0x00000026   Code   RO         5298    i.UART_DMARxHalfCplt  stm32h7xx_hal_uart.o
    0x080085cc   0x080085cc   0x00000054   Code   RO         5300    i.UART_DMATransmitCplt  stm32h7xx_hal_uart.o
    0x08008620   0x08008620   0x0000000e   Code   RO         5302    i.UART_DMATxHalfCplt  stm32h7xx_hal_uart.o
    0x0800862e   0x0800862e   0x00000002   PAD
    0x08008630   0x08008630   0x0000006c   Code   RO         5304    i.UART_EndRxTransfer  stm32h7xx_hal_uart.o
    0x0800869c   0x0800869c   0x00000030   Code   RO         5305    i.UART_EndTransmit_IT  stm32h7xx_hal_uart.o
    0x080086cc   0x080086cc   0x00000040   Code   RO         5306    i.UART_EndTxTransfer  stm32h7xx_hal_uart.o
    0x0800870c   0x0800870c   0x00000628   Code   RO         5311    i.UART_SetConfig    stm32h7xx_hal_uart.o
    0x08008d34   0x08008d34   0x000000c8   Code   RO         5312    i.UART_Start_Receive_DMA  stm32h7xx_hal_uart.o
    0x08008dfc   0x08008dfc   0x000000ac   Code   RO         5318    i.UART_WaitOnFlagUntilTimeout  stm32h7xx_hal_uart.o
    0x08008ea8   0x08008ea8   0x00000010   Code   RO          584    i.USART1_IRQHandler  stm32h7xx_it.o
    0x08008eb8   0x08008eb8   0x00000010   Code   RO          585    i.USART2_IRQHandler  stm32h7xx_it.o
    0x08008ec8   0x08008ec8   0x00000010   Code   RO          586    i.USART3_IRQHandler  stm32h7xx_it.o
    0x08008ed8   0x08008ed8   0x00000004   Code   RO          587    i.UsageFault_Handler  stm32h7xx_it.o
    0x08008edc   0x08008edc   0x00000020   Code   RO         8186    i.__0printf$2       mc_w.l(printf2.o)
    0x08008efc   0x08008efc   0x00000010   Code   RO          769    i.__NVIC_GetPriorityGrouping  stm32h7xx_hal_cortex.o
    0x08008f0c   0x08008f0c   0x00000028   Code   RO          770    i.__NVIC_SetPriority  stm32h7xx_hal_cortex.o
    0x08008f34   0x08008f34   0x00000006   Code   RO         6980    i.__get_IPSR        cmsis_os2.o
    0x08008f3a   0x08008f3a   0x0000000e   Code   RO         8420    i.__scatterload_copy  mc_w.l(handlers.o)
    0x08008f48   0x08008f48   0x00000002   Code   RO         8421    i.__scatterload_null  mc_w.l(handlers.o)
    0x08008f4a   0x08008f4a   0x0000000e   Code   RO         8422    i.__scatterload_zeroinit  mc_w.l(handlers.o)
    0x08008f58   0x08008f58   0x000000d6   Code   RO         8193    i._printf_core      mc_w.l(printf2.o)
    0x0800902e   0x0800902e   0x00000002   PAD
    0x08009030   0x08009030   0x0000001c   Code   RO         7686    i.beepInit          driver_beep.o
    0x0800904c   0x0800904c   0x00000010   Code   RO         7687    i.beepUpdata        driver_beep.o
    0x0800905c   0x0800905c   0x00000028   Code   RO         7753    i.crc_ccitt         driver_motor.o
    0x08009084   0x08009084   0x00000018   Code   RO         7754    i.crc_ccitt_byte    driver_motor.o
    0x0800909c   0x0800909c   0x00000028   Code   RO         7755    i.dmMotorInit       driver_motor.o
    0x080090c4   0x080090c4   0x00000094   Code   RO         7756    i.dmMotorRevUpdata  driver_motor.o
    0x08009158   0x08009158   0x00000060   Code   RO         7757    i.dmMotorSendCMD    driver_motor.o
    0x080091b8   0x080091b8   0x000001d0   Code   RO         7758    i.dmMotorSendUpdata  driver_motor.o
    0x08009388   0x08009388   0x00000088   Code   RO         7759    i.dmMotorTask       driver_motor.o
    0x08009410   0x08009410   0x00000032   Code   RO         7760    i.float_to_uint     driver_motor.o
    0x08009442   0x08009442   0x00000002   PAD
    0x08009444   0x08009444   0x0000001c   Code   RO         7996    i.fputc             supervision.o
    0x08009460   0x08009460   0x00000044   Code   RO           16    i.main              main.o
    0x080094a4   0x080094a4   0x0000002c   Code   RO         8069    i.motorDriverInit   motor.o
    0x080094d0   0x080094d0   0x00000012   Code   RO          274    i.motorTransTask    freertos.o
    0x080094e2   0x080094e2   0x0000000c   Code   RO         8070    i.motorUpdataTask   motor.o
    0x080094ee   0x080094ee   0x00000002   PAD
    0x080094f0   0x080094f0   0x0000013c   Code   RO         7688    i.musicUpdata       driver_beep.o
    0x0800962c   0x0800962c   0x0000001e   Code   RO         6981    i.osDelay           cmsis_os2.o
    0x0800964a   0x0800964a   0x00000002   PAD
    0x0800964c   0x0800964c   0x0000002c   Code   RO         6995    i.osKernelInitialize  cmsis_os2.o
    0x08009678   0x08009678   0x00000060   Code   RO         6998    i.osKernelStart     cmsis_os2.o
    0x080096d8   0x080096d8   0x000000b8   Code   RO         7040    i.osThreadNew       cmsis_os2.o
    0x08009790   0x08009790   0x0000007c   Code   RO         6415    i.prvAddCurrentTaskToDelayedList  tasks.o
    0x0800980c   0x0800980c   0x000000b8   Code   RO         6416    i.prvAddNewTaskToReadyList  tasks.o
    0x080098c4   0x080098c4   0x00000074   Code   RO         6791    i.prvCheckForValidListAndQueue  timers.o
    0x08009938   0x08009938   0x00000048   Code   RO         6417    i.prvCheckTasksWaitingTermination  tasks.o
    0x08009980   0x08009980   0x0000002a   Code   RO         6002    i.prvCopyDataFromQueue  queue.o
    0x080099aa   0x080099aa   0x0000007e   Code   RO         6003    i.prvCopyDataToQueue  queue.o
    0x08009a28   0x08009a28   0x00000050   Code   RO         6418    i.prvDeleteTCB      tasks.o
    0x08009a78   0x08009a78   0x00000028   Code   RO         6792    i.prvGetNextExpireTime  timers.o
    0x08009aa0   0x08009aa0   0x0000007c   Code   RO         7508    i.prvHeapInit       heap_4.o
    0x08009b1c   0x08009b1c   0x00000028   Code   RO         6419    i.prvIdleTask       tasks.o
    0x08009b44   0x08009b44   0x0000002a   Code   RO         6006    i.prvInitialiseNewQueue  queue.o
    0x08009b6e   0x08009b6e   0x000000be   Code   RO         6420    i.prvInitialiseNewTask  tasks.o
    0x08009c2c   0x08009c2c   0x00000068   Code   RO         6421    i.prvInitialiseTaskLists  tasks.o
    0x08009c94   0x08009c94   0x00000068   Code   RO         7509    i.prvInsertBlockIntoFreeList  heap_4.o
    0x08009cfc   0x08009cfc   0x00000058   Code   RO         6794    i.prvInsertTimerInActiveList  timers.o
    0x08009d54   0x08009d54   0x0000001a   Code   RO         6007    i.prvIsQueueEmpty   queue.o
    0x08009d6e   0x08009d6e   0x0000001e   Code   RO         6008    i.prvIsQueueFull    queue.o
    0x08009d8c   0x08009d8c   0x00000074   Code   RO         6795    i.prvProcessExpiredTimer  timers.o
    0x08009e00   0x08009e00   0x00000164   Code   RO         6796    i.prvProcessReceivedCommands  timers.o
    0x08009f64   0x08009f64   0x00000074   Code   RO         6797    i.prvProcessTimerOrBlockTask  timers.o
    0x08009fd8   0x08009fd8   0x00000034   Code   RO         6423    i.prvResetNextTaskUnblockTime  tasks.o
    0x0800a00c   0x0800a00c   0x0000002c   Code   RO         6798    i.prvSampleTimeNow  timers.o
    0x0800a038   0x0800a038   0x000000a4   Code   RO         6799    i.prvSwitchTimerLists  timers.o
    0x0800a0dc   0x0800a0dc   0x00000040   Code   RO         7564    i.prvTaskExitError  port.o
    0x0800a11c   0x0800a11c   0x0000001a   Code   RO         6800    i.prvTimerTask      timers.o
    0x0800a136   0x0800a136   0x0000007e   Code   RO         6009    i.prvUnlockQueue    queue.o
    0x0800a1b4   0x0800a1b4   0x0000014c   Code   RO         7510    i.pvPortMalloc      heap_4.o
    0x0800a300   0x0800a300   0x0000002c   Code   RO         7565    i.pxPortInitialiseStack  port.o
    0x0800a32c   0x0800a32c   0x00000034   Code   RO         7997    i.supervisionDriverInit  supervision.o
    0x0800a360   0x0800a360   0x00000012   Code   RO          275    i.supervisionTask   freertos.o
    0x0800a372   0x0800a372   0x00000002   PAD
    0x0800a374   0x0800a374   0x00000048   Code   RO         7998    i.supervisionUpdataTask  supervision.o
    0x0800a3bc   0x0800a3bc   0x00000020   Code   RO         7999    i.sysLog            supervision.o
    0x0800a3dc   0x0800a3dc   0x00000034   Code   RO         7761    i.uint_to_float     driver_motor.o
    0x0800a410   0x0800a410   0x00000002   Code   RO         7762    i.unitreeMotorInit  driver_motor.o
    0x0800a412   0x0800a412   0x00000002   PAD
    0x0800a414   0x0800a414   0x00000158   Code   RO         7763    i.unitreeMotorRevUpdata  driver_motor.o
    0x0800a56c   0x0800a56c   0x0000025c   Code   RO         7764    i.unitreeMotorSendUpdata  driver_motor.o
    0x0800a7c8   0x0800a7c8   0x00000038   Code   RO         7765    i.unitreeMotorTask  driver_motor.o
    0x0800a800   0x0800a800   0x00000028   Code   RO         5962    i.uxListRemove      list.o
    0x0800a828   0x0800a828   0x00000018   Code   RO         7052    i.vApplicationGetIdleTaskMemory  cmsis_os2.o
    0x0800a840   0x0800a840   0x00000018   Code   RO         7053    i.vApplicationGetTimerTaskMemory  cmsis_os2.o
    0x0800a858   0x0800a858   0x0000001a   Code   RO         5963    i.vListInitialise   list.o
    0x0800a872   0x0800a872   0x00000006   Code   RO         5964    i.vListInitialiseItem  list.o
    0x0800a878   0x0800a878   0x00000034   Code   RO         5965    i.vListInsert       list.o
    0x0800a8ac   0x0800a8ac   0x00000018   Code   RO         5966    i.vListInsertEnd    list.o
    0x0800a8c4   0x0800a8c4   0x00000054   Code   RO         7567    i.vPortEnterCritical  port.o
    0x0800a918   0x0800a918   0x0000003c   Code   RO         7568    i.vPortExitCritical  port.o
    0x0800a954   0x0800a954   0x000000a4   Code   RO         7511    i.vPortFree         heap_4.o
    0x0800a9f8   0x0800a9f8   0x00000028   Code   RO         7569    i.vPortSetupTimerInterrupt  port.o
    0x0800aa20   0x0800aa20   0x00000078   Code   RO         7570    i.vPortValidateInterruptPriority  port.o
    0x0800aa98   0x0800aa98   0x0000002c   Code   RO         6015    i.vQueueAddToRegistry  queue.o
    0x0800aac4   0x0800aac4   0x0000004a   Code   RO         6019    i.vQueueWaitForMessageRestricted  queue.o
    0x0800ab0e   0x0800ab0e   0x00000002   PAD
    0x0800ab10   0x0800ab10   0x0000005c   Code   RO         6436    i.vTaskDelay        tasks.o
    0x0800ab6c   0x0800ab6c   0x00000018   Code   RO         6441    i.vTaskInternalSetTimeOutState  tasks.o
    0x0800ab84   0x0800ab84   0x0000000c   Code   RO         6442    i.vTaskMissedYield  tasks.o
    0x0800ab90   0x0800ab90   0x00000038   Code   RO         6444    i.vTaskPlaceOnEventList  tasks.o
    0x0800abc8   0x0800abc8   0x00000040   Code   RO         6445    i.vTaskPlaceOnEventListRestricted  tasks.o
    0x0800ac08   0x0800ac08   0x000000b8   Code   RO         6453    i.vTaskStartScheduler  tasks.o
    0x0800acc0   0x0800acc0   0x00000010   Code   RO         6455    i.vTaskSuspendAll   tasks.o
    0x0800acd0   0x0800acd0   0x00000090   Code   RO         6456    i.vTaskSwitchContext  tasks.o
    0x0800ad60   0x0800ad60   0x00000018   Code   RO         7643    i.ws2812Init        driver_ws2812.o
    0x0800ad78   0x0800ad78   0x00000060   Code   RO         7644    i.ws2812SetColor    driver_ws2812.o
    0x0800add8   0x0800add8   0x000000b4   Code   RO         7645    i.ws2812Updata      driver_ws2812.o
    0x0800ae8c   0x0800ae8c   0x00000168   Code   RO         7571    i.xPortStartScheduler  port.o
    0x0800aff4   0x0800aff4   0x00000034   Code   RO         7572    i.xPortSysTickHandler  port.o
    0x0800b028   0x0800b028   0x000000e0   Code   RO         6025    i.xQueueGenericCreateStatic  queue.o
    0x0800b108   0x0800b108   0x00000098   Code   RO         6026    i.xQueueGenericReset  queue.o
    0x0800b1a0   0x0800b1a0   0x000001a8   Code   RO         6027    i.xQueueGenericSend  queue.o
    0x0800b348   0x0800b348   0x000000fc   Code   RO         6028    i.xQueueGenericSendFromISR  queue.o
    0x0800b444   0x0800b444   0x00000168   Code   RO         6037    i.xQueueReceive     queue.o
    0x0800b5ac   0x0800b5ac   0x0000008c   Code   RO         6458    i.xTaskCheckForTimeOut  tasks.o
    0x0800b638   0x0800b638   0x00000064   Code   RO         6459    i.xTaskCreate       tasks.o
    0x0800b69c   0x0800b69c   0x000000ba   Code   RO         6460    i.xTaskCreateStatic  tasks.o
    0x0800b756   0x0800b756   0x00000002   PAD
    0x0800b758   0x0800b758   0x00000020   Code   RO         6464    i.xTaskGetSchedulerState  tasks.o
    0x0800b778   0x0800b778   0x0000000c   Code   RO         6465    i.xTaskGetTickCount  tasks.o
    0x0800b784   0x0800b784   0x00000144   Code   RO         6467    i.xTaskIncrementTick  tasks.o
    0x0800b8c8   0x0800b8c8   0x000000a4   Code   RO         6470    i.xTaskPriorityDisinherit  tasks.o
    0x0800b96c   0x0800b96c   0x00000098   Code   RO         6472    i.xTaskRemoveFromEventList  tasks.o
    0x0800ba04   0x0800ba04   0x00000104   Code   RO         6473    i.xTaskResumeAll    tasks.o
    0x0800bb08   0x0800bb08   0x00000078   Code   RO         6809    i.xTimerCreateTimerTask  timers.o
    0x0800bb80   0x0800bb80   0x00000084   Code   RO         6810    i.xTimerGenericCommand  timers.o
    0x0800bc04   0x0800bc04   0x0000006c   Data   RO          276    .constdata          freertos.o
    0x0800bc70   0x0800bc70   0x00000008   Data   RO         1643    .constdata          stm32h7xx_hal_dma.o
    0x0800bc78   0x0800bc78   0x0000005c   Data   RO         3367    .constdata          stm32h7xx_hal_fdcan.o
    0x0800bcd4   0x0800bcd4   0x00000018   Data   RO         5319    .constdata          stm32h7xx_hal_uart.o
    0x0800bcec   0x0800bcec   0x00000010   Data   RO         5690    .constdata          stm32h7xx_hal_uart_ex.o
    0x0800bcfc   0x0800bcfc   0x00000010   Data   RO         5799    .constdata          system_stm32h7xx.o
    0x0800bd0c   0x0800bd0c   0x00000232   Data   RO         7689    .constdata          driver_beep.o
    0x0800bf3e   0x0800bf3e   0x00000200   Data   RO         7767    .constdata          driver_motor.o
    0x0800c13e   0x0800c13e   0x00000002   PAD
    0x0800c140   0x0800c140   0x0000002c   Data   RO          277    .conststring        freertos.o
    0x0800c16c   0x0800c16c   0x00000030   Data   RO         8418    Region$$Table       anon$$obj.o


    Execution Region RW_IRAM1 (Exec base: 0x20000000, Load base: 0x0800c19c, Size: 0x00003c00, Max: 0x00020000, ABSOLUTE)

    Exec Addr    Load Addr    Size         Type   Attr      Idx    E Section Name        Object

    0x20000000        -       0x00003c00   Zero   RW         7516    .bss                heap_4.o


    Execution Region RW_IRAM2 (Exec base: 0x24000000, Load base: 0x0800c19c, Size: 0x00001e10, Max: 0x00020000, ABSOLUTE, COMPRESSED[0x00000058])

    Exec Addr    Load Addr    Size         Type   Attr      Idx    E Section Name        Object

    0x24000000   COMPRESSED   0x0000000c   Data   RW          278    .data               freertos.o
    0x2400000c   COMPRESSED   0x00000009   Data   RW         2375    .data               stm32h7xx_hal.o
    0x24000015   COMPRESSED   0x00000003   PAD
    0x24000018   COMPRESSED   0x00000008   Data   RW         5800    .data               system_stm32h7xx.o
    0x24000020   COMPRESSED   0x0000003c   Data   RW         6476    .data               tasks.o
    0x2400005c   COMPRESSED   0x00000014   Data   RW         6818    .data               timers.o
    0x24000070   COMPRESSED   0x00000004   Data   RW         7055    .data               cmsis_os2.o
    0x24000074   COMPRESSED   0x00000020   Data   RW         7517    .data               heap_4.o
    0x24000094   COMPRESSED   0x0000000c   Data   RW         7573    .data               port.o
    0x240000a0   COMPRESSED   0x00000004   Data   RW         7646    .data               driver_ws2812.o
    0x240000a4   COMPRESSED   0x00000010   Data   RW         7690    .data               driver_beep.o
    0x240000b4   COMPRESSED   0x00000004   PAD
    0x240000b8   COMPRESSED   0x00000180   Data   RW         7768    .data               driver_motor.o
    0x24000238   COMPRESSED   0x00000048   Data   RW         7886    .data               driver_dwt.o
    0x24000280   COMPRESSED   0x00000030   Data   RW         7954    .data               driver_fdcan.o
    0x240002b0   COMPRESSED   0x00000004   Data   RW         8000    .data               supervision.o
    0x240002b4   COMPRESSED   0x00000004   Data   RW         8394    .data               mc_w.l(stdout.o)
    0x240002b8        -       0x000000a0   Zero   RW          372    .bss                fdcan.o
    0x24000358        -       0x00000088   Zero   RW          432    .bss                spi.o
    0x240003e0        -       0x0000004c   Zero   RW          475    .bss                tim.o
    0x2400042c        -       0x0000039c   Zero   RW          524    .bss                usart.o
    0x240007c8        -       0x0000004c   Zero   RW          712    .bss                stm32h7xx_hal_timebase_tim.o
    0x24000814        -       0x00000040   Zero   RW         6041    .bss                queue.o
    0x24000854        -       0x000004c4   Zero   RW         6475    .bss                tasks.o
    0x24000d18        -       0x00000118   Zero   RW         6817    .bss                timers.o
    0x24000e30        -       0x000006b8   Zero   RW         7054    .bss                cmsis_os2.o
    0x240014e8        -       0x000000f0   Zero   RW         7766    .bss                driver_motor.o
    0x240015d8        -       0x00000034   Zero   RW         7953    .bss                driver_fdcan.o
    0x2400160c   COMPRESSED   0x00000004   PAD
    0x24001610        -       0x00000800   Zero   RW            1    STACK               startup_stm32h723xx.o


==============================================================================

Image component sizes


      Code (inc. data)   RO Data    RW Data    ZI Data      Debug   Object Name

       430         38          0          4       1720      70927   cmsis_os2.o
       128          6          0          0          0        938   dma.o
       360         42        562         16          0       3298   driver_beep.o
       248         58          0         72          0       2807   driver_dwt.o
       140         14          0         48         52       2852   driver_fdcan.o
      2056        202        512        384        240      13414   driver_motor.o
       300         22          0          4          0       2418   driver_ws2812.o
         0          0          0          0          0      19428   event_groups.o
       304         22          0          0        160       1935   fdcan.o
       156         46        152         12          0       3176   freertos.o
       220         14          0          0          0       1127   gpio.o
       724         74          0         32      15360       4975   heap_4.o
       148          0          0          0          0       3686   list.o
       282         12          0          0          0    1237328   main.o
        56         24          0          0          0        912   motor.o
      1014         92          0         12          0      11773   port.o
      1922         20          0          0         64      17480   queue.o
       264         24          0          0        136       1861   spi.o
        36          8        716          0       2048        832   startup_stm32h723xx.o
       132         30          0          9          0      22322   stm32h7xx_hal.o
       258         22          0          0          0      39266   stm32h7xx_hal_cortex.o
      8650        164          8          0          0      13394   stm32h7xx_hal_dma.o
      3584         54         92          0          0      23264   stm32h7xx_hal_fdcan.o
       524         50          0          0          0       2887   stm32h7xx_hal_gpio.o
        48          6          0          0          0        934   stm32h7xx_hal_msp.o
        96          6          0          0          0        773   stm32h7xx_hal_pwr_ex.o
      3496        120          0          0          0       7577   stm32h7xx_hal_rcc.o
      5140        112          0          0          0       7317   stm32h7xx_hal_rcc_ex.o
      1430         12          0          0          0       4970   stm32h7xx_hal_spi.o
      2736        284          0          0          0      14517   stm32h7xx_hal_tim.o
       234         38          0          0          0       3292   stm32h7xx_hal_tim_ex.o
       160         20          0          0         76       1647   stm32h7xx_hal_timebase_tim.o
      4828        184         24          0          0      40242   stm32h7xx_hal_uart.o
       512         14         16          0          0       6481   stm32h7xx_hal_uart_ex.o
       166         54          0          0          0       7295   stm32h7xx_it.o
         0          0          0          0          0        408   stream_buffer.o
       184         58          0          4          0       4017   supervision.o
       224         32         16          8          0       1398   system_stm32h7xx.o
      2808        346          0         60       1220      27486   tasks.o
       268         30          0          0         76       2425   tim.o
      1318        124          0         20        280      32943   timers.o
      1132         88          0          0        924       3788   usart.o

    ----------------------------------------------------------------------
     46762       2566       2148        692      22360    1669810   Object Totals
         0          0         48          0          0          0   (incl. Generated)
        46          0          2          7          4          0   (incl. Padding)

    ----------------------------------------------------------------------

      Code (inc. data)   RO Data    RW Data    ZI Data      Debug   Library Member Name

        86          0          0          0          0          0   __dczerorl2.o
         0          0          0          0          0          0   entry.o
         0          0          0          0          0          0   entry10a.o
         0          0          0          0          0          0   entry11a.o
         8          4          0          0          0          0   entry2.o
         4          0          0          0          0          0   entry5.o
         0          0          0          0          0          0   entry7b.o
         0          0          0          0          0          0   entry8b.o
         8          4          0          0          0          0   entry9a.o
        30          0          0          0          0          0   handlers.o
        36          8          0          0          0         68   init.o
        30          0          0          0          0         68   llshl.o
        32          0          0          0          0         68   llushr.o
        36          0          0          0          0         68   memcpya.o
        36          0          0          0          0        108   memseta.o
       246         10          0          0          0        176   printf2.o
         0          0          0          4          0          0   stdout.o
        98          0          0          0          0         92   uldiv.o

    ----------------------------------------------------------------------
       654         26          0          4          0        648   Library Totals
         4          0          0          0          0          0   (incl. Padding)

    ----------------------------------------------------------------------

      Code (inc. data)   RO Data    RW Data    ZI Data      Debug   Library Name

       650         26          0          4          0        648   mc_w.l

    ----------------------------------------------------------------------
       654         26          0          4          0        648   Library Totals

    ----------------------------------------------------------------------

==============================================================================


      Code (inc. data)   RO Data    RW Data    ZI Data      Debug   

     47416       2592       2148        696      22360    1644482   Grand Totals
     47416       2592       2148         88      22360    1644482   ELF Image Totals (compressed)
     47416       2592       2148         88          0          0   ROM Totals

==============================================================================

    Total RO  Size (Code + RO Data)                49564 (  48.40kB)
    Total RW  Size (RW Data + ZI Data)             23056 (  22.52kB)
    Total ROM Size (Code + RO Data + RW Data)      49652 (  48.49kB)

==============================================================================

