Component: ARM Compiler 5.06 update 6 (build 750) Tool: armlink [4d35ed]

==============================================================================

Section Cross References

    startup_stm32h723xx.o(STACK) refers (Special) to heapauxi.o(.text) for __use_two_region_memory
    startup_stm32h723xx.o(HEAP) refers (Special) to heapauxi.o(.text) for __use_two_region_memory
    startup_stm32h723xx.o(RESET) refers (Special) to heapauxi.o(.text) for __use_two_region_memory
    startup_stm32h723xx.o(RESET) refers to startup_stm32h723xx.o(STACK) for __initial_sp
    startup_stm32h723xx.o(RESET) refers to startup_stm32h723xx.o(.text) for Reset_Handler
    startup_stm32h723xx.o(RESET) refers to stm32h7xx_it.o(i.NMI_Handler) for NMI_Handler
    startup_stm32h723xx.o(RESET) refers to stm32h7xx_it.o(i.HardFault_Handler) for HardFault_Handler
    startup_stm32h723xx.o(RESET) refers to stm32h7xx_it.o(i.MemManage_Handler) for MemManage_Handler
    startup_stm32h723xx.o(RESET) refers to stm32h7xx_it.o(i.BusFault_Handler) for BusFault_Handler
    startup_stm32h723xx.o(RESET) refers to stm32h7xx_it.o(i.UsageFault_Handler) for UsageFault_Handler
    startup_stm32h723xx.o(RESET) refers to port.o(.emb_text) for SVC_Handler
    startup_stm32h723xx.o(RESET) refers to stm32h7xx_it.o(i.DebugMon_Handler) for DebugMon_Handler
    startup_stm32h723xx.o(RESET) refers to cmsis_os2.o(i.SysTick_Handler) for SysTick_Handler
    startup_stm32h723xx.o(RESET) refers to stm32h7xx_it.o(i.TIM1_UP_IRQHandler) for TIM1_UP_IRQHandler
    startup_stm32h723xx.o(.text) refers (Special) to heapauxi.o(.text) for __use_two_region_memory
    startup_stm32h723xx.o(.text) refers to system_stm32h7xx.o(i.SystemInit) for SystemInit
    startup_stm32h723xx.o(.text) refers to __main.o(!!!main) for __main
    startup_stm32h723xx.o(.text) refers to startup_stm32h723xx.o(HEAP) for Heap_Mem
    startup_stm32h723xx.o(.text) refers to startup_stm32h723xx.o(STACK) for Stack_Mem
    main.o(i.HAL_TIM_PeriodElapsedCallback) refers to stm32h7xx_hal.o(i.HAL_IncTick) for HAL_IncTick
    main.o(i.MPU_Config) refers to stm32h7xx_hal_cortex.o(i.HAL_MPU_Disable) for HAL_MPU_Disable
    main.o(i.MPU_Config) refers to stm32h7xx_hal_cortex.o(i.HAL_MPU_ConfigRegion) for HAL_MPU_ConfigRegion
    main.o(i.MPU_Config) refers to stm32h7xx_hal_cortex.o(i.HAL_MPU_Enable) for HAL_MPU_Enable
    main.o(i.SystemClock_Config) refers to rt_memclr_w.o(.text) for __aeabi_memclr4
    main.o(i.SystemClock_Config) refers to stm32h7xx_hal_pwr_ex.o(i.HAL_PWREx_ConfigSupply) for HAL_PWREx_ConfigSupply
    main.o(i.SystemClock_Config) refers to stm32h7xx_hal_rcc.o(i.HAL_RCC_OscConfig) for HAL_RCC_OscConfig
    main.o(i.SystemClock_Config) refers to main.o(i.Error_Handler) for Error_Handler
    main.o(i.SystemClock_Config) refers to stm32h7xx_hal_rcc.o(i.HAL_RCC_ClockConfig) for HAL_RCC_ClockConfig
    main.o(i.main) refers to main.o(i.MPU_Config) for MPU_Config
    main.o(i.main) refers to stm32h7xx_hal.o(i.HAL_Init) for HAL_Init
    main.o(i.main) refers to main.o(i.SystemClock_Config) for SystemClock_Config
    main.o(i.main) refers to gpio.o(i.MX_GPIO_Init) for MX_GPIO_Init
    main.o(i.main) refers to spi.o(i.MX_SPI6_Init) for MX_SPI6_Init
    main.o(i.main) refers to cmsis_os2.o(i.osKernelInitialize) for osKernelInitialize
    main.o(i.main) refers to freertos.o(i.MX_FREERTOS_Init) for MX_FREERTOS_Init
    main.o(i.main) refers to cmsis_os2.o(i.osKernelStart) for osKernelStart
    gpio.o(i.MX_GPIO_Init) refers to rt_memclr_w.o(.text) for __aeabi_memclr4
    gpio.o(i.MX_GPIO_Init) refers to stm32h7xx_hal_gpio.o(i.HAL_GPIO_WritePin) for HAL_GPIO_WritePin
    gpio.o(i.MX_GPIO_Init) refers to stm32h7xx_hal_gpio.o(i.HAL_GPIO_Init) for HAL_GPIO_Init
    freertos.o(i.MX_FREERTOS_Init) refers to cmsis_os2.o(i.osThreadNew) for osThreadNew
    freertos.o(i.MX_FREERTOS_Init) refers to freertos.o(.constdata) for defaultTask_attributes
    freertos.o(i.MX_FREERTOS_Init) refers to freertos.o(i.StartDefaultTask) for StartDefaultTask
    freertos.o(i.MX_FREERTOS_Init) refers to freertos.o(.data) for defaultTaskHandle
    freertos.o(i.StartDefaultTask) refers to cmsis_os2.o(i.osDelay) for osDelay
    freertos.o(.constdata) refers to freertos.o(.conststring) for .conststring
    spi.o(i.HAL_SPI_MspDeInit) refers to stm32h7xx_hal_gpio.o(i.HAL_GPIO_DeInit) for HAL_GPIO_DeInit
    spi.o(i.HAL_SPI_MspInit) refers to rt_memclr_w.o(.text) for __aeabi_memclr4
    spi.o(i.HAL_SPI_MspInit) refers to stm32h7xx_hal_rcc_ex.o(i.HAL_RCCEx_PeriphCLKConfig) for HAL_RCCEx_PeriphCLKConfig
    spi.o(i.HAL_SPI_MspInit) refers to main.o(i.Error_Handler) for Error_Handler
    spi.o(i.HAL_SPI_MspInit) refers to stm32h7xx_hal_gpio.o(i.HAL_GPIO_Init) for HAL_GPIO_Init
    spi.o(i.MX_SPI6_Init) refers to stm32h7xx_hal_spi.o(i.HAL_SPI_Init) for HAL_SPI_Init
    spi.o(i.MX_SPI6_Init) refers to main.o(i.Error_Handler) for Error_Handler
    spi.o(i.MX_SPI6_Init) refers to spi.o(.bss) for hspi6
[...]
    i.BusFault_Handler                       0x08000676   Section        0  stm32h7xx_it.o(i.BusFault_Handler)
    i.DebugMon_Handler                       0x0800067a   Section        0  stm32h7xx_it.o(i.DebugMon_Handler)
    i.Error_Handler                          0x0800067c   Section        0  main.o(i.Error_Handler)
    i.HAL_GPIO_Init                          0x08000684   Section        0  stm32h7xx_hal_gpio.o(i.HAL_GPIO_Init)
    i.HAL_GPIO_WritePin                      0x08000874   Section        0  stm32h7xx_hal_gpio.o(i.HAL_GPIO_WritePin)
    i.HAL_GetTick                            0x08000880   Section        0  stm32h7xx_hal.o(i.HAL_GetTick)
    i.HAL_IncTick                            0x0800088c   Section        0  stm32h7xx_hal.o(i.HAL_IncTick)
    i.HAL_Init                               0x080008a4   Section        0  stm32h7xx_hal.o(i.HAL_Init)
    i.HAL_InitTick                           0x08000904   Section        0  stm32h7xx_hal_timebase_tim.o(i.HAL_InitTick)
    i.HAL_MPU_ConfigRegion                   0x08000998   Section        0  stm32h7xx_hal_cortex.o(i.HAL_MPU_ConfigRegion)
    i.HAL_MPU_Disable                        0x080009f4   Section        0  stm32h7xx_hal_cortex.o(i.HAL_MPU_Disable)
    i.HAL_MPU_Enable                         0x08000a20   Section        0  stm32h7xx_hal_cortex.o(i.HAL_MPU_Enable)
    i.HAL_MspInit                            0x08000a60   Section        0  stm32h7xx_hal_msp.o(i.HAL_MspInit)
    i.HAL_NVIC_EnableIRQ                     0x08000a90   Section        0  stm32h7xx_hal_cortex.o(i.HAL_NVIC_EnableIRQ)
    i.HAL_NVIC_SetPriority                   0x08000ab8   Section        0  stm32h7xx_hal_cortex.o(i.HAL_NVIC_SetPriority)
    i.HAL_NVIC_SetPriorityGrouping           0x08000b34   Section        0  stm32h7xx_hal_cortex.o(i.HAL_NVIC_SetPriorityGrouping)
    i.HAL_PWREx_ConfigSupply                 0x08000b5c   Section        0  stm32h7xx_hal_pwr_ex.o(i.HAL_PWREx_ConfigSupply)
    i.HAL_RCCEx_PeriphCLKConfig              0x08000bbc   Section        0  stm32h7xx_hal_rcc_ex.o(i.HAL_RCCEx_PeriphCLKConfig)
    i.HAL_RCC_ClockConfig                    0x08001884   Section        0  stm32h7xx_hal_rcc.o(i.HAL_RCC_ClockConfig)
    i.HAL_RCC_GetClockConfig                 0x08001ba4   Section        0  stm32h7xx_hal_rcc.o(i.HAL_RCC_GetClockConfig)
    i.HAL_RCC_GetHCLKFreq                    0x08001c10   Section        0  stm32h7xx_hal_rcc.o(i.HAL_RCC_GetHCLKFreq)
    i.HAL_RCC_GetPCLK2Freq                   0x08001c5c   Section        0  stm32h7xx_hal_rcc.o(i.HAL_RCC_GetPCLK2Freq)
    i.HAL_RCC_GetSysClockFreq                0x08001c80   Section        0  stm32h7xx_hal_rcc.o(i.HAL_RCC_GetSysClockFreq)
    i.HAL_RCC_OscConfig                      0x08001eac   Section        0  stm32h7xx_hal_rcc.o(i.HAL_RCC_OscConfig)
    i.HAL_SPI_Init                           0x08002608   Section        0  stm32h7xx_hal_spi.o(i.HAL_SPI_Init)
    i.HAL_SPI_MspInit                        0x080027b8   Section        0  spi.o(i.HAL_SPI_MspInit)
    i.HAL_TIMEx_Break2Callback               0x08002854   Section        0  stm32h7xx_hal_tim_ex.o(i.HAL_TIMEx_Break2Callback)
    i.HAL_TIMEx_BreakCallback                0x08002856   Section        0  stm32h7xx_hal_tim_ex.o(i.HAL_TIMEx_BreakCallback)
    i.HAL_TIMEx_CommutCallback               0x08002858   Section        0  stm32h7xx_hal_tim_ex.o(i.HAL_TIMEx_CommutCallback)
    i.HAL_TIM_Base_Init                      0x0800285a   Section        0  stm32h7xx_hal_tim.o(i.HAL_TIM_Base_Init)
    i.HAL_TIM_Base_MspInit                   0x080028c8   Section        0  stm32h7xx_hal_tim.o(i.HAL_TIM_Base_MspInit)
    i.HAL_TIM_Base_Start_IT                  0x080028cc   Section        0  stm32h7xx_hal_tim.o(i.HAL_TIM_Base_Start_IT)
    i.HAL_TIM_IC_CaptureCallback             0x08002998   Section        0  stm32h7xx_hal_tim.o(i.HAL_TIM_IC_CaptureCallback)
    i.HAL_TIM_IRQHandler                     0x0800299a   Section        0  stm32h7xx_hal_tim.o(i.HAL_TIM_IRQHandler)
    i.HAL_TIM_OC_DelayElapsedCallback        0x08002b52   Section        0  stm32h7xx_hal_tim.o(i.HAL_TIM_OC_DelayElapsedCallback)
    i.HAL_TIM_PWM_PulseFinishedCallback      0x08002b54   Section        0  stm32h7xx_hal_tim.o(i.HAL_TIM_PWM_PulseFinishedCallback)
    i.HAL_TIM_PeriodElapsedCallback          0x08002b58   Section        0  main.o(i.HAL_TIM_PeriodElapsedCallback)
    i.HAL_TIM_TriggerCallback                0x08002b70   Section        0  stm32h7xx_hal_tim.o(i.HAL_TIM_TriggerCallback)
    i.HardFault_Handler                      0x08002b72   Section        0  stm32h7xx_it.o(i.HardFault_Handler)
    i.MPU_Config                             0x08002b76   Section        0  main.o(i.MPU_Config)
    MPU_Config                               0x08002b77   Thumb Code    86  main.o(i.MPU_Config)
    i.MX_FREERTOS_Init                       0x08002bcc   Section        0  freertos.o(i.MX_FREERTOS_Init)
    i.MX_GPIO_Init                           0x08002bec   Section        0  gpio.o(i.MX_GPIO_Init)
    i.MX_SPI6_Init                           0x08002c78   Section        0  spi.o(i.MX_SPI6_Init)
    i.MemManage_Handler                      0x08002cd8   Section        0  stm32h7xx_it.o(i.MemManage_Handler)
    i.NMI_Handler                            0x08002cdc   Section        0  stm32h7xx_it.o(i.NMI_Handler)
    i.RCCEx_PLL2_Config                      0x08002ce0   Section        0  stm32h7xx_hal_rcc_ex.o(i.RCCEx_PLL2_Config)
    RCCEx_PLL2_Config                        0x08002ce1   Thumb Code   350  stm32h7xx_hal_rcc_ex.o(i.RCCEx_PLL2_Config)
    i.RCCEx_PLL3_Config                      0x08002e44   Section        0  stm32h7xx_hal_rcc_ex.o(i.RCCEx_PLL3_Config)
    RCCEx_PLL3_Config                        0x08002e45   Thumb Code   350  stm32h7xx_hal_rcc_ex.o(i.RCCEx_PLL3_Config)
    i.SPI_GetPacketSize                      0x08002fa8   Section        0  stm32h7xx_hal_spi.o(i.SPI_GetPacketSize)
    SPI_GetPacketSize                        0x08002fa9   Thumb Code    26  stm32h7xx_hal_spi.o(i.SPI_GetPacketSize)
    i.StartDefaultTask                       0x08002fc2   Section        0  freertos.o(i.StartDefaultTask)
    i.SysTick_Handler                        0x08002fcc   Section        0  cmsis_os2.o(i.SysTick_Handler)
    i.SystemClock_Config                     0x08002fe4   Section        0  main.o(i.SystemClock_Config)
    i.SystemInit                             0x080030a0   Section        0  system_stm32h7xx.o(i.SystemInit)
    i.TIM1_UP_IRQHandler                     0x08003180   Section        0  stm32h7xx_it.o(i.TIM1_UP_IRQHandler)
    i.TIM_Base_SetConfig                     0x08003190   Section        0  stm32h7xx_hal_tim.o(i.TIM_Base_SetConfig)
    i.UsageFault_Handler                     0x08003270   Section        0  stm32h7xx_it.o(i.UsageFault_Handler)
    i.__NVIC_GetPriorityGrouping             0x08003274   Section        0  stm32h7xx_hal_cortex.o(i.__NVIC_GetPriorityGrouping)
    __NVIC_GetPriorityGrouping               0x08003275   Thumb Code    10  stm32h7xx_hal_cortex.o(i.__NVIC_GetPriorityGrouping)
    i.__NVIC_SetPriority                     0x08003284   Section        0  stm32h7xx_hal_cortex.o(i.__NVIC_SetPriority)
    __NVIC_SetPriority                       0x08003285   Thumb Code    32  stm32h7xx_hal_cortex.o(i.__NVIC_SetPriority)
    i.__get_IPSR                             0x080032ac   Section        0  cmsis_os2.o(i.__get_IPSR)
    __get_IPSR                               0x080032ad   Thumb Code     6  cmsis_os2.o(i.__get_IPSR)
    i.main                                   0x080032b2   Section        0  main.o(i.main)
    i.osDelay                                0x080032d6   Section        0  cmsis_os2.o(i.osDelay)
    i.osKernelInitialize                     0x080032f4   Section        0  cmsis_os2.o(i.osKernelInitialize)
    i.osKernelStart                          0x08003320   Section        0  cmsis_os2.o(i.osKernelStart)
    i.osThreadNew                            0x08003380   Section        0  cmsis_os2.o(i.osThreadNew)
    i.prvAddCurrentTaskToDelayedList         0x08003438   Section        0  tasks.o(i.prvAddCurrentTaskToDelayedList)
    prvAddCurrentTaskToDelayedList           0x08003439   Thumb Code   100  tasks.o(i.prvAddCurrentTaskToDelayedList)
    i.prvAddNewTaskToReadyList               0x080034b4   Section        0  tasks.o(i.prvAddNewTaskToReadyList)
    prvAddNewTaskToReadyList                 0x080034b5   Thumb Code   154  tasks.o(i.prvAddNewTaskToReadyList)
    i.prvCheckForValidListAndQueue           0x0800356c   Section        0  timers.o(i.prvCheckForValidListAndQueue)
    prvCheckForValidListAndQueue             0x0800356d   Thumb Code    78  timers.o(i.prvCheckForValidListAndQueue)
    i.prvCheckTasksWaitingTermination        0x080035e0   Section        0  tasks.o(i.prvCheckTasksWaitingTermination)
    prvCheckTasksWaitingTermination          0x080035e1   Thumb Code    60  tasks.o(i.prvCheckTasksWaitingTermination)
    i.prvCopyDataFromQueue                   0x08003628   Section        0  queue.o(i.prvCopyDataFromQueue)
    prvCopyDataFromQueue                     0x08003629   Thumb Code    42  queue.o(i.prvCopyDataFromQueue)
    i.prvCopyDataToQueue                     0x08003652   Section        0  queue.o(i.prvCopyDataToQueue)
    prvCopyDataToQueue                       0x08003653   Thumb Code   126  queue.o(i.prvCopyDataToQueue)
    i.prvDeleteTCB                           0x080036d0   Section        0  tasks.o(i.prvDeleteTCB)
    prvDeleteTCB                             0x080036d1   Thumb Code    80  tasks.o(i.prvDeleteTCB)
    i.prvGetNextExpireTime                   0x08003720   Section        0  timers.o(i.prvGetNextExpireTime)
    prvGetNextExpireTime                     0x08003721   Thumb Code    36  timers.o(i.prvGetNextExpireTime)
    i.prvHeapInit                            0x08003748   Section        0  heap_4.o(i.prvHeapInit)
    prvHeapInit                              0x08003749   Thumb Code    98  heap_4.o(i.prvHeapInit)
    i.prvIdleTask                            0x080037c4   Section        0  tasks.o(i.prvIdleTask)
    prvIdleTask                              0x080037c5   Thumb Code    32  tasks.o(i.prvIdleTask)
    i.prvInitialiseNewQueue                  0x080037ec   Section        0  queue.o(i.prvInitialiseNewQueue)
    prvInitialiseNewQueue                    0x080037ed   Thumb Code    42  queue.o(i.prvInitialiseNewQueue)
    i.prvInitialiseNewTask                   0x08003816   Section        0  tasks.o(i.prvInitialiseNewTask)
    prvInitialiseNewTask                     0x08003817   Thumb Code   190  tasks.o(i.prvInitialiseNewTask)
    i.prvInitialiseTaskLists                 0x080038d4   Section        0  tasks.o(i.prvInitialiseTaskLists)
    prvInitialiseTaskLists                   0x080038d5   Thumb Code    70  tasks.o(i.prvInitialiseTaskLists)
    i.prvInsertBlockIntoFreeList             0x0800393c   Section        0  heap_4.o(i.prvInsertBlockIntoFreeList)
    prvInsertBlockIntoFreeList               0x0800393d   Thumb Code    96  heap_4.o(i.prvInsertBlockIntoFreeList)
    i.prvInsertTimerInActiveList             0x080039a4   Section        0  timers.o(i.prvInsertTimerInActiveList)
    prvInsertTimerInActiveList               0x080039a5   Thumb Code    80  timers.o(i.prvInsertTimerInActiveList)
    i.prvIsQueueEmpty                        0x080039fc   Section        0  queue.o(i.prvIsQueueEmpty)
    prvIsQueueEmpty                          0x080039fd   Thumb Code    26  queue.o(i.prvIsQueueEmpty)
    i.prvIsQueueFull                         0x08003a16   Section        0  queue.o(i.prvIsQueueFull)
    prvIsQueueFull                           0x08003a17   Thumb Code    30  queue.o(i.prvIsQueueFull)
    i.prvProcessExpiredTimer                 0x08003a34   Section        0  timers.o(i.prvProcessExpiredTimer)
    prvProcessExpiredTimer                   0x08003a35   Thumb Code   110  timers.o(i.prvProcessExpiredTimer)
    i.prvProcessReceivedCommands             0x08003aa8   Section        0  timers.o(i.prvProcessReceivedCommands)
    prvProcessReceivedCommands               0x08003aa9   Thumb Code   350  timers.o(i.prvProcessReceivedCommands)
    i.prvProcessTimerOrBlockTask             0x08003c0c   Section        0  timers.o(i.prvProcessTimerOrBlockTask)
    prvProcessTimerOrBlockTask               0x08003c0d   Thumb Code   102  timers.o(i.prvProcessTimerOrBlockTask)
    i.prvResetNextTaskUnblockTime            0x08003c80   Section        0  tasks.o(i.prvResetNextTaskUnblockTime)
    prvResetNextTaskUnblockTime              0x08003c81   Thumb Code    42  tasks.o(i.prvResetNextTaskUnblockTime)
    i.prvSampleTimeNow                       0x08003cb4   Section        0  timers.o(i.prvSampleTimeNow)
    prvSampleTimeNow                         0x08003cb5   Thumb Code    40  timers.o(i.prvSampleTimeNow)
    i.prvSwitchTimerLists                    0x08003ce0   Section        0  timers.o(i.prvSwitchTimerLists)
    prvSwitchTimerLists                      0x08003ce1   Thumb Code   154  timers.o(i.prvSwitchTimerLists)
    i.prvTaskExitError                       0x08003d84   Section        0  port.o(i.prvTaskExitError)
    prvTaskExitError                         0x08003d85   Thumb Code    60  port.o(i.prvTaskExitError)
    i.prvTimerTask                           0x08003dc4   Section        0  timers.o(i.prvTimerTask)
    prvTimerTask                             0x08003dc5   Thumb Code    26  timers.o(i.prvTimerTask)
    i.prvUnlockQueue                         0x08003dde   Section        0  queue.o(i.prvUnlockQueue)
    prvUnlockQueue                           0x08003ddf   Thumb Code   126  queue.o(i.prvUnlockQueue)
    i.pvPortMalloc                           0x08003e5c   Section        0  heap_4.o(i.pvPortMalloc)
    i.pxPortInitialiseStack                  0x08003fa8   Section        0  port.o(i.pxPortInitialiseStack)
    i.uxListRemove                           0x08003fd4   Section        0  list.o(i.uxListRemove)
    i.vApplicationGetIdleTaskMemory          0x08003ffc   Section        0  cmsis_os2.o(i.vApplicationGetIdleTaskMemory)
    i.vApplicationGetTimerTaskMemory         0x08004014   Section        0  cmsis_os2.o(i.vApplicationGetTimerTaskMemory)
    i.vListInitialise                        0x0800402c   Section        0  list.o(i.vListInitialise)
    i.vListInitialiseItem                    0x08004046   Section        0  list.o(i.vListInitialiseItem)
    i.vListInsert                            0x0800404c   Section        0  list.o(i.vListInsert)
    i.vListInsertEnd                         0x08004080   Section        0  list.o(i.vListInsertEnd)
    i.vPortEnterCritical                     0x08004098   Section        0  port.o(i.vPortEnterCritical)
    i.vPortExitCritical                      0x080040ec   Section        0  port.o(i.vPortExitCritical)
    i.vPortFree                              0x08004128   Section        0  heap_4.o(i.vPortFree)
    i.vPortSetupTimerInterrupt               0x080041cc   Section        0  port.o(i.vPortSetupTimerInterrupt)
    i.vPortValidateInterruptPriority         0x080041f4   Section        0  port.o(i.vPortValidateInterruptPriority)
    i.vQueueAddToRegistry                    0x0800426c   Section        0  queue.o(i.vQueueAddToRegistry)
    i.vQueueWaitForMessageRestricted         0x08004298   Section        0  queue.o(i.vQueueWaitForMessageRestricted)
    i.vTaskDelay                             0x080042e4   Section        0  tasks.o(i.vTaskDelay)
    i.vTaskInternalSetTimeOutState           0x08004340   Section        0  tasks.o(i.vTaskInternalSetTimeOutState)
    i.vTaskMissedYield                       0x08004358   Section        0  tasks.o(i.vTaskMissedYield)
    i.vTaskPlaceOnEventList                  0x08004364   Section        0  tasks.o(i.vTaskPlaceOnEventList)
    i.vTaskPlaceOnEventListRestricted        0x0800439c   Section        0  tasks.o(i.vTaskPlaceOnEventListRestricted)
    i.vTaskStartScheduler                    0x080043dc   Section        0  tasks.o(i.vTaskStartScheduler)
    i.vTaskSuspendAll                        0x08004494   Section        0  tasks.o(i.vTaskSuspendAll)
    i.vTaskSwitchContext                     0x080044a4   Section        0  tasks.o(i.vTaskSwitchContext)
    i.xPortStartScheduler                    0x08004534   Section        0  port.o(i.xPortStartScheduler)
    i.xPortSysTickHandler                    0x0800469c   Section        0  port.o(i.xPortSysTickHandler)
    i.xQueueGenericCreateStatic              0x080046d0   Section        0  queue.o(i.xQueueGenericCreateStatic)
    i.xQueueGenericReset                     0x080047b0   Section        0  queue.o(i.xQueueGenericReset)
    i.xQueueGenericSend                      0x08004848   Section        0  queue.o(i.xQueueGenericSend)
    i.xQueueGenericSendFromISR               0x080049f0   Section        0  queue.o(i.xQueueGenericSendFromISR)
    i.xQueueReceive                          0x08004aec   Section        0  queue.o(i.xQueueReceive)
    i.xTaskCheckForTimeOut                   0x08004c54   Section        0  tasks.o(i.xTaskCheckForTimeOut)
    i.xTaskCreate                            0x08004ce0   Section        0  tasks.o(i.xTaskCreate)
    i.xTaskCreateStatic                      0x08004d44   Section        0  tasks.o(i.xTaskCreateStatic)
    i.xTaskGetSchedulerState                 0x08004e00   Section        0  tasks.o(i.xTaskGetSchedulerState)
    i.xTaskGetTickCount                      0x08004e20   Section        0  tasks.o(i.xTaskGetTickCount)
    i.xTaskIncrementTick                     0x08004e2c   Section        0  tasks.o(i.xTaskIncrementTick)
    i.xTaskPriorityDisinherit                0x08004f70   Section        0  tasks.o(i.xTaskPriorityDisinherit)
    i.xTaskRemoveFromEventList               0x08005014   Section        0  tasks.o(i.xTaskRemoveFromEventList)
    i.xTaskResumeAll                         0x080050ac   Section        0  tasks.o(i.xTaskResumeAll)
    i.xTimerCreateTimerTask                  0x080051b0   Section        0  timers.o(i.xTimerCreateTimerTask)
    i.xTimerGenericCommand                   0x08005228   Section        0  timers.o(i.xTimerGenericCommand)
    x$fpl$fpinit                             0x080052ac   Section       10  fpinit.o(x$fpl$fpinit)
    $v0                                      0x080052ac   Number         0  fpinit.o(x$fpl$fpinit)
    .constdata                               0x080052b8   Section       36  freertos.o(.constdata)
    .constdata                               0x080052dc   Section       16  system_stm32h7xx.o(.constdata)
    .conststring                             0x080052ec   Section       12  freertos.o(.conststring)
    .bss                                     0x20000000   Section    15360  heap_4.o(.bss)
    ucHeap                                   0x20000000   Data       15360  heap_4.o(.bss)
    .data                                    0x24000000   Section        4  freertos.o(.data)
    .data                                    0x24000004   Section        9  stm32h7xx_hal.o(.data)
    .data                                    0x24000010   Section        8  system_stm32h7xx.o(.data)
    .data                                    0x24000018   Section       60  tasks.o(.data)
    pxDelayedTaskList                        0x2400001c   Data           4  tasks.o(.data)
    pxOverflowDelayedTaskList                0x24000020   Data           4  tasks.o(.data)
    uxDeletedTasksWaitingCleanUp             0x24000024   Data           4  tasks.o(.data)
    uxCurrentNumberOfTasks                   0x24000028   Data           4  tasks.o(.data)
    xTickCount                               0x2400002c   Data           4  tasks.o(.data)
    uxTopReadyPriority                       0x24000030   Data           4  tasks.o(.data)
    xSchedulerRunning                        0x24000034   Data           4  tasks.o(.data)
    xPendedTicks                             0x24000038   Data           4  tasks.o(.data)
    xYieldPending                            0x2400003c   Data           4  tasks.o(.data)
    xNumOfOverflows                          0x24000040   Data           4  tasks.o(.data)
    uxTaskNumber                             0x24000044   Data           4  tasks.o(.data)
    xNextTaskUnblockTime                     0x24000048   Data           4  tasks.o(.data)
    xIdleTaskHandle                          0x2400004c   Data           4  tasks.o(.data)
    uxSchedulerSuspended                     0x24000050   Data           4  tasks.o(.data)
    .data                                    0x24000054   Section       20  timers.o(.data)
    pxCurrentTimerList                       0x24000054   Data           4  timers.o(.data)
    pxOverflowTimerList                      0x24000058   Data           4  timers.o(.data)
    xTimerQueue                              0x2400005c   Data           4  timers.o(.data)
    xTimerTaskHandle                         0x24000060   Data           4  timers.o(.data)
    xLastTime                                0x24000064   Data           4  timers.o(.data)
    .data                                    0x24000068   Section        4  cmsis_os2.o(.data)
    KernelState                              0x24000068   Data           4  cmsis_os2.o(.data)
    .data                                    0x2400006c   Section       32  heap_4.o(.data)
    xStart                                   0x2400006c   Data           8  heap_4.o(.data)
    pxEnd                                    0x24000074   Data           4  heap_4.o(.data)
    xFreeBytesRemaining                      0x24000078   Data           4  heap_4.o(.data)
    xMinimumEverFreeBytesRemaining           0x2400007c   Data           4  heap_4.o(.data)
    xNumberOfSuccessfulAllocations           0x24000080   Data           4  heap_4.o(.data)
    xNumberOfSuccessfulFrees                 0x24000084   Data           4  heap_4.o(.data)
    xBlockAllocatedBit                       0x24000088   Data           4  heap_4.o(.data)
    .data                                    0x2400008c   Section       12  port.o(.data)
    uxCriticalNesting                        0x2400008c   Data           4  port.o(.data)
    ucMaxSysCallPriority                     0x24000090   Data           1  port.o(.data)
    ulMaxPRIGROUPValue                       0x24000094   Data           4  port.o(.data)
    .bss                                     0x24000098   Section      136  spi.o(.bss)
    .bss                                     0x24000120   Section       76  stm32h7xx_hal_timebase_tim.o(.bss)
    .bss                                     0x2400016c   Section       64  queue.o(.bss)
    .bss                                     0x240001ac   Section     1220  tasks.o(.bss)
    pxReadyTasksLists                        0x240001ac   Data        1120  tasks.o(.bss)
    xDelayedTaskList1                        0x2400060c   Data          20  tasks.o(.bss)
    xDelayedTaskList2                        0x24000620   Data          20  tasks.o(.bss)
    xPendingReadyList                        0x24000634   Data          20  tasks.o(.bss)
    xTasksWaitingTermination                 0x24000648   Data          20  tasks.o(.bss)
    xSuspendedTaskList                       0x2400065c   Data          20  tasks.o(.bss)
    .bss                                     0x24000670   Section      280  timers.o(.bss)
    xActiveTimerList1                        0x24000670   Data          20  timers.o(.bss)
    xActiveTimerList2                        0x24000684   Data          20  timers.o(.bss)
    xStaticTimerQueue                        0x24000698   Data          80  timers.o(.bss)
    ucStaticTimerQueueStorage                0x240006e8   Data         160  timers.o(.bss)
    .bss                                     0x24000788   Section     1720  cmsis_os2.o(.bss)
    Idle_TCB                                 0x24000788   Data          92  cmsis_os2.o(.bss)
    Idle_Stack                               0x240007e4   Data         512  cmsis_os2.o(.bss)
    Timer_TCB                                0x240009e4   Data          92  cmsis_os2.o(.bss)
    Timer_Stack                              0x24000a40   Data        1024  cmsis_os2.o(.bss)
    .bss                                     0x24000e40   Section       96  libspace.o(.bss)
    HEAP                                     0x24000ea0   Section      512  startup_stm32h723xx.o(HEAP)
    Heap_Mem                                 0x24000ea0   Data         512  startup_stm32h723xx.o(HEAP)
    STACK                                    0x240010a0   Section     2048  startup_stm32h723xx.o(STACK)
    Stack_Mem                                0x240010a0   Data        2048  startup_stm32h723xx.o(STACK)
    __initial_sp                             0x240018a0   Data           0  startup_stm32h723xx.o(STACK)

    Global Symbols

    Symbol Name                              Value     Ov Type        Size  Object(Section)

    BuildAttributes$$THM_ISAv4$E$P$D$K$B$S$7EM$VFPv5_D16$PE$PLD8$A:L22UL41UL21$X:L11$S22US41US21$IEEE1$IW$USESV6$~STKCKD$USESV7$~SHL$OSPACE$ROPI$EBA8$UX$STANDARDLIB$REQ8$PRES8$EABIv2 0x00000000   Number         0  anon$$obj.o ABSOLUTE
    __ARM_use_no_argv                        0x00000000   Number         0  main.o ABSOLUTE
    __ARM_exceptions_init                     - Undefined Weak Reference
    __alloca_initialize                       - Undefined Weak Reference
    __arm_preinit_                            - Undefined Weak Reference
    __cpp_initialize__aeabi_                  - Undefined Weak Reference
    __cxa_finalize                            - Undefined Weak Reference
    __rt_locale                               - Undefined Weak Reference
    __sigvec_lookup                           - Undefined Weak Reference
    _atexit_init                              - Undefined Weak Reference
    _call_atexit_fns                          - Undefined Weak Reference
    _clock_init                               - Undefined Weak Reference
    _fp_trap_init                             - Undefined Weak Reference
    _fp_trap_shutdown                         - Undefined Weak Reference
    _get_lc_collate                           - Undefined Weak Reference
    _get_lc_ctype                             - Undefined Weak Reference
    _get_lc_monetary                          - Undefined Weak Reference
    _get_lc_numeric                           - Undefined Weak Reference
    _get_lc_time                              - Undefined Weak Reference
    _getenv_init                              - Undefined Weak Reference
    _handle_redirection                       - Undefined Weak Reference
    _init_alloc                               - Undefined Weak Reference
    _init_user_alloc                          - Undefined Weak Reference
    _initio                                   - Undefined Weak Reference
    _rand_init                                - Undefined Weak Reference
    _signal_finish                            - Undefined Weak Reference
    _signal_init                              - Undefined Weak Reference
    _terminate_alloc                          - Undefined Weak Reference
    _terminate_user_alloc                     - Undefined Weak Reference
    _terminateio                              - Undefined Weak Reference
    __Vectors_Size                           0x000002cc   Number         0  startup_stm32h723xx.o ABSOLUTE
    __Vectors                                0x08000000   Data           4  startup_stm32h723xx.o(RESET)
    __Vectors_End                            0x080002cc   Data           0  startup_stm32h723xx.o(RESET)
    __main                                   0x080002cd   Thumb Code     8  __main.o(!!!main)
    __scatterload                            0x080002d5   Thumb Code     0  __scatter.o(!!!scatter)
    __scatterload_rt2                        0x080002d5   Thumb Code    44  __scatter.o(!!!scatter)
    __scatterload_rt2_thumb_only             0x080002d5   Thumb Code     0  __scatter.o(!!!scatter)
    __scatterload_null                       0x080002e3   Thumb Code     0  __scatter.o(!!!scatter)
    __scatterload_copy                       0x08000309   Thumb Code    26  __scatter_copy.o(!!handler_copy)
    __scatterload_zeroinit                   0x08000325   Thumb Code    28  __scatter_zi.o(!!handler_zi)
    __rt_lib_init                            0x08000341   Thumb Code     0  libinit.o(.ARM.Collect$$libinit$$00000000)
    __rt_lib_init_fp_1                       0x08000343   Thumb Code     0  libinit2.o(.ARM.Collect$$libinit$$00000001)
    __rt_lib_init_alloca_1                   0x08000347   Thumb Code     0  libinit2.o(.ARM.Collect$$libinit$$0000002E)
    __rt_lib_init_argv_1                     0x08000347   Thumb Code     0  libinit2.o(.ARM.Collect$$libinit$$0000002C)
    __rt_lib_init_atexit_1                   0x08000347   Thumb Code     0  libinit2.o(.ARM.Collect$$libinit$$0000001B)
    __rt_lib_init_clock_1                    0x08000347   Thumb Code     0  libinit2.o(.ARM.Collect$$libinit$$00000021)
    __rt_lib_init_cpp_1                      0x08000347   Thumb Code     0  libinit2.o(.ARM.Collect$$libinit$$00000032)
    __rt_lib_init_exceptions_1               0x08000347   Thumb Code     0  libinit2.o(.ARM.Collect$$libinit$$00000030)
    __rt_lib_init_fp_trap_1                  0x08000347   Thumb Code     0  libinit2.o(.ARM.Collect$$libinit$$0000001F)
    __rt_lib_init_getenv_1                   0x08000347   Thumb Code     0  libinit2.o(.ARM.Collect$$libinit$$00000023)
    __rt_lib_init_heap_1                     0x08000347   Thumb Code     0  libinit2.o(.ARM.Collect$$libinit$$0000000A)
    __rt_lib_init_lc_collate_1               0x08000347   Thumb Code     0  libinit2.o(.ARM.Collect$$libinit$$00000011)
    __rt_lib_init_lc_ctype_1                 0x08000347   Thumb Code     0  libinit2.o(.ARM.Collect$$libinit$$00000013)
    __rt_lib_init_lc_monetary_1              0x08000347   Thumb Code     0  libinit2.o(.ARM.Collect$$libinit$$00000015)
    __rt_lib_init_lc_numeric_1               0x08000347   Thumb Code     0  libinit2.o(.ARM.Collect$$libinit$$00000017)
    __rt_lib_init_lc_time_1                  0x08000347   Thumb Code     0  libinit2.o(.ARM.Collect$$libinit$$00000019)
    __rt_lib_init_preinit_1                  0x08000347   Thumb Code     0  libinit2.o(.ARM.Collect$$libinit$$00000004)
    __rt_lib_init_rand_1                     0x08000347   Thumb Code     0  libinit2.o(.ARM.Collect$$libinit$$0000000E)
    __rt_lib_init_return                     0x08000347   Thumb Code     0  libinit2.o(.ARM.Collect$$libinit$$00000033)
    __rt_lib_init_signal_1                   0x08000347   Thumb Code     0  libinit2.o(.ARM.Collect$$libinit$$0000001D)
    __rt_lib_init_stdio_1                    0x08000347   Thumb Code     0  libinit2.o(.ARM.Collect$$libinit$$00000025)
    __rt_lib_init_user_alloc_1               0x08000347   Thumb Code     0  libinit2.o(.ARM.Collect$$libinit$$0000000C)
    __rt_lib_shutdown                        0x08000349   Thumb Code     0  libshutdown.o(.ARM.Collect$$libshutdown$$00000000)
    __rt_lib_shutdown_cpp_1                  0x0800034b   Thumb Code     0  libshutdown2.o(.ARM.Collect$$libshutdown$$00000002)
    __rt_lib_shutdown_fp_trap_1              0x0800034b   Thumb Code     0  libshutdown2.o(.ARM.Collect$$libshutdown$$00000007)
    __rt_lib_shutdown_heap_1                 0x0800034b   Thumb Code     0  libshutdown2.o(.ARM.Collect$$libshutdown$$0000000F)
    __rt_lib_shutdown_return                 0x0800034b   Thumb Code     0  libshutdown2.o(.ARM.Collect$$libshutdown$$00000010)
    __rt_lib_shutdown_signal_1               0x0800034b   Thumb Code     0  libshutdown2.o(.ARM.Collect$$libshutdown$$0000000A)
    __rt_lib_shutdown_stdio_1                0x0800034b   Thumb Code     0  libshutdown2.o(.ARM.Collect$$libshutdown$$00000004)
    __rt_lib_shutdown_user_alloc_1           0x0800034b   Thumb Code     0  libshutdown2.o(.ARM.Collect$$libshutdown$$0000000C)
    __rt_entry                               0x0800034d   Thumb Code     0  __rtentry.o(.ARM.Collect$$rtentry$$00000000)
    __rt_entry_presh_1                       0x0800034d   Thumb Code     0  __rtentry2.o(.ARM.Collect$$rtentry$$00000002)
    __rt_entry_sh                            0x0800034d   Thumb Code     0  __rtentry4.o(.ARM.Collect$$rtentry$$00000004)
    __rt_entry_li                            0x08000353   Thumb Code     0  __rtentry2.o(.ARM.Collect$$rtentry$$0000000A)
    __rt_entry_postsh_1                      0x08000353   Thumb Code     0  __rtentry2.o(.ARM.Collect$$rtentry$$00000009)
    __rt_entry_main                          0x08000357   Thumb Code     0  __rtentry2.o(.ARM.Collect$$rtentry$$0000000D)
    __rt_entry_postli_1                      0x08000357   Thumb Code     0  __rtentry2.o(.ARM.Collect$$rtentry$$0000000C)
    __rt_exit                                0x0800035f   Thumb Code     0  rtexit.o(.ARM.Collect$$rtexit$$00000000)
    __rt_exit_ls                             0x08000361   Thumb Code     0  rtexit2.o(.ARM.Collect$$rtexit$$00000003)
    __rt_exit_prels_1                        0x08000361   Thumb Code     0  rtexit2.o(.ARM.Collect$$rtexit$$00000002)
    __rt_exit_exit                           0x08000365   Thumb Code     0  rtexit2.o(.ARM.Collect$$rtexit$$00000004)
    SVC_Handler                              0x0800036d   Thumb Code    28  port.o(.emb_text)
    __asm___6_port_c_39a90d8d__prvStartFirstTask 0x0800038d   Thumb Code    36  port.o(.emb_text)
    __asm___6_port_c_39a90d8d__prvEnableVFP  0x080003b5   Thumb Code    16  port.o(.emb_text)
    PendSV_Handler                           0x080003c9   Thumb Code    88  port.o(.emb_text)
    vPortGetIPSR                             0x08000425   Thumb Code     6  port.o(.emb_text)
    Reset_Handler                            0x0800042d   Thumb Code     8  startup_stm32h723xx.o(.text)
    ADC3_IRQHandler                          0x08000447   Thumb Code     0  startup_stm32h723xx.o(.text)
    ADC_IRQHandler                           0x08000447   Thumb Code     0  startup_stm32h723xx.o(.text)
    BDMA_Channel0_IRQHandler                 0x08000447   Thumb Code     0  startup_stm32h723xx.o(.text)
    BDMA_Channel1_IRQHandler                 0x08000447   Thumb Code     0  startup_stm32h723xx.o(.text)
    BDMA_Channel2_IRQHandler                 0x08000447   Thumb Code     0  startup_stm32h723xx.o(.text)
    BDMA_Channel3_IRQHandler                 0x08000447   Thumb Code     0  startup_stm32h723xx.o(.text)
    BDMA_Channel4_IRQHandler                 0x08000447   Thumb Code     0  startup_stm32h723xx.o(.text)
    BDMA_Channel5_IRQHandler                 0x08000447   Thumb Code     0  startup_stm32h723xx.o(.text)
    BDMA_Channel6_IRQHandler                 0x08000447   Thumb Code     0  startup_stm32h723xx.o(.text)
    BDMA_Channel7_IRQHandler                 0x08000447   Thumb Code     0  startup_stm32h723xx.o(.text)
    CEC_IRQHandler                           0x08000447   Thumb Code     0  startup_stm32h723xx.o(.text)
    COMP1_IRQHandler                         0x08000447   Thumb Code     0  startup_stm32h723xx.o(.text)
    CORDIC_IRQHandler                        0x08000447   Thumb Code     0  startup_stm32h723xx.o(.text)
    CRS_IRQHandler                           0x08000447   Thumb Code     0  startup_stm32h723xx.o(.text)
    DCMI_PSSI_IRQHandler                     0x08000447   Thumb Code     0  startup_stm32h723xx.o(.text)
    DFSDM1_FLT0_IRQHandler                   0x08000447   Thumb Code     0  startup_stm32h723xx.o(.text)
    DFSDM1_FLT1_IRQHandler                   0x08000447   Thumb Code     0  startup_stm32h723xx.o(.text)
    DFSDM1_FLT2_IRQHandler                   0x08000447   Thumb Code     0  startup_stm32h723xx.o(.text)
    DFSDM1_FLT3_IRQHandler                   0x08000447   Thumb Code     0  startup_stm32h723xx.o(.text)
    DMA1_Stream0_IRQHandler                  0x08000447   Thumb Code     0  startup_stm32h723xx.o(.text)
    DMA1_Stream1_IRQHandler                  0x08000447   Thumb Code     0  startup_stm32h723xx.o(.text)
    DMA1_Stream2_IRQHandler                  0x08000447   Thumb Code     0  startup_stm32h723xx.o(.text)
    DMA1_Stream3_IRQHandler                  0x08000447   Thumb Code     0  startup_stm32h723xx.o(.text)
    DMA1_Stream4_IRQHandler                  0x08000447   Thumb Code     0  startup_stm32h723xx.o(.text)
    DMA1_Stream5_IRQHandler                  0x08000447   Thumb Code     0  startup_stm32h723xx.o(.text)
    DMA1_Stream6_IRQHandler                  0x08000447   Thumb Code     0  startup_stm32h723xx.o(.text)
    DMA1_Stream7_IRQHandler                  0x08000447   Thumb Code     0  startup_stm32h723xx.o(.text)
    DMA2D_IRQHandler                         0x08000447   Thumb Code     0  startup_stm32h723xx.o(.text)
    DMA2_Stream0_IRQHandler                  0x08000447   Thumb Code     0  startup_stm32h723xx.o(.text)
    DMA2_Stream1_IRQHandler                  0x08000447   Thumb Code     0  startup_stm32h723xx.o(.text)
    DMA2_Stream2_IRQHandler                  0x08000447   Thumb Code     0  startup_stm32h723xx.o(.text)
    DMA2_Stream3_IRQHandler                  0x08000447   Thumb Code     0  startup_stm32h723xx.o(.text)
    DMA2_Stream4_IRQHandler                  0x08000447   Thumb Code     0  startup_stm32h723xx.o(.text)
    DMA2_Stream5_IRQHandler                  0x08000447   Thumb Code     0  startup_stm32h723xx.o(.text)
    DMA2_Stream6_IRQHandler                  0x08000447   Thumb Code     0  startup_stm32h723xx.o(.text)
    DMA2_Stream7_IRQHandler                  0x08000447   Thumb Code     0  startup_stm32h723xx.o(.text)
    DMAMUX1_OVR_IRQHandler                   0x08000447   Thumb Code     0  startup_stm32h723xx.o(.text)
    DMAMUX2_OVR_IRQHandler                   0x08000447   Thumb Code     0  startup_stm32h723xx.o(.text)
    DTS_IRQHandler                           0x08000447   Thumb Code     0  startup_stm32h723xx.o(.text)
    ECC_IRQHandler                           0x08000447   Thumb Code     0  startup_stm32h723xx.o(.text)
    ETH_IRQHandler                           0x08000447   Thumb Code     0  startup_stm32h723xx.o(.text)
    ETH_WKUP_IRQHandler                      0x08000447   Thumb Code     0  startup_stm32h723xx.o(.text)
    EXTI0_IRQHandler                         0x08000447   Thumb Code     0  startup_stm32h723xx.o(.text)
    EXTI15_10_IRQHandler                     0x08000447   Thumb Code     0  startup_stm32h723xx.o(.text)
    EXTI1_IRQHandler                         0x08000447   Thumb Code     0  startup_stm32h723xx.o(.text)
    EXTI2_IRQHandler                         0x08000447   Thumb Code     0  startup_stm32h723xx.o(.text)
    EXTI3_IRQHandler                         0x08000447   Thumb Code     0  startup_stm32h723xx.o(.text)
    EXTI4_IRQHandler                         0x08000447   Thumb Code     0  startup_stm32h723xx.o(.text)
    EXTI9_5_IRQHandler                       0x08000447   Thumb Code     0  startup_stm32h723xx.o(.text)
    FDCAN1_IT0_IRQHandler                    0x08000447   Thumb Code     0  startup_stm32h723xx.o(.text)
    FDCAN1_IT1_IRQHandler                    0x08000447   Thumb Code     0  startup_stm32h723xx.o(.text)
    FDCAN2_IT0_IRQHandler                    0x08000447   Thumb Code     0  startup_stm32h723xx.o(.text)
    FDCAN2_IT1_IRQHandler                    0x08000447   Thumb Code     0  startup_stm32h723xx.o(.text)
    FDCAN3_IT0_IRQHandler                    0x08000447   Thumb Code     0  startup_stm32h723xx.o(.text)
    FDCAN3_IT1_IRQHandler                    0x08000447   Thumb Code     0  startup_stm32h723xx.o(.text)
    FDCAN_CAL_IRQHandler                     0x08000447   Thumb Code     0  startup_stm32h723xx.o(.text)
    FLASH_IRQHandler                         0x08000447   Thumb Code     0  startup_stm32h723xx.o(.text)
    FMAC_IRQHandler                          0x08000447   Thumb Code     0  startup_stm32h723xx.o(.text)
    FMC_IRQHandler                           0x08000447   Thumb Code     0  startup_stm32h723xx.o(.text)
    FPU_IRQHandler                           0x08000447   Thumb Code     0  startup_stm32h723xx.o(.text)
    HSEM1_IRQHandler                         0x08000447   Thumb Code     0  startup_stm32h723xx.o(.text)
    I2C1_ER_IRQHandler                       0x08000447   Thumb Code     0  startup_stm32h723xx.o(.text)
    I2C1_EV_IRQHandler                       0x08000447   Thumb Code     0  startup_stm32h723xx.o(.text)
    I2C2_ER_IRQHandler                       0x08000447   Thumb Code     0  startup_stm32h723xx.o(.text)
    I2C2_EV_IRQHandler                       0x08000447   Thumb Code     0  startup_stm32h723xx.o(.text)
    I2C3_ER_IRQHandler                       0x08000447   Thumb Code     0  startup_stm32h723xx.o(.text)
    I2C3_EV_IRQHandler                       0x08000447   Thumb Code     0  startup_stm32h723xx.o(.text)
    I2C4_ER_IRQHandler                       0x08000447   Thumb Code     0  startup_stm32h723xx.o(.text)
    I2C4_EV_IRQHandler                       0x08000447   Thumb Code     0  startup_stm32h723xx.o(.text)
    I2C5_ER_IRQHandler                       0x08000447   Thumb Code     0  startup_stm32h723xx.o(.text)
    I2C5_EV_IRQHandler                       0x08000447   Thumb Code     0  startup_stm32h723xx.o(.text)
    LPTIM1_IRQHandler                        0x08000447   Thumb Code     0  startup_stm32h723xx.o(.text)
    LPTIM2_IRQHandler                        0x08000447   Thumb Code     0  startup_stm32h723xx.o(.text)
    LPTIM3_IRQHandler                        0x08000447   Thumb Code     0  startup_stm32h723xx.o(.text)
    LPTIM4_IRQHandler                        0x08000447   Thumb Code     0  startup_stm32h723xx.o(.text)
    LPTIM5_IRQHandler                        0x08000447   Thumb Code     0  startup_stm32h723xx.o(.text)
    LPUART1_IRQHandler                       0x08000447   Thumb Code     0  startup_stm32h723xx.o(.text)
    LTDC_ER_IRQHandler                       0x08000447   Thumb Code     0  startup_stm32h723xx.o(.text)
    LTDC_IRQHandler                          0x08000447   Thumb Code     0  startup_stm32h723xx.o(.text)
    MDIOS_IRQHandler                         0x08000447   Thumb Code     0  startup_stm32h723xx.o(.text)
    MDIOS_WKUP_IRQHandler                    0x08000447   Thumb Code     0  startup_stm32h723xx.o(.text)
    MDMA_IRQHandler                          0x08000447   Thumb Code     0  startup_stm32h723xx.o(.text)
    OCTOSPI1_IRQHandler                      0x08000447   Thumb Code     0  startup_stm32h723xx.o(.text)
    OCTOSPI2_IRQHandler                      0x08000447   Thumb Code     0  startup_stm32h723xx.o(.text)
    OTG_HS_EP1_IN_IRQHandler                 0x08000447   Thumb Code     0  startup_stm32h723xx.o(.text)
    OTG_HS_EP1_OUT_IRQHandler                0x08000447   Thumb Code     0  startup_stm32h723xx.o(.text)
    OTG_HS_IRQHandler                        0x08000447   Thumb Code     0  startup_stm32h723xx.o(.text)
    OTG_HS_WKUP_IRQHandler                   0x08000447   Thumb Code     0  startup_stm32h723xx.o(.text)
    PVD_AVD_IRQHandler                       0x08000447   Thumb Code     0  startup_stm32h723xx.o(.text)
    RCC_IRQHandler                           0x08000447   Thumb Code     0  startup_stm32h723xx.o(.text)
    RNG_IRQHandler                           0x08000447   Thumb Code     0  startup_stm32h723xx.o(.text)
    RTC_Alarm_IRQHandler                     0x08000447   Thumb Code     0  startup_stm32h723xx.o(.text)
    RTC_WKUP_IRQHandler                      0x08000447   Thumb Code     0  startup_stm32h723xx.o(.text)
    SAI1_IRQHandler                          0x08000447   Thumb Code     0  startup_stm32h723xx.o(.text)
    SAI4_IRQHandler                          0x08000447   Thumb Code     0  startup_stm32h723xx.o(.text)
    SDMMC1_IRQHandler                        0x08000447   Thumb Code     0  startup_stm32h723xx.o(.text)
    SDMMC2_IRQHandler                        0x08000447   Thumb Code     0  startup_stm32h723xx.o(.text)
    SPDIF_RX_IRQHandler                      0x08000447   Thumb Code     0  startup_stm32h723xx.o(.text)
    SPI1_IRQHandler                          0x08000447   Thumb Code     0  startup_stm32h723xx.o(.text)
    SPI2_IRQHandler                          0x08000447   Thumb Code     0  startup_stm32h723xx.o(.text)
    SPI3_IRQHandler                          0x08000447   Thumb Code     0  startup_stm32h723xx.o(.text)
    SPI4_IRQHandler                          0x08000447   Thumb Code     0  startup_stm32h723xx.o(.text)
    SPI5_IRQHandler                          0x08000447   Thumb Code     0  startup_stm32h723xx.o(.text)
    SPI6_IRQHandler                          0x08000447   Thumb Code     0  startup_stm32h723xx.o(.text)
    SWPMI1_IRQHandler                        0x08000447   Thumb Code     0  startup_stm32h723xx.o(.text)
    TAMP_STAMP_IRQHandler                    0x08000447   Thumb Code     0  startup_stm32h723xx.o(.text)
    TIM15_IRQHandler                         0x08000447   Thumb Code     0  startup_stm32h723xx.o(.text)
    TIM16_IRQHandler                         0x08000447   Thumb Code     0  startup_stm32h723xx.o(.text)
    TIM17_IRQHandler                         0x08000447   Thumb Code     0  startup_stm32h723xx.o(.text)
    TIM1_BRK_IRQHandler                      0x08000447   Thumb Code     0  startup_stm32h723xx.o(.text)
    TIM1_CC_IRQHandler                       0x08000447   Thumb Code     0  startup_stm32h723xx.o(.text)
    TIM1_TRG_COM_IRQHandler                  0x08000447   Thumb Code     0  startup_stm32h723xx.o(.text)
    TIM23_IRQHandler                         0x08000447   Thumb Code     0  startup_stm32h723xx.o(.text)
    TIM24_IRQHandler                         0x08000447   Thumb Code     0  startup_stm32h723xx.o(.text)
    TIM2_IRQHandler                          0x08000447   Thumb Code     0  startup_stm32h723xx.o(.text)
    TIM3_IRQHandler                          0x08000447   Thumb Code     0  startup_stm32h723xx.o(.text)
    TIM4_IRQHandler                          0x08000447   Thumb Code     0  startup_stm32h723xx.o(.text)
    TIM5_IRQHandler                          0x08000447   Thumb Code     0  startup_stm32h723xx.o(.text)
    TIM6_DAC_IRQHandler                      0x08000447   Thumb Code     0  startup_stm32h723xx.o(.text)
    TIM7_IRQHandler                          0x08000447   Thumb Code     0  startup_stm32h723xx.o(.text)
    TIM8_BRK_TIM12_IRQHandler                0x08000447   Thumb Code     0  startup_stm32h723xx.o(.text)
    TIM8_CC_IRQHandler                       0x08000447   Thumb Code     0  startup_stm32h723xx.o(.text)
    TIM8_TRG_COM_TIM14_IRQHandler            0x08000447   Thumb Code     0  startup_stm32h723xx.o(.text)
    TIM8_UP_TIM13_IRQHandler                 0x08000447   Thumb Code     0  startup_stm32h723xx.o(.text)
    UART4_IRQHandler                         0x08000447   Thumb Code     0  startup_stm32h723xx.o(.text)
    UART5_IRQHandler                         0x08000447   Thumb Code     0  startup_stm32h723xx.o(.text)
    UART7_IRQHandler                         0x08000447   Thumb Code     0  startup_stm32h723xx.o(.text)
    UART8_IRQHandler                         0x08000447   Thumb Code     0  startup_stm32h723xx.o(.text)
    UART9_IRQHandler                         0x08000447   Thumb Code     0  startup_stm32h723xx.o(.text)
    USART10_IRQHandler                       0x08000447   Thumb Code     0  startup_stm32h723xx.o(.text)
    USART1_IRQHandler                        0x08000447   Thumb Code     0  startup_stm32h723xx.o(.text)
    USART2_IRQHandler                        0x08000447   Thumb Code     0  startup_stm32h723xx.o(.text)
    USART3_IRQHandler                        0x08000447   Thumb Code     0  startup_stm32h723xx.o(.text)
    USART6_IRQHandler                        0x08000447   Thumb Code     0  startup_stm32h723xx.o(.text)
    WAKEUP_PIN_IRQHandler                    0x08000447   Thumb Code     0  startup_stm32h723xx.o(.text)
    WWDG_IRQHandler                          0x08000447   Thumb Code     0  startup_stm32h723xx.o(.text)
    __user_initial_stackheap                 0x08000449   Thumb Code     0  startup_stm32h723xx.o(.text)
    __aeabi_memcpy                           0x0800046d   Thumb Code     0  rt_memcpy_v6.o(.text)
    __rt_memcpy                              0x0800046d   Thumb Code   138  rt_memcpy_v6.o(.text)
    _memcpy_lastbytes                        0x080004d3   Thumb Code     0  rt_memcpy_v6.o(.text)
    __aeabi_memset                           0x080004f7   Thumb Code    16  aeabi_memset.o(.text)
    __aeabi_memclr4                          0x08000507   Thumb Code     0  rt_memclr_w.o(.text)
    __aeabi_memclr8                          0x08000507   Thumb Code     0  rt_memclr_w.o(.text)
    __rt_memclr_w                            0x08000507   Thumb Code    78  rt_memclr_w.o(.text)
    _memset_w                                0x0800050b   Thumb Code     0  rt_memclr_w.o(.text)
    __use_two_region_memory                  0x08000555   Thumb Code     2  heapauxi.o(.text)
    __rt_heap_escrow$2region                 0x08000557   Thumb Code     2  heapauxi.o(.text)
    __rt_heap_expand$2region                 0x08000559   Thumb Code     2  heapauxi.o(.text)
    __aeabi_memcpy4                          0x0800055b   Thumb Code     0  rt_memcpy_w.o(.text)
    __aeabi_memcpy8                          0x0800055b   Thumb Code     0  rt_memcpy_w.o(.text)
    __rt_memcpy_w                            0x0800055b   Thumb Code   100  rt_memcpy_w.o(.text)
    _memcpy_lastbytes_aligned                0x080005a3   Thumb Code     0  rt_memcpy_w.o(.text)
    __aeabi_memclr                           0x080005bf   Thumb Code     0  rt_memclr.o(.text)
    __rt_memclr                              0x080005bf   Thumb Code    68  rt_memclr.o(.text)
    _memset                                  0x080005c3   Thumb Code     0  rt_memclr.o(.text)
    __user_setup_stackheap                   0x08000603   Thumb Code    74  sys_stackheap_outer.o(.text)
    exit                                     0x0800064d   Thumb Code    18  exit.o(.text)
    __user_libspace                          0x08000661   Thumb Code     8  libspace.o(.text)
    __user_perproc_libspace                  0x08000661   Thumb Code     0  libspace.o(.text)
    __user_perthread_libspace                0x08000661   Thumb Code     0  libspace.o(.text)
    _sys_exit                                0x08000669   Thumb Code     8  sys_exit.o(.text)
    __I$use$semihosting                      0x08000675   Thumb Code     0  use_no_semi.o(.text)
    __use_no_semihosting_swi                 0x08000675   Thumb Code     2  use_no_semi.o(.text)
    BusFault_Handler                         0x08000677   Thumb Code     4  stm32h7xx_it.o(i.BusFault_Handler)
    __semihosting_library_function           0x08000677   Thumb Code     0  indicate_semi.o(.text)
    DebugMon_Handler                         0x0800067b   Thumb Code     2  stm32h7xx_it.o(i.DebugMon_Handler)
    Error_Handler                            0x0800067d   Thumb Code     6  main.o(i.Error_Handler)
    HAL_GPIO_Init                            0x08000685   Thumb Code   446  stm32h7xx_hal_gpio.o(i.HAL_GPIO_Init)
    HAL_GPIO_WritePin                        0x08000875   Thumb Code    12  stm32h7xx_hal_gpio.o(i.HAL_GPIO_WritePin)
    HAL_GetTick                              0x08000881   Thumb Code     6  stm32h7xx_hal.o(i.HAL_GetTick)
    HAL_IncTick                              0x0800088d   Thumb Code    16  stm32h7xx_hal.o(i.HAL_IncTick)
    HAL_Init                                 0x080008a5   Thumb Code    80  stm32h7xx_hal.o(i.HAL_Init)
    HAL_InitTick                             0x08000905   Thumb Code   128  stm32h7xx_hal_timebase_tim.o(i.HAL_InitTick)
    HAL_MPU_ConfigRegion                     0x08000999   Thumb Code    88  stm32h7xx_hal_cortex.o(i.HAL_MPU_ConfigRegion)
    HAL_MPU_Disable                          0x080009f5   Thumb Code    38  stm32h7xx_hal_cortex.o(i.HAL_MPU_Disable)
    HAL_MPU_Enable                           0x08000a21   Thumb Code    58  stm32h7xx_hal_cortex.o(i.HAL_MPU_Enable)
    HAL_MspInit                              0x08000a61   Thumb Code    42  stm32h7xx_hal_msp.o(i.HAL_MspInit)
    HAL_NVIC_EnableIRQ                       0x08000a91   Thumb Code    40  stm32h7xx_hal_cortex.o(i.HAL_NVIC_EnableIRQ)
    HAL_NVIC_SetPriority                     0x08000ab9   Thumb Code   122  stm32h7xx_hal_cortex.o(i.HAL_NVIC_SetPriority)
    HAL_NVIC_SetPriorityGrouping             0x08000b35   Thumb Code    32  stm32h7xx_hal_cortex.o(i.HAL_NVIC_SetPriorityGrouping)
    HAL_PWREx_ConfigSupply                   0x08000b5d   Thumb Code    90  stm32h7xx_hal_pwr_ex.o(i.HAL_PWREx_ConfigSupply)
    HAL_RCCEx_PeriphCLKConfig                0x08000bbd   Thumb Code  3272  stm32h7xx_hal_rcc_ex.o(i.HAL_RCCEx_PeriphCLKConfig)
    HAL_RCC_ClockConfig                      0x08001885   Thumb Code   774  stm32h7xx_hal_rcc.o(i.HAL_RCC_ClockConfig)
    HAL_RCC_GetClockConfig                   0x08001ba5   Thumb Code    98  stm32h7xx_hal_rcc.o(i.HAL_RCC_GetClockConfig)
    HAL_RCC_GetHCLKFreq                      0x08001c11   Thumb Code    60  stm32h7xx_hal_rcc.o(i.HAL_RCC_GetHCLKFreq)
    HAL_RCC_GetPCLK2Freq                     0x08001c5d   Thumb Code    26  stm32h7xx_hal_rcc.o(i.HAL_RCC_GetPCLK2Freq)
    HAL_RCC_GetSysClockFreq                  0x08001c81   Thumb Code   524  stm32h7xx_hal_rcc.o(i.HAL_RCC_GetSysClockFreq)
    HAL_RCC_OscConfig                        0x08001ead   Thumb Code  1874  stm32h7xx_hal_rcc.o(i.HAL_RCC_OscConfig)
    HAL_SPI_Init                             0x08002609   Thumb Code   420  stm32h7xx_hal_spi.o(i.HAL_SPI_Init)
    HAL_SPI_MspInit                          0x080027b9   Thumb Code   144  spi.o(i.HAL_SPI_MspInit)
    HAL_TIMEx_Break2Callback                 0x08002855   Thumb Code     2  stm32h7xx_hal_tim_ex.o(i.HAL_TIMEx_Break2Callback)
    HAL_TIMEx_BreakCallback                  0x08002857   Thumb Code     2  stm32h7xx_hal_tim_ex.o(i.HAL_TIMEx_BreakCallback)
    HAL_TIMEx_CommutCallback                 0x08002859   Thumb Code     2  stm32h7xx_hal_tim_ex.o(i.HAL_TIMEx_CommutCallback)
    HAL_TIM_Base_Init                        0x0800285b   Thumb Code   110  stm32h7xx_hal_tim.o(i.HAL_TIM_Base_Init)
    HAL_TIM_Base_MspInit                     0x080028c9   Thumb Code     2  stm32h7xx_hal_tim.o(i.HAL_TIM_Base_MspInit)
    HAL_TIM_Base_Start_IT                    0x080028cd   Thumb Code   162  stm32h7xx_hal_tim.o(i.HAL_TIM_Base_Start_IT)
    HAL_TIM_IC_CaptureCallback               0x08002999   Thumb Code     2  stm32h7xx_hal_tim.o(i.HAL_TIM_IC_CaptureCallback)
    HAL_TIM_IRQHandler                       0x0800299b   Thumb Code   440  stm32h7xx_hal_tim.o(i.HAL_TIM_IRQHandler)
    HAL_TIM_OC_DelayElapsedCallback          0x08002b53   Thumb Code     2  stm32h7xx_hal_tim.o(i.HAL_TIM_OC_DelayElapsedCallback)
    HAL_TIM_PWM_PulseFinishedCallback        0x08002b55   Thumb Code     2  stm32h7xx_hal_tim.o(i.HAL_TIM_PWM_PulseFinishedCallback)
    HAL_TIM_PeriodElapsedCallback            0x08002b59   Thumb Code    18  main.o(i.HAL_TIM_PeriodElapsedCallback)
    HAL_TIM_TriggerCallback                  0x08002b71   Thumb Code     2  stm32h7xx_hal_tim.o(i.HAL_TIM_TriggerCallback)
    HardFault_Handler                        0x08002b73   Thumb Code     4  stm32h7xx_it.o(i.HardFault_Handler)
    MX_FREERTOS_Init                         0x08002bcd   Thumb Code    18  freertos.o(i.MX_FREERTOS_Init)
    MX_GPIO_Init                             0x08002bed   Thumb Code   132  gpio.o(i.MX_GPIO_Init)
    MX_SPI6_Init                             0x08002c79   Thumb Code    88  spi.o(i.MX_SPI6_Init)
    MemManage_Handler                        0x08002cd9   Thumb Code     4  stm32h7xx_it.o(i.MemManage_Handler)
    NMI_Handler                              0x08002cdd   Thumb Code     4  stm32h7xx_it.o(i.NMI_Handler)
    StartDefaultTask                         0x08002fc3   Thumb Code    10  freertos.o(i.StartDefaultTask)
    SysTick_Handler                          0x08002fcd   Thumb Code    22  cmsis_os2.o(i.SysTick_Handler)
    SystemClock_Config                       0x08002fe5   Thumb Code   182  main.o(i.SystemClock_Config)
    SystemInit                               0x080030a1   Thumb Code   192  system_stm32h7xx.o(i.SystemInit)
    TIM1_UP_IRQHandler                       0x08003181   Thumb Code    10  stm32h7xx_it.o(i.TIM1_UP_IRQHandler)
    TIM_Base_SetConfig                       0x08003191   Thumb Code   182  stm32h7xx_hal_tim.o(i.TIM_Base_SetConfig)
    UsageFault_Handler                       0x08003271   Thumb Code     4  stm32h7xx_it.o(i.UsageFault_Handler)
    main                                     0x080032b3   Thumb Code    36  main.o(i.main)
    osDelay                                  0x080032d7   Thumb Code    30  cmsis_os2.o(i.osDelay)
    osKernelInitialize                       0x080032f5   Thumb Code    38  cmsis_os2.o(i.osKernelInitialize)
    osKernelStart                            0x08003321   Thumb Code    82  cmsis_os2.o(i.osKernelStart)
    osThreadNew                              0x08003381   Thumb Code   184  cmsis_os2.o(i.osThreadNew)
    pvPortMalloc                             0x08003e5d   Thumb Code   306  heap_4.o(i.pvPortMalloc)
    pxPortInitialiseStack                    0x08003fa9   Thumb Code    38  port.o(i.pxPortInitialiseStack)
    uxListRemove                             0x08003fd5   Thumb Code    40  list.o(i.uxListRemove)
    vApplicationGetIdleTaskMemory            0x08003ffd   Thumb Code    14  cmsis_os2.o(i.vApplicationGetIdleTaskMemory)
    vApplicationGetTimerTaskMemory           0x08004015   Thumb Code    16  cmsis_os2.o(i.vApplicationGetTimerTaskMemory)
    vListInitialise                          0x0800402d   Thumb Code    26  list.o(i.vListInitialise)
    vListInitialiseItem                      0x08004047   Thumb Code     6  list.o(i.vListInitialiseItem)
    vListInsert                              0x0800404d   Thumb Code    52  list.o(i.vListInsert)
    vListInsertEnd                           0x08004081   Thumb Code    24  list.o(i.vListInsertEnd)
    vPortEnterCritical                       0x08004099   Thumb Code    76  port.o(i.vPortEnterCritical)
    vPortExitCritical                        0x080040ed   Thumb Code    56  port.o(i.vPortExitCritical)
    vPortFree                                0x08004129   Thumb Code   150  heap_4.o(i.vPortFree)
    vPortSetupTimerInterrupt                 0x080041cd   Thumb Code    36  port.o(i.vPortSetupTimerInterrupt)
    vPortValidateInterruptPriority           0x080041f5   Thumb Code   106  port.o(i.vPortValidateInterruptPriority)
    vQueueAddToRegistry                      0x0800426d   Thumb Code    38  queue.o(i.vQueueAddToRegistry)
    vQueueWaitForMessageRestricted           0x08004299   Thumb Code    74  queue.o(i.vQueueWaitForMessageRestricted)
    vTaskDelay                               0x080042e5   Thumb Code    82  tasks.o(i.vTaskDelay)
    vTaskInternalSetTimeOutState             0x08004341   Thumb Code    14  tasks.o(i.vTaskInternalSetTimeOutState)
    vTaskMissedYield                         0x08004359   Thumb Code     8  tasks.o(i.vTaskMissedYield)
    vTaskPlaceOnEventList                    0x08004365   Thumb Code    52  tasks.o(i.vTaskPlaceOnEventList)
    vTaskPlaceOnEventListRestricted          0x0800439d   Thumb Code    60  tasks.o(i.vTaskPlaceOnEventListRestricted)
    vTaskStartScheduler                      0x080043dd   Thumb Code   156  tasks.o(i.vTaskStartScheduler)
    vTaskSuspendAll                          0x08004495   Thumb Code    12  tasks.o(i.vTaskSuspendAll)
    vTaskSwitchContext                       0x080044a5   Thumb Code   122  tasks.o(i.vTaskSwitchContext)
    xPortStartScheduler                      0x08004535   Thumb Code   330  port.o(i.xPortStartScheduler)
    xPortSysTickHandler                      0x0800469d   Thumb Code    46  port.o(i.xPortSysTickHandler)
    xQueueGenericCreateStatic                0x080046d1   Thumb Code   224  queue.o(i.xQueueGenericCreateStatic)
    xQueueGenericReset                       0x080047b1   Thumb Code   146  queue.o(i.xQueueGenericReset)
    xQueueGenericSend                        0x08004849   Thumb Code   420  queue.o(i.xQueueGenericSend)
    xQueueGenericSendFromISR                 0x080049f1   Thumb Code   252  queue.o(i.xQueueGenericSendFromISR)
    xQueueReceive                            0x08004aed   Thumb Code   356  queue.o(i.xQueueReceive)
    xTaskCheckForTimeOut                     0x08004c55   Thumb Code   132  tasks.o(i.xTaskCheckForTimeOut)
    xTaskCreate                              0x08004ce1   Thumb Code   100  tasks.o(i.xTaskCreate)
    xTaskCreateStatic                        0x08004d45   Thumb Code   186  tasks.o(i.xTaskCreateStatic)
    xTaskGetSchedulerState                   0x08004e01   Thumb Code    24  tasks.o(i.xTaskGetSchedulerState)
    xTaskGetTickCount                        0x08004e21   Thumb Code     6  tasks.o(i.xTaskGetTickCount)
    xTaskIncrementTick                       0x08004e2d   Thumb Code   280  tasks.o(i.xTaskIncrementTick)
    xTaskPriorityDisinherit                  0x08004f71   Thumb Code   152  tasks.o(i.xTaskPriorityDisinherit)
    xTaskRemoveFromEventList                 0x08005015   Thumb Code   126  tasks.o(i.xTaskRemoveFromEventList)
    xTaskResumeAll                           0x080050ad   Thumb Code   222  tasks.o(i.xTaskResumeAll)
    xTimerCreateTimerTask                    0x080051b1   Thumb Code   100  timers.o(i.xTimerCreateTimerTask)
    xTimerGenericCommand                     0x08005229   Thumb Code   128  timers.o(i.xTimerGenericCommand)
    _fp_init                                 0x080052ad   Thumb Code    10  fpinit.o(x$fpl$fpinit)
    __fplib_config_fpu_vfp                   0x080052b5   Thumb Code     0  fpinit.o(x$fpl$fpinit)
    __fplib_config_pureend_doubles           0x080052b5   Thumb Code     0  fpinit.o(x$fpl$fpinit)
    defaultTask_attributes                   0x080052b8   Data          36  freertos.o(.constdata)
    D1CorePrescTable                         0x080052dc   Data          16  system_stm32h7xx.o(.constdata)
    Region$$Table$$Base                      0x080052f8   Number         0  anon$$obj.o(Region$$Table)
    Region$$Table$$Limit                     0x08005328   Number         0  anon$$obj.o(Region$$Table)
    defaultTaskHandle                        0x24000000   Data           4  freertos.o(.data)
    uwTick                                   0x24000004   Data           4  stm32h7xx_hal.o(.data)
    uwTickPrio                               0x24000008   Data           4  stm32h7xx_hal.o(.data)
    uwTickFreq                               0x2400000c   Data           1  stm32h7xx_hal.o(.data)
    SystemCoreClock                          0x24000010   Data           4  system_stm32h7xx.o(.data)
    SystemD2Clock                            0x24000014   Data           4  system_stm32h7xx.o(.data)
    pxCurrentTCB                             0x24000018   Data           4  tasks.o(.data)
    hspi6                                    0x24000098   Data         136  spi.o(.bss)
    htim1                                    0x24000120   Data          76  stm32h7xx_hal_timebase_tim.o(.bss)
    xQueueRegistry                           0x2400016c   Data          64  queue.o(.bss)
    __libspace_start                         0x24000e40   Data          96  libspace.o(.bss)
    __temporary_stack_top$libspace           0x24000ea0   Data           0  libspace.o(.bss)



==============================================================================

Memory Map of the image

  Image Entry point : 0x080002cd

  Load Region LR_IROM1 (Base: 0x08000000, Size: 0x000053c0, Max: 0x00100000, ABSOLUTE)

    Execution Region ER_IROM1 (Exec base: 0x08000000, Load base: 0x08000000, Size: 0x00005328, Max: 0x00100000, ABSOLUTE)

    Exec Addr    Load Addr    Size         Type   Attr      Idx    E Section Name        Object

    0x08000000   0x08000000   0x000002cc   Data   RO            3    RESET               startup_stm32h723xx.o
    0x080002cc   0x080002cc   0x00000008   Code   RO         6225  * !!!main             c_w.l(__main.o)
    0x080002d4   0x080002d4   0x00000034   Code   RO         6386    !!!scatter          c_w.l(__scatter.o)
    0x08000308   0x08000308   0x0000001a   Code   RO         6388    !!handler_copy      c_w.l(__scatter_copy.o)
    0x08000322   0x08000322   0x00000002   PAD
    0x08000324   0x08000324   0x0000001c   Code   RO         6390    !!handler_zi        c_w.l(__scatter_zi.o)
    0x08000340   0x08000340   0x00000002   Code   RO         6256    .ARM.Collect$$libinit$$00000000  c_w.l(libinit.o)
    0x08000342   0x08000342   0x00000004   Code   RO         6262    .ARM.Collect$$libinit$$00000001  c_w.l(libinit2.o)
    0x08000346   0x08000346   0x00000000   Code   RO         6265    .ARM.Collect$$libinit$$00000004  c_w.l(libinit2.o)
    0x08000346   0x08000346   0x00000000   Code   RO         6268    .ARM.Collect$$libinit$$0000000A  c_w.l(libinit2.o)
    0x08000346   0x08000346   0x00000000   Code   RO         6270    .ARM.Collect$$libinit$$0000000C  c_w.l(libinit2.o)
    0x08000346   0x08000346   0x00000000   Code   RO         6272    .ARM.Collect$$libinit$$0000000E  c_w.l(libinit2.o)
    0x08000346   0x08000346   0x00000000   Code   RO         6275    .ARM.Collect$$libinit$$00000011  c_w.l(libinit2.o)
    0x08000346   0x08000346   0x00000000   Code   RO         6277    .ARM.Collect$$libinit$$00000013  c_w.l(libinit2.o)
    0x08000346   0x08000346   0x00000000   Code   RO         6279    .ARM.Collect$$libinit$$00000015  c_w.l(libinit2.o)
    0x08000346   0x08000346   0x00000000   Code   RO         6281    .ARM.Collect$$libinit$$00000017  c_w.l(libinit2.o)
    0x08000346   0x08000346   0x00000000   Code   RO         6283    .ARM.Collect$$libinit$$00000019  c_w.l(libinit2.o)
    0x08000346   0x08000346   0x00000000   Code   RO         6285    .ARM.Collect$$libinit$$0000001B  c_w.l(libinit2.o)
    0x08000346   0x08000346   0x00000000   Code   RO         6287    .ARM.Collect$$libinit$$0000001D  c_w.l(libinit2.o)
    0x08000346   0x08000346   0x00000000   Code   RO         6289    .ARM.Collect$$libinit$$0000001F  c_w.l(libinit2.o)
    0x08000346   0x08000346   0x00000000   Code   RO         6291    .ARM.Collect$$libinit$$00000021  c_w.l(libinit2.o)
    0x08000346   0x08000346   0x00000000   Code   RO         6293    .ARM.Collect$$libinit$$00000023  c_w.l(libinit2.o)
    0x08000346   0x08000346   0x00000000   Code   RO         6295    .ARM.Collect$$libinit$$00000025  c_w.l(libinit2.o)
    0x08000346   0x08000346   0x00000000   Code   RO         6299    .ARM.Collect$$libinit$$0000002C  c_w.l(libinit2.o)
    0x08000346   0x08000346   0x00000000   Code   RO         6301    .ARM.Collect$$libinit$$0000002E  c_w.l(libinit2.o)
    0x08000346   0x08000346   0x00000000   Code   RO         6303    .ARM.Collect$$libinit$$00000030  c_w.l(libinit2.o)
    0x08000346   0x08000346   0x00000000   Code   RO         6305    .ARM.Collect$$libinit$$00000032  c_w.l(libinit2.o)
    0x08000346   0x08000346   0x00000002   Code   RO         6306    .ARM.Collect$$libinit$$00000033  c_w.l(libinit2.o)
    0x08000348   0x08000348   0x00000002   Code   RO         6326    .ARM.Collect$$libshutdown$$00000000  c_w.l(libshutdown.o)
    0x0800034a   0x0800034a   0x00000000   Code   RO         6339    .ARM.Collect$$libshutdown$$00000002  c_w.l(libshutdown2.o)
    0x0800034a   0x0800034a   0x00000000   Code   RO         6341    .ARM.Collect$$libshutdown$$00000004  c_w.l(libshutdown2.o)
    0x0800034a   0x0800034a   0x00000000   Code   RO         6344    .ARM.Collect$$libshutdown$$00000007  c_w.l(libshutdown2.o)
    0x0800034a   0x0800034a   0x00000000   Code   RO         6347    .ARM.Collect$$libshutdown$$0000000A  c_w.l(libshutdown2.o)
    0x0800034a   0x0800034a   0x00000000   Code   RO         6349    .ARM.Collect$$libshutdown$$0000000C  c_w.l(libshutdown2.o)
    0x0800034a   0x0800034a   0x00000000   Code   RO         6352    .ARM.Collect$$libshutdown$$0000000F  c_w.l(libshutdown2.o)
    0x0800034a   0x0800034a   0x00000002   Code   RO         6353    .ARM.Collect$$libshutdown$$00000010  c_w.l(libshutdown2.o)
    0x0800034c   0x0800034c   0x00000000   Code   RO         6227    .ARM.Collect$$rtentry$$00000000  c_w.l(__rtentry.o)
    0x0800034c   0x0800034c   0x00000000   Code   RO         6233    .ARM.Collect$$rtentry$$00000002  c_w.l(__rtentry2.o)
    0x0800034c   0x0800034c   0x00000006   Code   RO         6245    .ARM.Collect$$rtentry$$00000004  c_w.l(__rtentry4.o)
    0x08000352   0x08000352   0x00000000   Code   RO         6235    .ARM.Collect$$rtentry$$00000009  c_w.l(__rtentry2.o)
    0x08000352   0x08000352   0x00000004   Code   RO         6236    .ARM.Collect$$rtentry$$0000000A  c_w.l(__rtentry2.o)
    0x08000356   0x08000356   0x00000000   Code   RO         6238    .ARM.Collect$$rtentry$$0000000C  c_w.l(__rtentry2.o)
    0x08000356   0x08000356   0x00000008   Code   RO         6239    .ARM.Collect$$rtentry$$0000000D  c_w.l(__rtentry2.o)
    0x0800035e   0x0800035e   0x00000002   Code   RO         6260    .ARM.Collect$$rtexit$$00000000  c_w.l(rtexit.o)
    0x08000360   0x08000360   0x00000000   Code   RO         6308    .ARM.Collect$$rtexit$$00000002  c_w.l(rtexit2.o)
    0x08000360   0x08000360   0x00000004   Code   RO         6309    .ARM.Collect$$rtexit$$00000003  c_w.l(rtexit2.o)
    0x08000364   0x08000364   0x00000006   Code   RO         6310    .ARM.Collect$$rtexit$$00000004  c_w.l(rtexit2.o)
    0x0800036a   0x0800036a   0x00000002   PAD
    0x0800036c   0x0800036c   0x000000be   Code   RO         6108    .emb_text           port.o
    0x0800042a   0x0800042a   0x00000002   PAD
    0x0800042c   0x0800042c   0x00000040   Code   RO            4    .text               startup_stm32h723xx.o
    0x0800046c   0x0800046c   0x0000008a   Code   RO         6215    .text               c_w.l(rt_memcpy_v6.o)
    0x080004f6   0x080004f6   0x00000010   Code   RO         6219    .text               c_w.l(aeabi_memset.o)
    0x08000506   0x08000506   0x0000004e   Code   RO         6221    .text               c_w.l(rt_memclr_w.o)
    0x08000554   0x08000554   0x00000006   Code   RO         6223    .text               c_w.l(heapauxi.o)
    0x0800055a   0x0800055a   0x00000064   Code   RO         6228    .text               c_w.l(rt_memcpy_w.o)
    0x080005be   0x080005be   0x00000044   Code   RO         6230    .text               c_w.l(rt_memclr.o)
    0x08000602   0x08000602   0x0000004a   Code   RO         6247    .text               c_w.l(sys_stackheap_outer.o)
    0x0800064c   0x0800064c   0x00000012   Code   RO         6249    .text               c_w.l(exit.o)
    0x0800065e   0x0800065e   0x00000002   PAD
    0x08000660   0x08000660   0x00000008   Code   RO         6257    .text               c_w.l(libspace.o)
    0x08000668   0x08000668   0x0000000c   Code   RO         6318    .text               c_w.l(sys_exit.o)
    0x08000674   0x08000674   0x00000002   Code   RO         6329    .text               c_w.l(use_no_semi.o)
    0x08000676   0x08000676   0x00000000   Code   RO         6331    .text               c_w.l(indicate_semi.o)
    0x08000676   0x08000676   0x00000004   Code   RO          344    i.BusFault_Handler  stm32h7xx_it.o
    0x0800067a   0x0800067a   0x00000002   Code   RO          345    i.DebugMon_Handler  stm32h7xx_it.o
    0x0800067c   0x0800067c   0x00000006   Code   RO           13    i.Error_Handler     main.o
    0x08000682   0x08000682   0x00000002   PAD
    0x08000684   0x08000684   0x000001f0   Code   RO         1190    i.HAL_GPIO_Init     stm32h7xx_hal_gpio.o
    0x08000874   0x08000874   0x0000000c   Code   RO         1194    i.HAL_GPIO_WritePin  stm32h7xx_hal_gpio.o
    0x08000880   0x08000880   0x0000000c   Code   RO         2055    i.HAL_GetTick       stm32h7xx_hal.o
    0x0800088c   0x0800088c   0x00000018   Code   RO         2061    i.HAL_IncTick       stm32h7xx_hal.o
    0x080008a4   0x080008a4   0x00000060   Code   RO         2062    i.HAL_Init          stm32h7xx_hal.o
    0x08000904   0x08000904   0x00000094   Code   RO          432    i.HAL_InitTick      stm32h7xx_hal_timebase_tim.o
    0x08000998   0x08000998   0x0000005c   Code   RO          472    i.HAL_MPU_ConfigRegion  stm32h7xx_hal_cortex.o
    0x080009f4   0x080009f4   0x0000002c   Code   RO          473    i.HAL_MPU_Disable   stm32h7xx_hal_cortex.o
    0x08000a20   0x08000a20   0x00000040   Code   RO          474    i.HAL_MPU_Enable    stm32h7xx_hal_cortex.o
    0x08000a60   0x08000a60   0x00000030   Code   RO          408    i.HAL_MspInit       stm32h7xx_hal_msp.o
    0x08000a90   0x08000a90   0x00000028   Code   RO          477    i.HAL_NVIC_EnableIRQ  stm32h7xx_hal_cortex.o
    0x08000ab8   0x08000ab8   0x0000007a   Code   RO          483    i.HAL_NVIC_SetPriority  stm32h7xx_hal_cortex.o
    0x08000b32   0x08000b32   0x00000002   PAD
    0x08000b34   0x08000b34   0x00000028   Code   RO          484    i.HAL_NVIC_SetPriorityGrouping  stm32h7xx_hal_cortex.o
    0x08000b5c   0x08000b5c   0x00000060   Code   RO         1791    i.HAL_PWREx_ConfigSupply  stm32h7xx_hal_pwr_ex.o
    0x08000bbc   0x08000bbc   0x00000cc8   Code   RO          742    i.HAL_RCCEx_PeriphCLKConfig  stm32h7xx_hal_rcc_ex.o
    0x08001884   0x08001884   0x00000320   Code   RO          618    i.HAL_RCC_ClockConfig  stm32h7xx_hal_rcc.o
    0x08001ba4   0x08001ba4   0x0000006c   Code   RO          622    i.HAL_RCC_GetClockConfig  stm32h7xx_hal_rcc.o
    0x08001c10   0x08001c10   0x0000004c   Code   RO          623    i.HAL_RCC_GetHCLKFreq  stm32h7xx_hal_rcc.o
    0x08001c5c   0x08001c5c   0x00000024   Code   RO          626    i.HAL_RCC_GetPCLK2Freq  stm32h7xx_hal_rcc.o
    0x08001c80   0x08001c80   0x0000022c   Code   RO          627    i.HAL_RCC_GetSysClockFreq  stm32h7xx_hal_rcc.o
    0x08001eac   0x08001eac   0x0000075c   Code   RO          630    i.HAL_RCC_OscConfig  stm32h7xx_hal_rcc.o
    0x08002608   0x08002608   0x000001b0   Code   RO         2989    i.HAL_SPI_Init      stm32h7xx_hal_spi.o
    0x080027b8   0x080027b8   0x0000009c   Code   RO          303    i.HAL_SPI_MspInit   spi.o
    0x08002854   0x08002854   0x00000002   Code   RO         4039    i.HAL_TIMEx_Break2Callback  stm32h7xx_hal_tim_ex.o
    0x08002856   0x08002856   0x00000002   Code   RO         4040    i.HAL_TIMEx_BreakCallback  stm32h7xx_hal_tim_ex.o
    0x08002858   0x08002858   0x00000002   Code   RO         4041    i.HAL_TIMEx_CommutCallback  stm32h7xx_hal_tim_ex.o
    0x0800285a   0x0800285a   0x0000006e   Code   RO         3314    i.HAL_TIM_Base_Init  stm32h7xx_hal_tim.o
    0x080028c8   0x080028c8   0x00000002   Code   RO         3316    i.HAL_TIM_Base_MspInit  stm32h7xx_hal_tim.o
    0x080028ca   0x080028ca   0x00000002   PAD
    0x080028cc   0x080028cc   0x000000cc   Code   RO         3319    i.HAL_TIM_Base_Start_IT  stm32h7xx_hal_tim.o
    0x08002998   0x08002998   0x00000002   Code   RO         3348    i.HAL_TIM_IC_CaptureCallback  stm32h7xx_hal_tim.o
    0x0800299a   0x0800299a   0x000001b8   Code   RO         3362    i.HAL_TIM_IRQHandler  stm32h7xx_hal_tim.o
    0x08002b52   0x08002b52   0x00000002   Code   RO         3365    i.HAL_TIM_OC_DelayElapsedCallback  stm32h7xx_hal_tim.o
    0x08002b54   0x08002b54   0x00000002   Code   RO         3392    i.HAL_TIM_PWM_PulseFinishedCallback  stm32h7xx_hal_tim.o
    0x08002b56   0x08002b56   0x00000002   PAD
    0x08002b58   0x08002b58   0x00000018   Code   RO           14    i.HAL_TIM_PeriodElapsedCallback  main.o
    0x08002b70   0x08002b70   0x00000002   Code   RO         3405    i.HAL_TIM_TriggerCallback  stm32h7xx_hal_tim.o
    0x08002b72   0x08002b72   0x00000004   Code   RO          346    i.HardFault_Handler  stm32h7xx_it.o
    0x08002b76   0x08002b76   0x00000056   Code   RO           15    i.MPU_Config        main.o
    0x08002bcc   0x08002bcc   0x00000020   Code   RO          241    i.MX_FREERTOS_Init  freertos.o
    0x08002bec   0x08002bec   0x0000008c   Code   RO          217    i.MX_GPIO_Init      gpio.o
    0x08002c78   0x08002c78   0x00000060   Code   RO          304    i.MX_SPI6_Init      spi.o
    0x08002cd8   0x08002cd8   0x00000004   Code   RO          347    i.MemManage_Handler  stm32h7xx_it.o
    0x08002cdc   0x08002cdc   0x00000004   Code   RO          348    i.NMI_Handler       stm32h7xx_it.o
    0x08002ce0   0x08002ce0   0x00000164   Code   RO          745    i.RCCEx_PLL2_Config  stm32h7xx_hal_rcc_ex.o
    0x08002e44   0x08002e44   0x00000164   Code   RO          746    i.RCCEx_PLL3_Config  stm32h7xx_hal_rcc_ex.o
    0x08002fa8   0x08002fa8   0x0000001a   Code   RO         3020    i.SPI_GetPacketSize  stm32h7xx_hal_spi.o
    0x08002fc2   0x08002fc2   0x0000000a   Code   RO          242    i.StartDefaultTask  freertos.o
    0x08002fcc   0x08002fcc   0x00000016   Code   RO         5523    i.SysTick_Handler   cmsis_os2.o
    0x08002fe2   0x08002fe2   0x00000002   PAD
    0x08002fe4   0x08002fe4   0x000000bc   Code   RO           16    i.SystemClock_Config  main.o
    0x080030a0   0x080030a0   0x000000e0   Code   RO         4343    i.SystemInit        system_stm32h7xx.o
    0x08003180   0x08003180   0x00000010   Code   RO          349    i.TIM1_UP_IRQHandler  stm32h7xx_it.o
    0x08003190   0x08003190   0x000000e0   Code   RO         3407    i.TIM_Base_SetConfig  stm32h7xx_hal_tim.o
    0x08003270   0x08003270   0x00000004   Code   RO          350    i.UsageFault_Handler  stm32h7xx_it.o
    0x08003274   0x08003274   0x00000010   Code   RO          490    i.__NVIC_GetPriorityGrouping  stm32h7xx_hal_cortex.o
    0x08003284   0x08003284   0x00000028   Code   RO          491    i.__NVIC_SetPriority  stm32h7xx_hal_cortex.o
    0x080032ac   0x080032ac   0x00000006   Code   RO         5525    i.__get_IPSR        cmsis_os2.o
    0x080032b2   0x080032b2   0x00000024   Code   RO           17    i.main              main.o
    0x080032d6   0x080032d6   0x0000001e   Code   RO         5526    i.osDelay           cmsis_os2.o
    0x080032f4   0x080032f4   0x0000002c   Code   RO         5540    i.osKernelInitialize  cmsis_os2.o
    0x08003320   0x08003320   0x00000060   Code   RO         5543    i.osKernelStart     cmsis_os2.o
    0x08003380   0x08003380   0x000000b8   Code   RO         5585    i.osThreadNew       cmsis_os2.o
    0x08003438   0x08003438   0x0000007c   Code   RO         4960    i.prvAddCurrentTaskToDelayedList  tasks.o
    0x080034b4   0x080034b4   0x000000b8   Code   RO         4961    i.prvAddNewTaskToReadyList  tasks.o
    0x0800356c   0x0800356c   0x00000074   Code   RO         5336    i.prvCheckForValidListAndQueue  timers.o
    0x080035e0   0x080035e0   0x00000048   Code   RO         4962    i.prvCheckTasksWaitingTermination  tasks.o
    0x08003628   0x08003628   0x0000002a   Code   RO         4547    i.prvCopyDataFromQueue  queue.o
    0x08003652   0x08003652   0x0000007e   Code   RO         4548    i.prvCopyDataToQueue  queue.o
    0x080036d0   0x080036d0   0x00000050   Code   RO         4963    i.prvDeleteTCB      tasks.o
    0x08003720   0x08003720   0x00000028   Code   RO         5337    i.prvGetNextExpireTime  timers.o
    0x08003748   0x08003748   0x0000007c   Code   RO         6053    i.prvHeapInit       heap_4.o
    0x080037c4   0x080037c4   0x00000028   Code   RO         4964    i.prvIdleTask       tasks.o
    0x080037ec   0x080037ec   0x0000002a   Code   RO         4551    i.prvInitialiseNewQueue  queue.o
    0x08003816   0x08003816   0x000000be   Code   RO         4965    i.prvInitialiseNewTask  tasks.o
    0x080038d4   0x080038d4   0x00000068   Code   RO         4966    i.prvInitialiseTaskLists  tasks.o
    0x0800393c   0x0800393c   0x00000068   Code   RO         6054    i.prvInsertBlockIntoFreeList  heap_4.o
    0x080039a4   0x080039a4   0x00000058   Code   RO         5339    i.prvInsertTimerInActiveList  timers.o
    0x080039fc   0x080039fc   0x0000001a   Code   RO         4552    i.prvIsQueueEmpty   queue.o
    0x08003a16   0x08003a16   0x0000001e   Code   RO         4553    i.prvIsQueueFull    queue.o
    0x08003a34   0x08003a34   0x00000074   Code   RO         5340    i.prvProcessExpiredTimer  timers.o
    0x08003aa8   0x08003aa8   0x00000164   Code   RO         5341    i.prvProcessReceivedCommands  timers.o
    0x08003c0c   0x08003c0c   0x00000074   Code   RO         5342    i.prvProcessTimerOrBlockTask  timers.o
    0x08003c80   0x08003c80   0x00000034   Code   RO         4968    i.prvResetNextTaskUnblockTime  tasks.o
    0x08003cb4   0x08003cb4   0x0000002c   Code   RO         5343    i.prvSampleTimeNow  timers.o
    0x08003ce0   0x08003ce0   0x000000a4   Code   RO         5344    i.prvSwitchTimerLists  timers.o
    0x08003d84   0x08003d84   0x00000040   Code   RO         6109    i.prvTaskExitError  port.o
    0x08003dc4   0x08003dc4   0x0000001a   Code   RO         5345    i.prvTimerTask      timers.o
    0x08003dde   0x08003dde   0x0000007e   Code   RO         4554    i.prvUnlockQueue    queue.o
    0x08003e5c   0x08003e5c   0x0000014c   Code   RO         6055    i.pvPortMalloc      heap_4.o
    0x08003fa8   0x08003fa8   0x0000002c   Code   RO         6110    i.pxPortInitialiseStack  port.o
    0x08003fd4   0x08003fd4   0x00000028   Code   RO         4507    i.uxListRemove      list.o
    0x08003ffc   0x08003ffc   0x00000018   Code   RO         5597    i.vApplicationGetIdleTaskMemory  cmsis_os2.o
    0x08004014   0x08004014   0x00000018   Code   RO         5598    i.vApplicationGetTimerTaskMemory  cmsis_os2.o
    0x0800402c   0x0800402c   0x0000001a   Code   RO         4508    i.vListInitialise   list.o
    0x08004046   0x08004046   0x00000006   Code   RO         4509    i.vListInitialiseItem  list.o
    0x0800404c   0x0800404c   0x00000034   Code   RO         4510    i.vListInsert       list.o
    0x08004080   0x08004080   0x00000018   Code   RO         4511    i.vListInsertEnd    list.o
    0x08004098   0x08004098   0x00000054   Code   RO         6112    i.vPortEnterCritical  port.o
    0x080040ec   0x080040ec   0x0000003c   Code   RO         6113    i.vPortExitCritical  port.o
    0x08004128   0x08004128   0x000000a4   Code   RO         6056    i.vPortFree         heap_4.o
    0x080041cc   0x080041cc   0x00000028   Code   RO         6114    i.vPortSetupTimerInterrupt  port.o
    0x080041f4   0x080041f4   0x00000078   Code   RO         6115    i.vPortValidateInterruptPriority  port.o
    0x0800426c   0x0800426c   0x0000002c   Code   RO         4560    i.vQueueAddToRegistry  queue.o
    0x08004298   0x08004298   0x0000004a   Code   RO         4564    i.vQueueWaitForMessageRestricted  queue.o
    0x080042e2   0x080042e2   0x00000002   PAD
    0x080042e4   0x080042e4   0x0000005c   Code   RO         4981    i.vTaskDelay        tasks.o
    0x08004340   0x08004340   0x00000018   Code   RO         4986    i.vTaskInternalSetTimeOutState  tasks.o
    0x08004358   0x08004358   0x0000000c   Code   RO         4987    i.vTaskMissedYield  tasks.o
    0x08004364   0x08004364   0x00000038   Code   RO         4989    i.vTaskPlaceOnEventList  tasks.o
    0x0800439c   0x0800439c   0x00000040   Code   RO         4990    i.vTaskPlaceOnEventListRestricted  tasks.o
    0x080043dc   0x080043dc   0x000000b8   Code   RO         4998    i.vTaskStartScheduler  tasks.o
    0x08004494   0x08004494   0x00000010   Code   RO         5000    i.vTaskSuspendAll   tasks.o
    0x080044a4   0x080044a4   0x00000090   Code   RO         5001    i.vTaskSwitchContext  tasks.o
    0x08004534   0x08004534   0x00000168   Code   RO         6116    i.xPortStartScheduler  port.o
    0x0800469c   0x0800469c   0x00000034   Code   RO         6117    i.xPortSysTickHandler  port.o
    0x080046d0   0x080046d0   0x000000e0   Code   RO         4570    i.xQueueGenericCreateStatic  queue.o
    0x080047b0   0x080047b0   0x00000098   Code   RO         4571    i.xQueueGenericReset  queue.o
    0x08004848   0x08004848   0x000001a8   Code   RO         4572    i.xQueueGenericSend  queue.o
    0x080049f0   0x080049f0   0x000000fc   Code   RO         4573    i.xQueueGenericSendFromISR  queue.o
    0x08004aec   0x08004aec   0x00000168   Code   RO         4582    i.xQueueReceive     queue.o
    0x08004c54   0x08004c54   0x0000008c   Code   RO         5003    i.xTaskCheckForTimeOut  tasks.o
    0x08004ce0   0x08004ce0   0x00000064   Code   RO         5004    i.xTaskCreate       tasks.o
    0x08004d44   0x08004d44   0x000000ba   Code   RO         5005    i.xTaskCreateStatic  tasks.o
    0x08004dfe   0x08004dfe   0x00000002   PAD
    0x08004e00   0x08004e00   0x00000020   Code   RO         5009    i.xTaskGetSchedulerState  tasks.o
    0x08004e20   0x08004e20   0x0000000c   Code   RO         5010    i.xTaskGetTickCount  tasks.o
    0x08004e2c   0x08004e2c   0x00000144   Code   RO         5012    i.xTaskIncrementTick  tasks.o
    0x08004f70   0x08004f70   0x000000a4   Code   RO         5015    i.xTaskPriorityDisinherit  tasks.o
    0x08005014   0x08005014   0x00000098   Code   RO         5017    i.xTaskRemoveFromEventList  tasks.o
    0x080050ac   0x080050ac   0x00000104   Code   RO         5018    i.xTaskResumeAll    tasks.o
    0x080051b0   0x080051b0   0x00000078   Code   RO         5354    i.xTimerCreateTimerTask  timers.o
    0x08005228   0x08005228   0x00000084   Code   RO         5355    i.xTimerGenericCommand  timers.o
    0x080052ac   0x080052ac   0x0000000a   Code   RO         6316    x$fpl$fpinit        fz_wv.l(fpinit.o)
    0x080052b6   0x080052b6   0x00000002   PAD
    0x080052b8   0x080052b8   0x00000024   Data   RO          243    .constdata          freertos.o
    0x080052dc   0x080052dc   0x00000010   Data   RO         4344    .constdata          system_stm32h7xx.o
    0x080052ec   0x080052ec   0x0000000c   Data   RO          244    .conststring        freertos.o
    0x080052f8   0x080052f8   0x00000030   Data   RO         6384    Region$$Table       anon$$obj.o


    Execution Region RW_IRAM1 (Exec base: 0x20000000, Load base: 0x08005328, Size: 0x00003c00, Max: 0x00020000, ABSOLUTE)

    Exec Addr    Load Addr    Size         Type   Attr      Idx    E Section Name        Object

    0x20000000        -       0x00003c00   Zero   RW         6061    .bss                heap_4.o


    Execution Region RW_IRAM2 (Exec base: 0x24000000, Load base: 0x08005328, Size: 0x000018a0, Max: 0x00020000, ABSOLUTE)

    Exec Addr    Load Addr    Size         Type   Attr      Idx    E Section Name        Object

    0x24000000   0x08005328   0x00000004   Data   RW          245    .data               freertos.o
    0x24000004   0x0800532c   0x00000009   Data   RW         2086    .data               stm32h7xx_hal.o
    0x2400000d   0x08005335   0x00000003   PAD
    0x24000010   0x08005338   0x00000008   Data   RW         4345    .data               system_stm32h7xx.o
    0x24000018   0x08005340   0x0000003c   Data   RW         5021    .data               tasks.o
    0x24000054   0x0800537c   0x00000014   Data   RW         5363    .data               timers.o
    0x24000068   0x08005390   0x00000004   Data   RW         5600    .data               cmsis_os2.o
    0x2400006c   0x08005394   0x00000020   Data   RW         6062    .data               heap_4.o
    0x2400008c   0x080053b4   0x0000000c   Data   RW         6118    .data               port.o
    0x24000098        -       0x00000088   Zero   RW          305    .bss                spi.o
    0x24000120        -       0x0000004c   Zero   RW          435    .bss                stm32h7xx_hal_timebase_tim.o
    0x2400016c        -       0x00000040   Zero   RW         4586    .bss                queue.o
    0x240001ac        -       0x000004c4   Zero   RW         5020    .bss                tasks.o
    0x24000670        -       0x00000118   Zero   RW         5362    .bss                timers.o
    0x24000788        -       0x000006b8   Zero   RW         5599    .bss                cmsis_os2.o
    0x24000e40        -       0x00000060   Zero   RW         6258    .bss                c_w.l(libspace.o)
    0x24000ea0        -       0x00000200   Zero   RW            2    HEAP                startup_stm32h723xx.o
    0x240010a0        -       0x00000800   Zero   RW            1    STACK               startup_stm32h723xx.o


==============================================================================

Image component sizes


      Code (inc. data)   RO Data    RW Data    ZI Data      Debug   Object Name

       430         38          0          4       1720      70927   cmsis_os2.o
         0          0          0          0          0      19428   event_groups.o
        42         14         48          4          0       1809   freertos.o
       140          8          0          0          0       1035   gpio.o
       724         74          0         32      15360       4975   heap_4.o
       148          0          0          0          0       3686   list.o
       340         12          0          0          0    1182051   main.o
      1014         92          0         12          0      11773   port.o
      1922         20          0          0         64      17480   queue.o
       252         20          0          0        136       1849   spi.o
        64         26        716          0       2560        840   startup_stm32h723xx.o
       132         30          0          9          0      22322   stm32h7xx_hal.o
       458         38          0          0          0      41520   stm32h7xx_hal_cortex.o
       508         50          0          0          0       2216   stm32h7xx_hal_gpio.o
        48          6          0          0          0        934   stm32h7xx_hal_msp.o
        96          6          0          0          0        773   stm32h7xx_hal_pwr_ex.o
      3460        110          0          0          0       6998   stm32h7xx_hal_rcc.o
      3984         54          0          0          0       4672   stm32h7xx_hal_rcc_ex.o
       458         12          0          0          0       2179   stm32h7xx_hal_spi.o
       988         84          0          0          0       6650   stm32h7xx_hal_tim.o
         6          0          0          0          0       2336   stm32h7xx_hal_tim_ex.o
       148         20          0          0         76       1595   stm32h7xx_hal_timebase_tim.o
        38          6          0          0          0       3294   stm32h7xx_it.o
         0          0          0          0          0        408   stream_buffer.o
       224         32         16          8          0       1398   system_stm32h7xx.o
      2808        346          0         60       1220      27486   tasks.o
      1318        124          0         20        280      32943   timers.o

    ----------------------------------------------------------------------
     19766       1222        828        152      21416    1473577   Object Totals
         0          0         48          0          0          0   (incl. Generated)
        16          0          0          3          0          0   (incl. Padding)

    ----------------------------------------------------------------------

      Code (inc. data)   RO Data    RW Data    ZI Data      Debug   Library Member Name

         8          0          0          0          0         68   __main.o
         0          0          0          0          0          0   __rtentry.o
        12          0          0          0          0          0   __rtentry2.o
         6          0          0          0          0          0   __rtentry4.o
        52          8          0          0          0          0   __scatter.o
        26          0          0          0          0          0   __scatter_copy.o
        28          0          0          0          0          0   __scatter_zi.o
        16          0          0          0          0         68   aeabi_memset.o
        18          0          0          0          0         80   exit.o
         6          0          0          0          0        152   heapauxi.o
         0          0          0          0          0          0   indicate_semi.o
         2          0          0          0          0          0   libinit.o
         6          0          0          0          0          0   libinit2.o
         2          0          0          0          0          0   libshutdown.o
         2          0          0          0          0          0   libshutdown2.o
         8          4          0          0         96         68   libspace.o
        68          0          0          0          0         68   rt_memclr.o
        78          0          0          0          0         80   rt_memclr_w.o
       138          0          0          0          0         68   rt_memcpy_v6.o
       100          0          0          0          0         80   rt_memcpy_w.o
         2          0          0          0          0          0   rtexit.o
        10          0          0          0          0          0   rtexit2.o
        12          4          0          0          0         68   sys_exit.o
        74          0          0          0          0         80   sys_stackheap_outer.o
         2          0          0          0          0         68   use_no_semi.o
        10          0          0          0          0        116   fpinit.o

    ----------------------------------------------------------------------
       694         16          0          0         96       1064   Library Totals
         8          0          0          0          0          0   (incl. Padding)

    ----------------------------------------------------------------------

      Code (inc. data)   RO Data    RW Data    ZI Data      Debug   Library Name

       676         16          0          0         96        948   c_w.l
        10          0          0          0          0        116   fz_wv.l

    ----------------------------------------------------------------------
       694         16          0          0         96       1064   Library Totals

    ----------------------------------------------------------------------

==============================================================================


      Code (inc. data)   RO Data    RW Data    ZI Data      Debug   

     20460       1238        828        152      21512    1461625   Grand Totals
     20460       1238        828        152      21512    1461625   ELF Image Totals
     20460       1238        828        152          0          0   ROM Totals

==============================================================================

    Total RO  Size (Code + RO Data)                21288 (  20.79kB)
    Total RW  Size (RW Data + ZI Data)             21664 (  21.16kB)
    Total ROM Size (Code + RO Data + RW Data)      21440 (  20.94kB)

==============================================================================

